### Tue Oct  6 08:39:37 +03 2026 (boot)
### memory
               total        used        free      shared  buff/cache   available
Mem:            3477         396        3022          26         292        3080
Swap:           2047           0        2047
RAM used (total - free - buffers - cache): 162 MB
  RSS USER     COMMAND
107032 rayyan  labwc -V
45660 rayyan   sfwbar -f /etc/xdg/sfwbar/sfwbar.config
29572 rayyan   /usr/bin/wireplumber
10392 rayyan   pipewire
 7892 rayyan   /usr/bin/pipewire -c pipewire-pulse.conf
 7692 rayyan   swaybg -m fill -c #1b1d24 -i /usr/share/toros/wallpaper-dark.png
 6696 root     sshd: /usr/bin/sshd -D [listener] 0 of 10-100 startups
 5000 root     /usr/libexec/iwd -d
 4728 root     udevd
 4472 root     /usr/libexec/bluetooth/bluetoothd -n
 3980 rayyan   -bash
 3084 root     ps -eo rss,user,args --sort=-rss
 2724 rayyan   dbus-daemon --nofork --print-address 4 --session
 2704 dbus     dbus-daemon --system --nofork --nopidfile
 2464 root     login -- rayyan
 2324 root     agetty --noclear tty2 38400 linux
 2236 rayyan   swayidle -w timeout 600 wlopm --off \* resume wlopm --on \*
 2096 tpws     /opt/zapret/nfq/nfqws --user=tpws --dpi-desync-fwmark=0x40000000 --qnum=200 --dpi-desync=fake -
 1868 root     /usr/bin/seatd -g _seatd
 1828 root     /bin/sh /usr/lib/toros/hwlog boot
 1752 rayyan   /bin/sh /usr/bin/toros-session
 1748 root     acpid -f -l
 1640 root     vlogger -t seatd -p daemon
 1616 root     vlogger -t acpid -p daemon
### splash
splash: desktop up after 3.5 s; console hidden: yes; bar: 160x4 at 603,516 on a 1366x768 screen
### swap
NAME       ALGORITHM DISKSIZE DATA COMPR TOTAL STREAMS MOUNTPOINT
/dev/zram0 zstd            2G   4K   69B   20K         [SWAP]
vm.swappiness = 150
vm.page-cluster = 0
### rfkill
0: ideapad_wlan: Wireless LAN
	Soft blocked: no
	Hard blocked: no
1: ideapad_bluetooth: Bluetooth
	Soft blocked: no
	Hard blocked: no
2: hci0: Bluetooth
	Soft blocked: no
	Hard blocked: no
3: phy0: Wireless LAN
	Soft blocked: no
	Hard blocked: no
### usb
Bus 001 Device 001: ID 1d6b:0002 Linux Foundation 2.0 root hub
Bus 001 Device 002: ID 0489:e0cd Foxconn / Hon Hai Wireless_Device
Bus 001 Device 003: ID 046d:c534 Logitech, Inc. Unifying Receiver
Bus 001 Device 004: ID 04f2:b78e Chicony Electronics Co., Ltd Integrated Camera
Bus 002 Device 001: ID 1d6b:0003 Linux Foundation 3.0 root hub
### bluetooth
Controller 02:00:00:00:00:02 (public)
	Manufacturer: 0x0046 (70)
	Version: 0x0c (12)
	Name: BlueZ 5.86
	Alias: BlueZ 5.86
	Class: 0x006c010c (7078156)
	Powered: yes
	PowerState: on
	Discoverable: no
	DiscoverableTimeout: 0x000000b4 (180)
	Pairable: yes
	UUID: A/V Remote Control        (0000110e-0000-1000-8000-00805f9b34fb)
	UUID: Handsfree Audio Gateway   (0000111f-0000-1000-8000-00805f9b34fb)
	UUID: PnP Information           (00001200-0000-1000-8000-00805f9b34fb)
	UUID: Audio Sink                (0000110b-0000-1000-8000-00805f9b34fb)
	UUID: Audio Source              (0000110a-0000-1000-8000-00805f9b34fb)
	UUID: A/V Remote Control Target (0000110c-0000-1000-8000-00805f9b34fb)
	UUID: Generic Access Profile    (00001800-0000-1000-8000-00805f9b34fb)
	UUID: Generic Attribute Profile (00001801-0000-1000-8000-00805f9b34fb)
	UUID: Device Information        (0000180a-0000-1000-8000-00805f9b34fb)
	UUID: Vendor specific           (03b80e5a-ede8-4b33-a751-6ce34ec4c700)
	UUID: Handsfree                 (0000111e-0000-1000-8000-00805f9b34fb)
	Modalias: usb:v1D6Bp0246d0556
	Discovering: no
	Roles: central
	Roles: peripheral
Advertising Features:
	ActiveInstances: 0x00 (0)
	SupportedInstances: 0x14 (20)
	SupportedIncludes: tx-power
	SupportedIncludes: appearance
	SupportedIncludes: local-name
	SupportedSecondaryChannels: 1M
	SupportedSecondaryChannels: 2M
	SupportedSecondaryChannels: Coded
	SupportedCapabilities.MinTxPower: 0xfffffff2 (-14)
	SupportedCapabilities.MaxTxPower: 0x000d (13)
	SupportedCapabilities.MaxAdvLen: 0xfb (251)
	SupportedCapabilities.MaxScnRspLen: 0xfb (251)
	SupportedFeatures: CanSetTxPower
	SupportedFeatures: HardwareOffload
Device 02:00:00:00:02:01 R-Phonak işitme cihazı
### services
run: /var/service/acpid: (pid 208) 25s; run: log: (pid 207) 25s
run: /var/service/agetty-tty1: (pid 204) 25s
run: /var/service/agetty-tty2: (pid 224) 25s
run: /var/service/bluetoothd: (pid 210) 25s; run: log: (pid 209) 25s
run: /var/service/dbus: (pid 219) 25s; run: log: (pid 218) 25s
run: /var/service/iwd: (pid 217) 25s; run: log: (pid 211) 25s
run: /var/service/seatd: (pid 222) 25s; run: log: (pid 220) 25s
run: /var/service/sshd: (pid 216) 25s; run: log: (pid 215) 25s
run: /var/service/udevd: (pid 213) 25s; run: log: (pid 212) 25s
run: /var/service/zapret: (pid 205) 25s
### network
lo               UNKNOWN        127.0.0.1/8 ::1/128 
wlan0            UP             192.168.1.60/24 2001:db8::1/128 fe80::1/64 
### modules
rfcomm                102400  4
snd_sof_pci_intel_apl    12288  0
snd_sof_intel_hda_generic    32768  1 snd_sof_pci_intel_apl
snd_sof_pci            24576  2 snd_sof_intel_hda_generic,snd_sof_pci_intel_apl
snd_sof_xtensa_dsp     16384  1 snd_sof_intel_hda_generic
snd_sof_intel_hda_common   163840  2 snd_sof_intel_hda_generic,snd_sof_pci_intel_apl
snd_sof_intel_hda      20480  2 snd_sof_intel_hda_common,snd_sof_intel_hda_generic
snd_sof               446464  4 snd_sof_pci,snd_sof_intel_hda_common,snd_sof_intel_hda_generic,snd_sof_intel_hda
snd_sof_utils          16384  1 snd_sof
bnep                   32768  2
mt7921e                24576  0
snd_sof_intel_hda_mlink    36864  2 snd_sof_intel_hda_common,snd_sof_intel_hda_generic
mt7921_common          94208  1 mt7921e
mt792x_lib             61440  2 mt7921e,mt7921_common
btusb                  81920  0
btrtl                  32768  1 btusb
btintel                73728  1 btusb
btbcm                  24576  1 btusb
btmtk                  32768  1 btusb
bluetooth            1110016  34 btrtl,btmtk,btintel,btbcm,bnep,btusb,rfcomm
ideapad_laptop         53248  0
### kernel log
[    0.000000] Linux version 6.18.55-toros (root@bc663c4f2a72) (gcc (GCC) 14.2.1 20250405, GNU ld (GNU Binutils) 2.44) #1 SMP PREEMPT Tue Oct  6 04:45:27 UTC 2026
[    0.000000] Command line: 
[    0.000000] BIOS-provided physical RAM map:
[    0.000000] BIOS-e820: [mem 0x0000000000000000-0x0000000000000fff] reserved
[    0.000000] BIOS-e820: [mem 0x0000000000001000-0x0000000000057fff] usable
[    0.000000] BIOS-e820: [mem 0x0000000000058000-0x0000000000058fff] reserved
[    0.000000] BIOS-e820: [mem 0x0000000000059000-0x0000000000085fff] usable
[    0.000000] BIOS-e820: [mem 0x0000000000086000-0x00000000000fffff] reserved
[    0.000000] BIOS-e820: [mem 0x0000000000100000-0x000000000fffffff] usable
[    0.000000] BIOS-e820: [mem 0x0000000010000000-0x0000000012150fff] reserved
[    0.000000] BIOS-e820: [mem 0x0000000012151000-0x000000006407efff] usable
[    0.000000] BIOS-e820: [mem 0x000000006407f000-0x000000006752efff] reserved
[    0.000000] BIOS-e820: [mem 0x000000006752f000-0x000000006758efff] ACPI NVS
[    0.000000] BIOS-e820: [mem 0x000000006758f000-0x00000000675cefff] ACPI data
[    0.000000] BIOS-e820: [mem 0x00000000675cf000-0x0000000068c8dfff] usable
[    0.000000] BIOS-e820: [mem 0x0000000068c8e000-0x000000006958dfff] reserved
[    0.000000] BIOS-e820: [mem 0x000000006958e000-0x0000000069bfffff] usable
[    0.000000] BIOS-e820: [mem 0x0000000069c00000-0x000000007fffffff] reserved
[    0.000000] BIOS-e820: [mem 0x00000000d3709000-0x00000000d3709fff] reserved
[    0.000000] BIOS-e820: [mem 0x00000000e0000000-0x00000000e3ffffff] reserved
[    0.000000] BIOS-e820: [mem 0x00000000fed01000-0x00000000fed01fff] reserved
[    0.000000] BIOS-e820: [mem 0x00000000ff800000-0x00000000ffffffff] reserved
[    0.000000] BIOS-e820: [mem 0x0000000100000000-0x000000017fffffff] usable
[    0.000000] NX (Execute Disable) protection: active
[    0.000000] APIC: Static calls initialized
[    0.000000] efi: EFI v2.6 by INSYDE Corp.
[    0.000000] efi: ACPI=0x675ce000 ACPI 2.0=0x675ce014 SMBIOS=0x640ce000 SMBIOS 3.0=0x640cc000 ESRT=0x62214798 RNG=0x675a2018 
[    0.000000] random: crng init done
[    0.000000] efi: Not removing mem48: MMIO range=[0xd3709000-0xd3709fff] (4KB) from e820 map
[    0.000000] efi: Remove mem49: MMIO range=[0xe0000000-0xe3ffffff] (64MB) from e820 map
[    0.000000] e820: remove [mem 0xe0000000-0xe3ffffff] reserved
[    0.000000] efi: Not removing mem50: MMIO range=[0xfed01000-0xfed01fff] (4KB) from e820 map
[    0.000000] efi: Remove mem51: MMIO range=[0xff800000-0xffffffff] (8MB) from e820 map
[    0.000000] e820: remove [mem 0xff800000-0xffffffff] reserved
[    0.000000] SMBIOS 3.0.1 present.
[    0.000000] DMI: LENOVO 82V6/LNVNB161216, BIOS KKCN10WW 04/14/2022
[    0.000000] DMI: Memory slots populated: 1/1
[    0.000000] tsc: Detected 1094.400 MHz processor
[    0.000032] e820: update [mem 0x00000000-0x00000fff] usable ==> reserved
[    0.000039] e820: remove [mem 0x000a0000-0x000fffff] usable
[    0.000063] last_pfn = 0x180000 max_arch_pfn = 0x400000000
[    0.000079] MTRR map: 8 entries (3 fixed + 5 variable; max 23), built from 10 variable MTRRs
[    0.000084] x86/PAT: Configuration [0-7]: WB  WC  UC- UC  WB  WP  UC- WT  
[    0.000166] last_pfn = 0x69c00 max_arch_pfn = 0x400000000
[    0.009698] esrt: Reserving ESRT space from 0x0000000062214798 to 0x00000000622147f8.
[    0.009713] e820: update [mem 0x62214000-0x62214fff] usable ==> reserved
[    0.009758] Using GB pages for direct mapping
[    0.011802] Secure boot disabled
[    0.011807] ACPI: Early table checksum verification disabled
[    0.011813] ACPI: RSDP 0x00000000675CE014 000024 (v02 LENOVO)
[    0.011824] ACPI: XSDT 0x00000000675AB188 0000F4 (v01 LENOVO CB-01    00000001      01000013)
[    0.011837] ACPI: FACP 0x00000000675C6000 000114 (v06 LENOVO CB-01    00000001 ACPI 00040000)
[    0.011850] ACPI: DSDT 0x00000000675B2000 00C908 (v02 LENOVO CB-01    00000001 ACPI 00040000)
[    0.011859] ACPI: FACS 0x0000000067589000 000040
[    0.011865] ACPI: FACS 0x0000000067589000 000040
[    0.011871] ACPI: UEFI 0x00000000675CD000 000236 (v01 LENOVO CB-01    00000001 ACPI 00040000)
[    0.011878] ACPI: UEFI 0x00000000675CC000 000042 (v01 LENOVO CB-01    00000001 ACPI 00040000)
[    0.011886] ACPI: MSDM 0x00000000675CB000 000055 (v03 LENOVO CB-01    00000001 ACPI 00040000)
[    0.011894] ACPI: BDAT 0x00000000675CA000 000030 (v02 LENOVO CB-01    00000001 ACPI 00040000)
[    0.011902] ACPI: HPET 0x00000000675C5000 000038 (v01 LENOVO CB-01    00000001 ACPI 00040000)
[    0.011909] ACPI: LPIT 0x00000000675C4000 00005C (v01 LENOVO CB-01    00000001 ACPI 00040000)
[    0.011916] ACPI: APIC 0x00000000675C3000 000084 (v03 LENOVO CB-01    00000001 ACPI 00040000)
[    0.011924] ACPI: MCFG 0x00000000675C2000 00003C (v01 LENOVO CB-01    00000001 ACPI 00040000)
[    0.011931] ACPI: NPKT 0x00000000675C1000 000065 (v01 LENOVO CB-01    00000001 ACPI 00040000)
[    0.011939] ACPI: PRAM 0x00000000675C0000 000030 (v01 LENOVO CB-01    00000001 ACPI 00040000)
[    0.011946] ACPI: WSMT 0x00000000675BF000 000028 (v01 LENOVO CB-01    00000001 ACPI 00040000)
[    0.011953] ACPI: SSDT 0x00000000675B0000 0016F6 (v02 LENOVO CB-01    00000001 ACPI 00040000)
[    0.011961] ACPI: SSDT 0x00000000675AF000 0008B1 (v01 LENOVO CB-01    00000001 ACPI 00040000)
[    0.011968] ACPI: SSDT 0x00000000675AE000 00047B (v02 LENOVO CB-01    00000001 ACPI 00040000)
[    0.011975] ACPI: SSDT 0x00000000675AD000 00072B (v02 LENOVO CB-01    00000001 ACPI 00040000)
[    0.011982] ACPI: SSDT 0x00000000675AC000 00032D (v02 LENOVO CB-01    00000001 ACPI 00040000)
[    0.011990] ACPI: SSDT 0x00000000675AA000 00017C (v02 LENOVO CB-01    00000001 ACPI 00040000)
[    0.011997] ACPI: SSDT 0x00000000675A7000 0027A5 (v02 LENOVO CB-01    00000001 ACPI 00040000)
[    0.012004] ACPI: SSDT 0x00000000675A6000 00005C (v02 LENOVO CB-01    00000001 ACPI 00040000)
[    0.012012] ACPI: FPDT 0x00000000675A5000 000044 (v01 LENOVO CB-01    00000001 ACPI 00040000)
[    0.012019] ACPI: BGRT 0x00000000675A4000 000038 (v01 LENOVO CB-01    00000001 ACPI 00040000)
[    0.012026] ACPI: DBGP 0x00000000675C8000 000034 (v01 LENOVO CB-01    00000001 ACPI 00040000)
[    0.012033] ACPI: DBG2 0x00000000675C9000 000072 (v00 LENOVO CB-01    00000001 ACPI 00040000)
[    0.012041] ACPI: DMAR 0x00000000675C7000 0000A8 (v01 LENOVO CB-01    00000001 ACPI 00040000)
[    0.012048] ACPI: WDAT 0x00000000675A3000 000104 (v01 LENOVO CB-01    00000001 ACPI 00040000)
[    0.012054] ACPI: Reserving FACP table memory at [mem 0x675c6000-0x675c6113]
[    0.012058] ACPI: Reserving DSDT table memory at [mem 0x675b2000-0x675be907]
[    0.012061] ACPI: Reserving FACS table memory at [mem 0x67589000-0x6758903f]
[    0.012064] ACPI: Reserving FACS table memory at [mem 0x67589000-0x6758903f]
[    0.012066] ACPI: Reserving UEFI table memory at [mem 0x675cd000-0x675cd235]
[    0.012069] ACPI: Reserving UEFI table memory at [mem 0x675cc000-0x675cc041]
[    0.012071] ACPI: Reserving MSDM table memory at [mem 0x675cb000-0x675cb054]
[    0.012074] ACPI: Reserving BDAT table memory at [mem 0x675ca000-0x675ca02f]
[    0.012076] ACPI: Reserving HPET table memory at [mem 0x675c5000-0x675c5037]
[    0.012081] ACPI: Reserving LPIT table memory at [mem 0x675c4000-0x675c405b]
[    0.012083] ACPI: Reserving APIC table memory at [mem 0x675c3000-0x675c3083]
[    0.012086] ACPI: Reserving MCFG table memory at [mem 0x675c2000-0x675c203b]
[    0.012088] ACPI: Reserving NPKT table memory at [mem 0x675c1000-0x675c1064]
[    0.012091] ACPI: Reserving PRAM table memory at [mem 0x675c0000-0x675c002f]
[    0.012093] ACPI: Reserving WSMT table memory at [mem 0x675bf000-0x675bf027]
[    0.012096] ACPI: Reserving SSDT table memory at [mem 0x675b0000-0x675b16f5]
[    0.012098] ACPI: Reserving SSDT table memory at [mem 0x675af000-0x675af8b0]
[    0.012101] ACPI: Reserving SSDT table memory at [mem 0x675ae000-0x675ae47a]
[    0.012103] ACPI: Reserving SSDT table memory at [mem 0x675ad000-0x675ad72a]
[    0.012106] ACPI: Reserving SSDT table memory at [mem 0x675ac000-0x675ac32c]
[    0.012109] ACPI: Reserving SSDT table memory at [mem 0x675aa000-0x675aa17b]
[    0.012111] ACPI: Reserving SSDT table memory at [mem 0x675a7000-0x675a97a4]
[    0.012114] ACPI: Reserving SSDT table memory at [mem 0x675a6000-0x675a605b]
[    0.012116] ACPI: Reserving FPDT table memory at [mem 0x675a5000-0x675a5043]
[    0.012119] ACPI: Reserving BGRT table memory at [mem 0x675a4000-0x675a4037]
[    0.012121] ACPI: Reserving DBGP table memory at [mem 0x675c8000-0x675c8033]
[    0.012124] ACPI: Reserving DBG2 table memory at [mem 0x675c9000-0x675c9071]
[    0.012127] ACPI: Reserving DMAR table memory at [mem 0x675c7000-0x675c70a7]
[    0.012129] ACPI: Reserving WDAT table memory at [mem 0x675a3000-0x675a3103]
[    0.012203] Zone ranges:
[    0.012206]   DMA      [mem 0x0000000000001000-0x0000000000ffffff]
[    0.012211]   DMA32    [mem 0x0000000001000000-0x00000000ffffffff]
[    0.012215]   Normal   [mem 0x0000000100000000-0x000000017fffffff]
[    0.012219]   Device   empty
[    0.012222] Movable zone start for each node
[    0.012224] Early memory node ranges
[    0.012225]   node   0: [mem 0x0000000000001000-0x0000000000057fff]
[    0.012229]   node   0: [mem 0x0000000000059000-0x0000000000085fff]
[    0.012232]   node   0: [mem 0x0000000000100000-0x000000000fffffff]
[    0.012235]   node   0: [mem 0x0000000012151000-0x000000006407efff]
[    0.012238]   node   0: [mem 0x00000000675cf000-0x0000000068c8dfff]
[    0.012241]   node   0: [mem 0x000000006958e000-0x0000000069bfffff]
[    0.012243]   node   0: [mem 0x0000000100000000-0x000000017fffffff]
[    0.012247] Initmem setup node 0 [mem 0x0000000000001000-0x000000017fffffff]
[    0.012262] On node 0, zone DMA: 1 pages in unavailable ranges
[    0.012266] On node 0, zone DMA: 1 pages in unavailable ranges
[    0.012332] On node 0, zone DMA: 122 pages in unavailable ranges
[    0.019647] On node 0, zone DMA32: 8529 pages in unavailable ranges
[    0.020036] On node 0, zone DMA32: 13648 pages in unavailable ranges
[    0.020113] On node 0, zone DMA32: 2304 pages in unavailable ranges
[    0.029880] On node 0, zone Normal: 25600 pages in unavailable ranges
[    0.029913] Reserving Intel graphics memory at [mem 0x7c000000-0x7fffffff]
[    0.030227] ACPI: PM-Timer IO Port: 0x408
[    0.030247] ACPI: LAPIC_NMI (acpi_id[0x01] high level lint[0x1])
[    0.030251] ACPI: LAPIC_NMI (acpi_id[0x02] high level lint[0x1])
[    0.030254] ACPI: LAPIC_NMI (acpi_id[0x03] high level lint[0x1])
[    0.030256] ACPI: LAPIC_NMI (acpi_id[0x04] high level lint[0x1])
[    0.030294] IOAPIC[0]: apic_id 1, version 32, address 0xfec00000, GSI 0-119
[    0.030301] ACPI: INT_SRC_OVR (bus 0 bus_irq 0 global_irq 2 dfl dfl)
[    0.030306] ACPI: INT_SRC_OVR (bus 0 bus_irq 9 global_irq 9 low level)
[    0.030316] ACPI: Using ACPI (MADT) for SMP configuration information
[    0.030319] ACPI: HPET id: 0x8086a701 base: 0xfed00000
[    0.030340] e820: update [mem 0x6168c000-0x61707fff] usable ==> reserved
[    0.030376] TSC deadline timer available
[    0.030395] CPU topo: Max. logical packages:   1
[    0.030397] CPU topo: Max. logical dies:       1
[    0.030399] CPU topo: Max. dies per package:   1
[    0.030416] CPU topo: Max. threads per core:   1
[    0.030418] CPU topo: Num. cores per package:     2
[    0.030420] CPU topo: Num. threads per package:   2
[    0.030422] CPU topo: Allowing 2 present CPUs plus 0 hotplug CPUs
[    0.030470] [mem 0x80000000-0xd3708fff] available for PCI devices
[    0.030475] Booting paravirtualized kernel on bare hardware
[    0.030480] clocksource: refined-jiffies: mask: 0xffffffff max_cycles: 0xffffffff, max_idle_ns: 1910969940391419 ns
[    0.048212] setup_percpu: NR_CPUS:4 nr_cpumask_bits:2 nr_cpu_ids:2 nr_node_ids:1
[    0.048856] percpu: Embedded 51 pages/cpu s172032 r8192 d28672 u1048576
[    0.048875] pcpu-alloc: s172032 r8192 d28672 u1048576 alloc=1*2097152
[    0.048882] pcpu-alloc: [0] 0 1 
[    0.048925] Kernel command line: root=PARTLABEL=torOS rootfstype=ext4 rootwait usb-storage.delay_use=0 rw quiet loglevel=0 net.ifnames=0 vt.global_cursor_default=0 fbcon=logo-pos:center,logo-count:1 
[    0.049321] printk: log buffer data + meta data: 524288 + 1835008 = 2359296 bytes
[    0.050411] Dentry cache hash table entries: 524288 (order: 10, 4194304 bytes, linear)
[    0.050975] Inode-cache hash table entries: 262144 (order: 9, 2097152 bytes, linear)
[    0.051081] software IO TLB: area num 2.
[    0.087742] Built 1 zonelists, mobility grouping on.  Total pages: 932835
[    0.087772] mem auto-init: stack:all(zero), heap alloc:on, heap free:off
[    0.117099] SLUB: HWalign=64, Order=0-3, MinObjects=0, CPUs=2, Nodes=1
[    0.117331] rcu: Preemptible hierarchical RCU implementation.
[    0.117334] rcu: 	RCU restricting CPUs from NR_CPUS=4 to nr_cpu_ids=2.
[    0.117337] 	Trampoline variant of Tasks RCU enabled.
[    0.117340] 	Tracing variant of Tasks RCU enabled.
[    0.117342] rcu: RCU calculated value of scheduler-enlistment delay is 100 jiffies.
[    0.117344] rcu: Adjusting geometry for rcu_fanout_leaf=16, nr_cpu_ids=2
[    0.117363] RCU Tasks: Setting shift to 1 and lim to 1 rcu_task_cb_adjust=1 rcu_task_cpu_ids=2.
[    0.117368] RCU Tasks Trace: Setting shift to 1 and lim to 1 rcu_task_cb_adjust=1 rcu_task_cpu_ids=2.
[    0.117384] NR_IRQS: 4352, nr_irqs: 512, preallocated irqs: 16
[    0.117758] rcu: srcu_init: Setting srcu_struct sizes based on contention.
[    0.117913] clocksource: jiffies: mask: 0xffffffff max_cycles: 0xffffffff, max_idle_ns: 1911260446275000 ns
[    0.118061] Console: colour dummy device 80x25
[    0.118069] printk: legacy console [tty0] enabled
[    0.118166] ACPI: Core revision 20250807
[    0.118777] clocksource: hpet: mask: 0xffffffff max_cycles: 0xffffffff, max_idle_ns: 99544814920 ns
[    0.118900] APIC: Switch to symmetric I/O mode setup
[    0.118908] DMAR: Host address width 39
[    0.118912] DMAR: DRHD base: 0x000000fed64000 flags: 0x0
[    0.118929] DMAR: dmar0: reg_base_addr fed64000 ver 1:0 cap 1c0000c40660462 ecap 9e2ff0505e
[    0.118937] DMAR: DRHD base: 0x000000fed65000 flags: 0x1
[    0.118951] DMAR: dmar1: reg_base_addr fed65000 ver 1:0 cap d2008c40660462 ecap f050da
[    0.118959] DMAR: RMRR base: 0x00000067470000 end: 0x0000006748ffff
[    0.118965] DMAR: RMRR base: 0x0000007b800000 end: 0x0000007fffffff
[    0.118971] DMAR-IR: IOAPIC id 1 under DRHD base  0xfed65000 IOMMU 1
[    0.118976] DMAR-IR: HPET id 0 under DRHD base 0xfed65000
[    0.118980] DMAR-IR: Queued invalidation will be enabled to support x2apic and Intr-remapping.
[    0.121594] DMAR-IR: Enabled IRQ remapping in x2apic mode
[    0.121603] x2apic enabled
[    0.121770] APIC: Switched APIC routing to: cluster x2apic
[    0.126377] ..TIMER: vector=0x30 apic1=0 pin1=2 apic2=-1 pin2=-1
[    0.130840] clocksource: tsc-early: mask: 0xffffffffffffffff max_cycles: 0xfc66f4fc7c, max_idle_ns: 440795224246 ns
[    0.130861] Calibrating delay loop (skipped), value calculated using timer frequency.. 2188.80 BogoMIPS (lpj=1094400)
[    0.130975] CPU0: Thermal monitoring enabled (TM1)
[    0.130982] x86/cpu: User Mode Instruction Prevention (UMIP) activated
[    0.131110] Last level iTLB entries: 4KB 0, 2MB 0, 4MB 0
[    0.131115] Last level dTLB entries: 4KB 0, 2MB 0, 4MB 0, 1GB 0
[    0.131127] process: using mwait in idle threads
[    0.131133] mitigations: Enabled attack vectors: user_kernel, user_user, SMT mitigations: auto
[    0.131145] Speculative Store Bypass: Mitigation: Speculative Store Bypass disabled via prctl
[    0.131150] Spectre V2 : Mitigation: Enhanced / Automatic IBRS
[    0.131154] Register File Data Sampling: Mitigation: Clear Register File
[    0.131158] Spectre V1 : Mitigation: usercopy/swapgs barriers and __user pointer sanitization
[    0.131172] Spectre V2 : Enabling IBPB for BPF
[    0.131179] Spectre V2 : mitigation: Enabling conditional Indirect Branch Prediction Barrier
[    0.131194] x86/fpu: Supporting XSAVE feature 0x001: 'x87 floating point registers'
[    0.131200] x86/fpu: Supporting XSAVE feature 0x002: 'SSE registers'
[    0.131203] x86/fpu: Supporting XSAVE feature 0x008: 'MPX bounds registers'
[    0.131207] x86/fpu: Supporting XSAVE feature 0x010: 'MPX CSR'
[    0.131212] x86/fpu: xstate_offset[3]:  576, xstate_sizes[3]:   64
[    0.131216] x86/fpu: xstate_offset[4]:  640, xstate_sizes[4]:   64
[    0.131221] x86/fpu: Enabled xstate features 0x1b, context size is 704 bytes, using 'compacted' format.
[    0.199896] Freeing SMP alternatives memory: 48K
[    0.199911] pid_max: default: 32768 minimum: 301
[    0.200036] LSM: initializing lsm=capability,landlock,yama
[    0.200198] landlock: Up and running.
[    0.200202] Yama: becoming mindful.
[    0.200291] Mount-cache hash table entries: 8192 (order: 4, 65536 bytes, linear)
[    0.200326] Mountpoint-cache hash table entries: 8192 (order: 4, 65536 bytes, linear)
[    0.201917] smpboot: CPU0: Intel(R) Celeron(R) N4020 CPU @ 1.10GHz (family: 0x6, model: 0x7a, stepping: 0x8)
[    0.202596] Performance Events: PEBS fmt3+, Goldmont plus events, 32-deep LBR, full-width counters, Intel PMU driver.
[    0.202657] ... version:                   4
[    0.202660] ... bit width:                 48
[    0.202663] ... generic counters:          4
[    0.202666] ... generic bitmap:            000000000000000f
[    0.202669] ... fixed-purpose counters:    3
[    0.202672] ... fixed-purpose bitmap:      0000000000000007
[    0.202675] ... value mask:                0000ffffffffffff
[    0.202678] ... max period:                00007fffffffffff
[    0.202681] ... global_ctrl mask:          000000070000000f
[    0.203018] signal: max sigframe size: 2032
[    0.203058] Estimated ratio of average max frequency by base frequency (times 1024): 2606
[    0.203281] rcu: Hierarchical SRCU implementation.
[    0.203287] rcu: 	Max phase no-delay instances is 400.
[    0.203458] Timer migration: 1 hierarchy levels; 8 children per group; 1 crossnode level
[    0.204095] NMI watchdog: Enabled. Permanently consumes one hw-PMU counter.
[    0.204212] smp: Bringing up secondary CPUs ...
[    0.204551] smpboot: x86: Booting SMP configuration:
[    0.204556] .... node  #0, CPUs:      #1
[    0.207033] smp: Brought up 1 node, 2 CPUs
[    0.207033] smpboot: Total of 2 processors activated (4377.60 BogoMIPS)
[    0.207167] Memory: 3486944K/3731340K available (17520K kernel code, 2607K rwdata, 7876K rodata, 2692K init, 3912K bss, 236032K reserved, 0K cma-reserved)
[    0.208139] devtmpfs: initialized
[    0.208139] x86/mm: Memory block size: 128MB
[    0.210094] ACPI: PM: Registering ACPI NVS region [mem 0x6752f000-0x6758efff] (393216 bytes)
[    0.210235] posixtimers hash table entries: 1024 (order: 2, 16384 bytes, linear)
[    0.210235] futex hash table entries: 512 (32768 bytes on 1 NUMA nodes, total 32 KiB, linear).
[    0.210235] pinctrl core: initialized pinctrl subsystem
[    0.211237] PM: RTC time: 05:39:10, date: 2026-10-06
[    0.212900] NET: Registered PF_NETLINK/PF_ROUTE protocol family
[    0.213486] DMA: preallocated 512 KiB GFP_KERNEL pool for atomic allocations
[    0.213622] DMA: preallocated 512 KiB GFP_KERNEL|GFP_DMA pool for atomic allocations
[    0.213756] DMA: preallocated 512 KiB GFP_KERNEL|GFP_DMA32 pool for atomic allocations
[    0.214078] thermal_sys: Registered thermal governor 'bang_bang'
[    0.214083] thermal_sys: Registered thermal governor 'step_wise'
[    0.214087] thermal_sys: Registered thermal governor 'user_space'
[    0.214090] thermal_sys: Registered thermal governor 'power_allocator'
[    0.214125] cpuidle: using governor ladder
[    0.214125] cpuidle: using governor menu
[    0.222052] efi: Freeing EFI boot services memory: 59576K
[    0.222062] ACPI FADT declares the system doesn't support PCIe ASPM, so disable it
[    0.222068] acpiphp: ACPI Hot Plug PCI Controller Driver version: 0.5
[    0.222282] PCI: ECAM [mem 0xe0000000-0xe3ffffff] (base 0xe0000000) for domain 0000 [bus 00-3f]
[    0.222315] PCI: Using configuration type 1 for base access
[    0.223123] HugeTLB: registered 1.00 GiB page size, pre-allocated 0 pages
[    0.223123] HugeTLB: 16380 KiB vmemmap can be freed for a 1.00 GiB page
[    0.223123] HugeTLB: registered 2.00 MiB page size, pre-allocated 0 pages
[    0.223123] HugeTLB: 28 KiB vmemmap can be freed for a 2.00 MiB page
[    0.226086] ACPI: Added _OSI(Module Device)
[    0.226093] ACPI: Added _OSI(Processor Device)
[    0.226097] ACPI: Added _OSI(Processor Aggregator Device)
[    0.246541] ACPI: 9 ACPI AML tables successfully acquired and loaded
[    0.254354] ACPI: Dynamic OEM Table Load:
[    0.254380] ACPI: SSDT 0xFFFF8A1D80B70000 000102 (v02 PmRef  Cpu0Cst  00003001 INTL 20130117)
[    0.256231] ACPI: Dynamic OEM Table Load:
[    0.256252] ACPI: SSDT 0xFFFF8A1D80B71400 00015F (v02 PmRef  ApIst    00003000 INTL 20130117)
[    0.257806] ACPI: Dynamic OEM Table Load:
[    0.257825] ACPI: SSDT 0xFFFF8A1D813C8F00 00008D (v02 PmRef  ApCst    00003000 INTL 20130117)
[    0.259750] ACPI: EC: EC started
[    0.259755] ACPI: EC: interrupt blocked
[    0.261388] ACPI: EC: EC_CMD/EC_SC=0x66, EC_DATA=0x62
[    0.261397] ACPI: \_SB_.PCI0.LPCB.EC0_: Boot DSDT EC used to handle transactions
[    0.261402] ACPI: Interpreter enabled
[    0.261461] ACPI: PM: (supports S0 S3 S5)
[    0.261466] ACPI: Using IOAPIC for interrupt routing
[    0.263671] PCI: Using host bridge windows from ACPI; if necessary, use "pci=nocrs" and report a bug
[    0.263678] PCI: Using E820 reservations for host bridge windows
[    0.264299] ACPI: Enabled 6 GPEs in block 00 to 7F
[    0.267711] ACPI: \_SB_.PCI0.RP01.PXSX.DRST: New power resource
[    0.268237] ACPI: \_SB_.PCI0.RP02.PXSX.DRST: New power resource
[    0.269060] ACPI: \_SB_.PCI0.RP04.PXSX.DRST: New power resource
[    0.269571] ACPI: \_SB_.PCI0.RP05.PXSX.DRST: New power resource
[    0.270081] ACPI: \_SB_.PCI0.RP06.PXSX.DRST: New power resource
[    0.276960] ACPI: \_SB_.PCI0.CNVW.WRST: New power resource
[    0.286275] ACPI: PCI Root Bridge [PCI0] (domain 0000 [bus 00-ff])
[    0.286299] acpi PNP0A08:00: _OSC: OS supports [ExtendedConfig ASPM ClockPM Segments MSI HPX-Type3]
[    0.287649] acpi PNP0A08:00: _OSC: OS now controls [PCIeHotplug SHPCHotplug PME AER PCIeCapability LTR]
[    0.287656] acpi PNP0A08:00: FADT indicates ASPM is unsupported, using BIOS configuration
[    0.287665] acpi PNP0A08:00: [Firmware Info]: ECAM [mem 0xe0000000-0xe3ffffff] for domain 0000 [bus 00-3f] only partially covers this bridge
[    0.289346] PCI host bridge to bus 0000:00
[    0.289358] pci_bus 0000:00: root bus resource [io  0x0070-0x0077]
[    0.289366] pci_bus 0000:00: root bus resource [io  0x0000-0x006f window]
[    0.289372] pci_bus 0000:00: root bus resource [io  0x0078-0x0cf7 window]
[    0.289377] pci_bus 0000:00: root bus resource [io  0x0d00-0xffff window]
[    0.289385] pci_bus 0000:00: root bus resource [mem 0x000a0000-0x000fffff window]
[    0.289391] pci_bus 0000:00: root bus resource [mem 0x7c000001-0xbfffffff window]
[    0.289396] pci_bus 0000:00: root bus resource [mem 0xe0000000-0xefffffff window]
[    0.289401] pci_bus 0000:00: root bus resource [mem 0xfea00000-0xfeafffff window]
[    0.289406] pci_bus 0000:00: root bus resource [mem 0xfed00000-0xfed003ff window]
[    0.289411] pci_bus 0000:00: root bus resource [mem 0xfed01000-0xfed01fff window]
[    0.289416] pci_bus 0000:00: root bus resource [mem 0xfed03000-0xfed03fff window]
[    0.289421] pci_bus 0000:00: root bus resource [mem 0xfed06000-0xfed06fff window]
[    0.289426] pci_bus 0000:00: root bus resource [mem 0xfed08000-0xfed09fff window]
[    0.289431] pci_bus 0000:00: root bus resource [mem 0xfed80000-0xfedbffff window]
[    0.289439] pci_bus 0000:00: root bus resource [mem 0xfed1c000-0xfed1cfff window]
[    0.289444] pci_bus 0000:00: root bus resource [mem 0xfee00000-0xfeefffff window]
[    0.289450] pci_bus 0000:00: root bus resource [bus 00-ff]
[    0.289496] pci 0000:00:00.0: [8086:31f0] type 00 class 0x060000 conventional PCI endpoint
[    0.289792] pci 0000:00:00.1: [8086:318c] type 00 class 0x118000 conventional PCI endpoint
[    0.289870] pci 0000:00:00.1: BAR 0 [mem 0x80000000-0x80007fff 64bit]
[    0.290141] pci 0000:00:00.3: [8086:3190] type 00 class 0x088000 conventional PCI endpoint
[    0.290190] pci 0000:00:00.3: BAR 0 [mem 0xa1416000-0xa1416fff 64bit]
[    0.290393] pci 0000:00:02.0: [8086:3185] type 00 class 0x030000 PCIe Root Complex Integrated Endpoint
[    0.290431] pci 0000:00:02.0: BAR 0 [mem 0xa0000000-0xa0ffffff 64bit]
[    0.290438] pci 0000:00:02.0: BAR 2 [mem 0x90000000-0x9fffffff 64bit pref]
[    0.290445] pci 0000:00:02.0: BAR 4 [io  0x1000-0x103f]
[    0.290478] pci 0000:00:02.0: Video device with shadowed ROM at [mem 0x000c0000-0x000dffff]
[    0.290974] pci 0000:00:0e.0: [8086:3198] type 00 class 0x040300 PCIe Root Complex Integrated Endpoint
[    0.291033] pci 0000:00:0e.0: BAR 0 [mem 0xa1410000-0xa1413fff 64bit]
[    0.291048] pci 0000:00:0e.0: BAR 4 [mem 0xa1200000-0xa12fffff 64bit]
[    0.291130] pci 0000:00:0e.0: PME# supported from D0 D3hot D3cold
[    0.291731] pci 0000:00:0f.0: [8086:319a] type 00 class 0x078000 conventional PCI endpoint
[    0.291819] pci 0000:00:0f.0: BAR 0 [mem 0xa1417000-0xa1417fff 64bit]
[    0.291935] pci 0000:00:0f.0: PME# supported from D3hot
[    0.292207] pci 0000:00:12.0: [8086:31e3] type 00 class 0x010601 conventional PCI endpoint
[    0.292259] pci 0000:00:12.0: BAR 0 [mem 0xa1414000-0xa1415fff]
[    0.292268] pci 0000:00:12.0: BAR 1 [mem 0xa1420000-0xa14200ff]
[    0.292277] pci 0000:00:12.0: BAR 2 [io  0x1080-0x1087]
[    0.292284] pci 0000:00:12.0: BAR 3 [io  0x1088-0x108b]
[    0.292292] pci 0000:00:12.0: BAR 4 [io  0x1060-0x107f]
[    0.292300] pci 0000:00:12.0: BAR 5 [mem 0xa141e000-0xa141e7ff]
[    0.292359] pci 0000:00:12.0: PME# supported from D3hot
[    0.292593] pci 0000:00:13.0: [8086:31d8] type 01 class 0x060400 PCIe Root Port
[    0.292635] pci 0000:00:13.0: PCI bridge to [bus 01]
[    0.292714] pci 0000:00:13.0: removing 2.5GT/s downstream link speed restriction
[    1.292869] pci 0000:00:13.0: retraining failed
[    1.294934] pci 0000:00:13.0: PME# supported from D0 D3hot D3cold
[    1.295278] pci 0000:00:14.0: [8086:31d6] type 01 class 0x060400 PCIe Root Port
[    1.295313] pci 0000:00:14.0: PCI bridge to [bus 02]
[    1.295324] pci 0000:00:14.0:   bridge window [mem 0xa1300000-0xa13fffff]
[    1.295423] pci 0000:00:14.0: PME# supported from D0 D3hot D3cold
[    1.295699] pci 0000:00:14.1: [8086:31d7] type 01 class 0x060400 PCIe Root Port
[    1.295733] pci 0000:00:14.1: PCI bridge to [bus 03]
[    1.295755] pci 0000:00:14.1:   bridge window [mem 0xa1000000-0xa11fffff 64bit pref]
[    1.295842] pci 0000:00:14.1: PME# supported from D0 D3hot D3cold
[    1.296164] pci 0000:00:15.0: [8086:31a8] type 00 class 0x0c0330 conventional PCI endpoint
[    1.296215] pci 0000:00:15.0: BAR 0 [mem 0xa1400000-0xa140ffff 64bit]
[    1.296275] pci 0000:00:15.0: PME# supported from D3hot D3cold
[    1.296571] pci 0000:00:17.0: [8086:31b4] type 00 class 0x118000 conventional PCI endpoint
[    1.296626] pci 0000:00:17.0: BAR 0 [mem 0xa1418000-0xa1418fff 64bit]
[    1.296637] pci 0000:00:17.0: BAR 2 [mem 0xa1419000-0xa1419fff 64bit]
[    1.296908] pci 0000:00:17.3: [8086:31ba] type 00 class 0x118000 conventional PCI endpoint
[    1.296966] pci 0000:00:17.3: BAR 0 [mem 0xa141a000-0xa141afff 64bit]
[    1.296978] pci 0000:00:17.3: BAR 2 [mem 0xa141b000-0xa141bfff 64bit]
[    1.297278] pci 0000:00:1c.0: [8086:31cc] type 00 class 0x080501 conventional PCI endpoint
[    1.297375] pci 0000:00:1c.0: BAR 0 [mem 0xa141c000-0xa141cfff 64bit]
[    1.297403] pci 0000:00:1c.0: BAR 2 [mem 0xa141d000-0xa141dfff 64bit]
[    1.297884] pci 0000:00:1f.0: [8086:31e8] type 00 class 0x060100 conventional PCI endpoint
[    1.298235] pci 0000:00:1f.1: [8086:31d4] type 00 class 0x0c0500 conventional PCI endpoint
[    1.298412] pci 0000:00:1f.1: BAR 0 [mem 0xa141f000-0xa141f0ff 64bit]
[    1.298432] pci 0000:00:1f.1: BAR 4 [io  0x1040-0x105f]
[    1.298694] pci 0000:00:13.0: PCI bridge to [bus 01]
[    1.298877] pci 0000:02:00.0: [10ec:522a] type 00 class 0xff0000 PCIe Endpoint
[    1.298993] pci 0000:02:00.0: BAR 0 [mem 0xa1300000-0xa1300fff]
[    1.299043] pci 0000:02:00.0: Upstream bridge's Max Payload Size set to 128 (was 256, max 256)
[    1.299058] pci 0000:02:00.0: Max Payload Size set to 128 (was 128, max 128)
[    1.299246] pci 0000:02:00.0: supports D1 D2
[    1.299250] pci 0000:02:00.0: PME# supported from D1 D2 D3hot D3cold
[    1.299676] pci 0000:00:14.0: PCI bridge to [bus 02]
[    1.299850] pci 0000:03:00.0: [14c3:7961] type 00 class 0x028000 PCIe Endpoint
[    1.300028] pci 0000:03:00.0: BAR 0 [mem 0xa1000000-0xa10fffff 64bit pref]
[    1.300044] pci 0000:03:00.0: BAR 2 [mem 0xa1100000-0xa1103fff 64bit pref]
[    1.300059] pci 0000:03:00.0: BAR 4 [mem 0xa1104000-0xa1104fff 64bit pref]
[    1.300086] pci 0000:03:00.0: Upstream bridge's Max Payload Size set to 128 (was 256, max 256)
[    1.300101] pci 0000:03:00.0: Max Payload Size set to 128 (was 128, max 128)
[    1.300364] pci 0000:03:00.0: supports D1 D2
[    1.300369] pci 0000:03:00.0: PME# supported from D0 D1 D2 D3hot D3cold
[    1.300889] pci 0000:00:14.1: PCI bridge to [bus 03]
[    1.300932] pci_bus 0000:00: on NUMA node 0
[    1.304633] ACPI: PCI: Interrupt link LNKA configured for IRQ 3
[    1.304768] ACPI: PCI: Interrupt link LNKB configured for IRQ 4
[    1.304906] ACPI: PCI: Interrupt link LNKC configured for IRQ 5
[    1.305045] ACPI: PCI: Interrupt link LNKD configured for IRQ 6
[    1.305176] ACPI: PCI: Interrupt link LNKE configured for IRQ 7
[    1.305305] ACPI: PCI: Interrupt link LNKF configured for IRQ 9
[    1.305435] ACPI: PCI: Interrupt link LNKG configured for IRQ 10
[    1.305565] ACPI: PCI: Interrupt link LNKH configured for IRQ 11
[    1.314104] ACPI: EC: interrupt unblocked
[    1.314111] ACPI: EC: event unblocked
[    1.314121] ACPI: EC: EC_CMD/EC_SC=0x66, EC_DATA=0x62
[    1.314126] ACPI: EC: GPE=0x25
[    1.314130] ACPI: \_SB_.PCI0.LPCB.EC0_: Boot DSDT EC initialization complete
[    1.314136] ACPI: \_SB_.PCI0.LPCB.EC0_: EC: Used to handle transactions and events
[    1.314285] iommu: Default domain type: Translated
[    1.314290] iommu: DMA domain TLB invalidation policy: lazy mode
[    1.314328] SCSI subsystem initialized
[    1.314328] ACPI: bus type USB registered
[    1.314331] usbcore: registered new interface driver usbfs
[    1.314356] usbcore: registered new interface driver hub
[    1.314869] usbcore: registered new device driver usb
[    1.314982] pps_core: LinuxPPS API ver. 1 registered
[    1.314986] pps_core: Software ver. 5.3.6 - Copyright 2005-2007 Rodolfo Giometti <giometti@linux.it>
[    1.314997] PTP clock support registered
[    1.315026] EDAC MC: Ver: 3.0.0
[    1.315881] efivars: Registered efivars operations
[    1.316456] NetLabel: Initializing
[    1.316461] NetLabel:  domain hash size = 128
[    1.316465] NetLabel:  protocols = UNLABELED CIPSOv4 CALIPSO
[    1.316514] NetLabel:  unlabeled traffic allowed by default
[    1.316519] mctp: management component transport protocol core
[    1.316522] NET: Registered PF_MCTP protocol family
[    1.316540] PCI: Using ACPI for IRQ routing
[    1.323826] PCI: pci_cache_line_size set to 64 bytes
[    1.323982] resource: Expanded resource Reserved due to conflict with PCI Bus 0000:00
[    1.323989] e820: reserve RAM buffer [mem 0x00058000-0x0005ffff]
[    1.323999] e820: reserve RAM buffer [mem 0x00086000-0x0008ffff]
[    1.324004] e820: reserve RAM buffer [mem 0x6168c000-0x63ffffff]
[    1.324008] e820: reserve RAM buffer [mem 0x62214000-0x63ffffff]
[    1.324012] e820: reserve RAM buffer [mem 0x6407f000-0x67ffffff]
[    1.324016] e820: reserve RAM buffer [mem 0x68c8e000-0x6bffffff]
[    1.324020] e820: reserve RAM buffer [mem 0x69c00000-0x6bffffff]
[    1.324073] pci 0000:00:02.0: vgaarb: setting as boot VGA device
[    1.324073] pci 0000:00:02.0: vgaarb: bridge control possible
[    1.324073] pci 0000:00:02.0: vgaarb: VGA device added: decodes=io+mem,owns=io+mem,locks=none
[    1.324073] vgaarb: loaded
[    1.325562] hpet0: at MMIO 0xfed00000, IRQs 2, 8, 0, 0, 0, 0, 0, 0
[    1.325589] hpet0: 8 comparators, 64-bit 19.200000 MHz counter
[    1.327916] clocksource: Switched to clocksource tsc-early
[    1.328360] VFS: Disk quotas dquot_6.6.0
[    1.328384] VFS: Dquot-cache hash table entries: 512 (order 0, 4096 bytes)
[    1.328685] pnp: PnP ACPI init
[    1.329223] system 00:00: [io  0x0680-0x069f] has been reserved
[    1.329235] system 00:00: [io  0x0400-0x047f] could not be reserved
[    1.329241] system 00:00: [io  0x0500-0x05fe] has been reserved
[    1.329247] system 00:00: [io  0x0600-0x061f] has been reserved
[    1.329253] system 00:00: [io  0x164e-0x164f] has been reserved
[    1.330109] system 00:02: [mem 0xe0000000-0xefffffff] has been reserved
[    1.330119] system 00:02: [mem 0xfea00000-0xfeafffff] has been reserved
[    1.330126] system 00:02: [mem 0xfed01000-0xfed01fff] has been reserved
[    1.330133] system 00:02: [mem 0xfed03000-0xfed03fff] has been reserved
[    1.330139] system 00:02: [mem 0xfed06000-0xfed06fff] has been reserved
[    1.330148] system 00:02: [mem 0xfed08000-0xfed09fff] has been reserved
[    1.330155] system 00:02: [mem 0xfed80000-0xfedbffff] has been reserved
[    1.330161] system 00:02: [mem 0xfed1c000-0xfed1cfff] has been reserved
[    1.330167] system 00:02: [mem 0xfee00000-0xfeefffff] has been reserved
[    1.330835] pnp: PnP ACPI: found 3 devices
[    1.340379] clocksource: acpi_pm: mask: 0xffffff max_cycles: 0xffffff, max_idle_ns: 2085701024 ns
[    1.340565] NET: Registered PF_INET protocol family
[    1.340750] IP idents hash table entries: 65536 (order: 7, 524288 bytes, linear)
[    1.343669] tcp_listen_portaddr_hash hash table entries: 2048 (order: 3, 32768 bytes, linear)
[    1.343748] Table-perturb hash table entries: 65536 (order: 6, 262144 bytes, linear)
[    1.343821] TCP established hash table entries: 32768 (order: 6, 262144 bytes, linear)
[    1.344224] TCP bind hash table entries: 32768 (order: 8, 1048576 bytes, linear)
[    1.344477] TCP: Hash tables configured (established 32768 bind 32768)
[    1.344639] MPTCP token hash table entries: 4096 (order: 5, 98304 bytes, linear)
[    1.344722] UDP hash table entries: 2048 (order: 5, 131072 bytes, linear)
[    1.344798] UDP-Lite hash table entries: 2048 (order: 5, 131072 bytes, linear)
[    1.344930] NET: Registered PF_UNIX/PF_LOCAL protocol family
[    1.344964] NET: Registered PF_XDP protocol family
[    1.345006] pci 0000:00:13.0: PCI bridge to [bus 01]
[    1.345035] pci 0000:00:14.0: PCI bridge to [bus 02]
[    1.345044] pci 0000:00:14.0:   bridge window [mem 0xa1300000-0xa13fffff]
[    1.345058] pci 0000:00:14.1: PCI bridge to [bus 03]
[    1.345069] pci 0000:00:14.1:   bridge window [mem 0xa1000000-0xa11fffff 64bit pref]
[    1.345082] pci_bus 0000:00: resource 4 [io  0x0070-0x0077]
[    1.345089] pci_bus 0000:00: resource 5 [io  0x0000-0x006f window]
[    1.345095] pci_bus 0000:00: resource 6 [io  0x0078-0x0cf7 window]
[    1.345100] pci_bus 0000:00: resource 7 [io  0x0d00-0xffff window]
[    1.345105] pci_bus 0000:00: resource 8 [mem 0x000a0000-0x000fffff window]
[    1.345110] pci_bus 0000:00: resource 9 [mem 0x7c000001-0xbfffffff window]
[    1.345116] pci_bus 0000:00: resource 10 [mem 0xe0000000-0xefffffff window]
[    1.345121] pci_bus 0000:00: resource 11 [mem 0xfea00000-0xfeafffff window]
[    1.345126] pci_bus 0000:00: resource 12 [mem 0xfed00000-0xfed003ff window]
[    1.345131] pci_bus 0000:00: resource 13 [mem 0xfed01000-0xfed01fff window]
[    1.345136] pci_bus 0000:00: resource 14 [mem 0xfed03000-0xfed03fff window]
[    1.345141] pci_bus 0000:00: resource 15 [mem 0xfed06000-0xfed06fff window]
[    1.345146] pci_bus 0000:00: resource 16 [mem 0xfed08000-0xfed09fff window]
[    1.345150] pci_bus 0000:00: resource 17 [mem 0xfed80000-0xfedbffff window]
[    1.345155] pci_bus 0000:00: resource 18 [mem 0xfed1c000-0xfed1cfff window]
[    1.345160] pci_bus 0000:00: resource 19 [mem 0xfee00000-0xfeefffff window]
[    1.345166] pci_bus 0000:02: resource 1 [mem 0xa1300000-0xa13fffff]
[    1.345172] pci_bus 0000:03: resource 2 [mem 0xa1000000-0xa11fffff 64bit pref]
[    1.347291] PCI: CLS 64 bytes, default 64
[    1.347374] pci 0000:00:0d.0: [8086:3192] type 00 class 0x058000 conventional PCI endpoint
[    1.347525] pci 0000:00:0d.0: BAR 0 [mem 0xd0000000-0xd0ffffff 64bit]
[    1.347861] pci 0000:00:0d.2: [8086:3196] type 00 class 0x0c8000 conventional PCI endpoint
[    1.347982] pci 0000:00:0d.2: BAR 0 [mem 0xfed01000-0xfed01fff]
[    1.348264] DMAR: No ATSR found
[    1.348269] DMAR: No SATC found
[    1.348273] DMAR: dmar0: Using Queued invalidation
[    1.348280] DMAR: dmar1: Using Queued invalidation
[    1.349023] pci 0000:00:02.0: Adding to iommu group 0
[    1.350005] pci 0000:00:00.0: Adding to iommu group 1
[    1.350033] pci 0000:00:00.1: Adding to iommu group 1
[    1.350058] pci 0000:00:00.3: Adding to iommu group 1
[    1.350088] pci 0000:00:0e.0: Adding to iommu group 2
[    1.350130] pci 0000:00:0f.0: Adding to iommu group 3
[    1.350162] pci 0000:00:12.0: Adding to iommu group 4
[    1.350208] pci 0000:00:13.0: Adding to iommu group 5
[    1.350244] pci 0000:00:14.0: Adding to iommu group 6
[    1.350285] pci 0000:00:14.1: Adding to iommu group 7
[    1.350326] pci 0000:00:15.0: Adding to iommu group 8
[    1.350373] pci 0000:00:17.0: Adding to iommu group 9
[    1.350401] pci 0000:00:17.3: Adding to iommu group 9
[    1.350438] pci 0000:00:1c.0: Adding to iommu group 10
[    1.350488] pci 0000:00:1f.0: Adding to iommu group 11
[    1.350519] pci 0000:00:1f.1: Adding to iommu group 11
[    1.350553] pci 0000:02:00.0: Adding to iommu group 12
[    1.350595] pci 0000:03:00.0: Adding to iommu group 13
[    1.352167] DMAR: Intel(R) Virtualization Technology for Directed I/O
[    1.352171] PCI-DMA: Using software bounce buffering for IO (SWIOTLB)
[    1.352175] software IO TLB: mapped [mem 0x000000005d56b000-0x000000006156b000] (64MB)
[    1.352401] clocksource: tsc: mask: 0xffffffffffffffff max_cycles: 0xfc66f4fc7c, max_idle_ns: 440795224246 ns
[    1.352429] clocksource: Switched to clocksource tsc
[    1.353209] Initialise system trusted keyrings
[    1.353336] workingset: timestamp_bits=46 max_order=20 bucket_order=0
[    1.395849] Key type asymmetric registered
[    1.395856] Asymmetric key parser 'x509' registered
[    1.395902] Block layer SCSI generic (bsg) driver version 0.4 loaded (major 244)
[    1.396058] io scheduler mq-deadline registered
[    1.396065] io scheduler kyber registered
[    1.396100] io scheduler bfq registered
[    1.396246] ledtrig-cpu: registered to indicate activity on CPUs
[    1.396754] pcieport 0000:00:13.0: PME: Signaling with IRQ 123
[    1.397323] pcieport 0000:00:14.0: PME: Signaling with IRQ 124
[    1.397806] pcieport 0000:00:14.1: PME: Signaling with IRQ 125
[    1.398524] ACPI: AC: AC Adapter [ADP0] (off-line)
[    1.398686] input: Lid Switch as /devices/LNXSYSTM:00/LNXSYBUS:00/PNP0C0D:00/input/input0
[    1.398751] ACPI: button: Lid Switch [LID0]
[    1.398852] input: Power Button as /devices/LNXSYSTM:00/LNXSYBUS:00/PNP0C0C:00/input/input1
[    1.398916] ACPI: button: Power Button [PWRB]
[    1.399033] input: Power Button as /devices/LNXSYSTM:00/LNXPWRBN:00/input/input2
[    1.400024] ACPI: button: Power Button [PWRF]
[    1.402186] Serial: 8250/16550 driver, 4 ports, IRQ sharing enabled
[    1.403590] ACPI: bus type drm_connector registered
[    1.404026] i915 0000:00:02.0: [drm] Unknown revision 0x06
[    1.404033] i915 0000:00:02.0: [drm] Found geminilake (device ID 3185) integrated display version 10.00 stepping **
[    1.404045] i915 0000:00:02.0: [drm] Unknown revid 0x06
[    1.404851] i915 0000:00:02.0: [drm] VT-d active for gfx access
[    1.404861] i915 0000:00:02.0: vgaarb: deactivate vga console
[    1.404972] i915 0000:00:02.0: [drm] Using Transparent Hugepages
[    1.405089] i915 0000:00:02.0: [drm] couldn't get memory information
[    1.405466] i915 0000:00:02.0: vgaarb: VGA decodes changed: olddecodes=io+mem,decodes=io+mem:owns=io+mem
[    1.406279] i915 0000:00:02.0: [drm] Finished loading DMC firmware i915/glk_dmc_ver1_04.bin (v1.4)
[    1.451367] [drm] Initialized i915 1.6.0 for 0000:00:02.0 on minor 0
[    1.453438] ACPI: video: Video Device [GFX0] (multi-head: yes  rom: no  post: no)
[    1.453473] ACPI: [Firmware Bug]: BIOS _OSI(Linux) query ignored
[    1.453795] input: Video Bus as /devices/LNXSYSTM:00/LNXSYBUS:00/PNP0A08:00/LNXVIDEO:00/input/input3
[    1.468241] ACPI: battery: Slot [BAT0] (battery present)
[    1.481250] fbcon: i915drmfb (fb0) is primary device
[    1.502355] Console: switching to colour frame buffer device 170x48
[    1.518332] i915 0000:00:02.0: [drm] fb0: i915drmfb frame buffer device
[    1.529244] e1000e: Intel(R) PRO/1000 Network Driver
[    1.529251] e1000e: Copyright(c) 1999 - 2015 Intel Corporation.
[    1.529611] xhci_hcd 0000:00:15.0: xHCI Host Controller
[    1.529632] xhci_hcd 0000:00:15.0: new USB bus registered, assigned bus number 1
[    1.530846] xhci_hcd 0000:00:15.0: hcc params 0x200077c1 hci version 0x100 quirks 0x0000000000009810
[    1.531385] xhci_hcd 0000:00:15.0: xHCI Host Controller
[    1.531396] xhci_hcd 0000:00:15.0: new USB bus registered, assigned bus number 2
[    1.531405] xhci_hcd 0000:00:15.0: Host supports USB 3.0 SuperSpeed
[    1.531536] usb usb1: New USB device found, idVendor=1d6b, idProduct=0002, bcdDevice= 6.18
[    1.531545] usb usb1: New USB device strings: Mfr=3, Product=2, SerialNumber=1
[    1.531550] usb usb1: Product: xHCI Host Controller
[    1.531555] usb usb1: Manufacturer: Linux 6.18.55-toros xhci-hcd
[    1.531559] usb usb1: SerialNumber: 0000:00:15.0
[    1.532023] hub 1-0:1.0: USB hub found
[    1.532063] hub 1-0:1.0: 9 ports detected
[    1.532496] ACPI Warning: \_SB.PCI0.XHC.RHUB.HS05._UPC: Return Package is too small - found 1 elements, expected 4 (20250807/nsprepkg-362)
[    1.533505] usb usb2: New USB device found, idVendor=1d6b, idProduct=0003, bcdDevice= 6.18
[    1.533514] usb usb2: New USB device strings: Mfr=3, Product=2, SerialNumber=1
[    1.533520] usb usb2: Product: xHCI Host Controller
[    1.533524] usb usb2: Manufacturer: Linux 6.18.55-toros xhci-hcd
[    1.533561] usb usb2: SerialNumber: 0000:00:15.0
[    1.533862] hub 2-0:1.0: USB hub found
[    1.533896] hub 2-0:1.0: 7 ports detected
[    1.534636] usb: port power management may be unreliable
[    1.535231] usbcore: registered new interface driver uas
[    1.535279] usbcore: registered new interface driver usb-storage
[    1.535367] i8042: PNP: PS/2 Controller [PNP0303:PS2K] at 0x60,0x64 irq 1
[    1.535375] i8042: PNP: PS/2 appears to have AUX port disabled, if this is incorrect please boot with i8042.nopnp
[    1.536607] serio: i8042 KBD port at 0x60,0x64 irq 1
[    1.536842] mousedev: PS/2 mouse device common for all mice
[    1.537309] rtc_cmos PNP0B00:00: RTC can wake from S4
[    1.538302] rtc_cmos PNP0B00:00: registered as rtc0
[    1.538450] rtc_cmos PNP0B00:00: setting system clock to 2026-10-06T05:39:11 UTC (1791265151)
[    1.538573] rtc_cmos PNP0B00:00: alarms up to one month, y3k, 242 bytes nvram
[    1.538689] intel_pstate: Intel P-state driver initializing
[    1.539131] sdhci: Secure Digital Host Controller Interface driver
[    1.539136] sdhci: Copyright(c) Pierre Ossman
[    1.539271] sdhci-pci 0000:00:1c.0: SDHCI controller found [8086:31cc] (rev 6)
[    1.539557] hid: raw HID events driver (C) Jiri Kosina
[    1.539647] usbcore: registered new interface driver usbhid
[    1.539651] usbhid: USB HID core driver
[    1.539905] input: AT Translated Set 2 keyboard as /devices/platform/i8042/serio0/input/input4
[    1.540339] mmc0: CQHCI version 5.10
[    1.540591] NET: Registered PF_INET6 protocol family
[    1.540867] mmc0: SDHCI controller on PCI [0000:00:1c.0] using ADMA 64-bit
[    1.541162] Segment Routing with IPv6
[    1.541164] RPL Segment Routing with IPv6
[    1.541173] In-situ OAM (IOAM) with IPv6
[    1.541197] NET: Registered PF_PACKET protocol family
[    1.541499] microcode: Current revision: 0x00000026
[    1.541502] microcode: Updated early from: 0x0000001a
[    1.541589] resctrl: L2 allocation detected
[    1.541606] IPI shorthand broadcast: enabled
[    1.545354] sched_clock: Marking stable (1540001670, 4941004)->(1554745784, -9803110)
[    1.545471] registered taskstats version 1
[    1.545504] Loading compiled-in X.509 certificates
[    1.548931] Key type .fscrypt registered
[    1.548933] Key type fscrypt-provisioning registered
[    1.549210] PM:   Magic number: 14:136:668
[    1.549551] clk: Disabling unused clocks
[    1.549607] check access for rdinit=/init failed: -2, ignoring
[    1.623494] mmc0: new HS400 MMC card at address 0001
[    1.623997] mmcblk0: mmc0:0001 064G02 58.2 GiB
[    1.626007]  mmcblk0: p1 p2
[    1.626387] mmcblk0boot0: mmc0:0001 064G02 8.00 MiB
[    1.627537] mmcblk0boot1: mmc0:0001 064G02 8.00 MiB
[    1.628473] mmcblk0rpmb: mmc0:0001 064G02 4.00 MiB, chardev (239:0)
[    1.638136] input: ELAN0646:00 04F3:31B8 Mouse as /devices/pci0000:00/0000:00:17.3/i2c_designware.1/i2c-5/i2c-ELAN0646:00/0018:04F3:31B8.0001/input/input5
[    1.638395] input: ELAN0646:00 04F3:31B8 Touchpad as /devices/pci0000:00/0000:00:17.3/i2c_designware.1/i2c-5/i2c-ELAN0646:00/0018:04F3:31B8.0001/input/input7
[    1.638589] hid-multitouch 0018:04F3:31B8.0001: input,hidraw0: I2C HID v1.00 Mouse [ELAN0646:00 04F3:31B8] on i2c-ELAN0646:00
[    1.678692] EXT4-fs (mmcblk0p2): mounted filesystem 7e8dcab8-6b3e-4b36-8c9f-2ef098287d24 r/w with ordered data mode. Quota mode: none.
[    1.678730] VFS: Mounted root (ext4 filesystem) on device 179:2.
[    1.679218] devtmpfs: mounted
[    1.679815] Freeing unused decrypted memory: 2036K
[    1.680442] Freeing unused kernel image (initmem) memory: 2692K
[    1.680473] Write protecting the kernel read-only data: 26624k
[    1.681142] Freeing unused kernel image (text/rodata gap) memory: 908K
[    1.681360] Freeing unused kernel image (rodata/data gap) memory: 316K
[    1.700728] x86/mm: Checked W+X mappings: passed, no W+X pages found.
[    1.700735] Run /usr/lib/toros/splash as init process
[    1.700737]   with arguments:
[    1.700739]     /usr/lib/toros/splash
[    1.700741]   with environment:
[    1.700742]     HOME=/
[    1.700743]     TERM=linux
[    1.771255] usb 1-3: new high-speed USB device number 2 using xhci_hcd
[    1.902371] usb 1-3: New USB device found, idVendor=0489, idProduct=e0cd, bcdDevice= 1.00
[    1.903119] usb 1-3: New USB device strings: Mfr=5, Product=6, SerialNumber=7
[    1.903130] usb 1-3: Product: Wireless_Device
[    1.903133] usb 1-3: Manufacturer: MediaTek Inc.
[    1.903136] usb 1-3: SerialNumber: 000000000
[    1.971358] mmc0: Requiring re-tune after rpm resume
[    2.012088] fuse: init (API version 7.45)
[    2.018719] loop: module loaded
[    2.023413] tun: Universal TUN/TAP device driver, 1.6
[    2.034965] usb 1-5: new full-speed USB device number 3 using xhci_hcd
[    2.161876] usb 1-5: New USB device found, idVendor=046d, idProduct=c534, bcdDevice=29.01
[    2.161889] usb 1-5: New USB device strings: Mfr=1, Product=2, SerialNumber=0
[    2.161893] usb 1-5: Product: USB Receiver
[    2.161896] usb 1-5: Manufacturer: Logitech
[    2.165301] input: Logitech USB Receiver as /devices/pci0000:00/0000:00:15.0/usb1/1-5/1-5:1.0/0003:046D:C534.0002/input/input8
[    2.216468] hid-generic 0003:046D:C534.0002: input,hidraw1: USB HID v1.11 Keyboard [Logitech USB Receiver] on usb-0000:00:15.0-5/input0
[    2.219435] input: Logitech USB Receiver Mouse as /devices/pci0000:00/0000:00:15.0/usb1/1-5/1-5:1.1/0003:046D:C534.0003/input/input9
[    2.219622] input: Logitech USB Receiver Consumer Control as /devices/pci0000:00/0000:00:15.0/usb1/1-5/1-5:1.1/0003:046D:C534.0003/input/input10
[    2.270631] input: Logitech USB Receiver System Control as /devices/pci0000:00/0000:00:15.0/usb1/1-5/1-5:1.1/0003:046D:C534.0003/input/input11
[    2.271037] hid-generic 0003:046D:C534.0003: input,hiddev0,hidraw2: USB HID v1.11 Mouse [Logitech USB Receiver] on usb-0000:00:15.0-5/input1
[    2.384249] usb 1-7: new high-speed USB device number 4 using xhci_hcd
[    2.484734] EXT4-fs (mmcblk0p2): re-mounted 7e8dcab8-6b3e-4b36-8c9f-2ef098287d24 ro.
[    2.509516] usb 1-7: New USB device found, idVendor=04f2, idProduct=b78e, bcdDevice= 0.02
[    2.509526] usb 1-7: New USB device strings: Mfr=3, Product=1, SerialNumber=2
[    2.509528] usb 1-7: Product: Integrated Camera
[    2.509530] usb 1-7: Manufacturer: Chicony Electronics Co.,Ltd.
[    2.509532] usb 1-7: SerialNumber: 0001
[    2.677427] EXT4-fs (mmcblk0p2): re-mounted 7e8dcab8-6b3e-4b36-8c9f-2ef098287d24 r/w.
[    2.910621] zram: Added device: zram0
[    2.915822] zram0: detected capacity change from 0 to 4194304
[    2.939558] Adding 2097148k swap on /dev/zram0.  Priority:100 extents:1 across:2097148k SSDsc
[    3.040045] udevd[213]: starting version 3.2.14
[    3.053417] NET: Registered PF_ALG protocol family
[    3.160043] udevd[213]: starting eudev-3.2.14
[    3.286561] cfg80211: Loading compiled-in X.509 certificates for regulatory database
[    3.294203] Loaded X.509 cert 'sforshee: 00b28ddf47aef9cea7'
[    3.294485] Loaded X.509 cert 'wens: 61c038651aabdcf94bd0ac7ff06c7248db18c600'
[    3.308491] ACPI: battery: new hook: Ideapad Battery Extension
[    3.308937] input: Ideapad extra buttons as /devices/pci0000:00/0000:00:1f.0/PNP0C09:00/VPC2004:00/input/input14
[    3.309784] ideapad_acpi VPC2004:00: Keyboard backlight control not available
[    3.345768] ACPI: \_TZ_.TZ01: _AL0 evaluation failure
[    3.345972] thermal LNXTHERM:00: registered as thermal_zone5
[    3.345976] ACPI: thermal: Thermal Zone [TZ01] (32 C)
[    3.352159] ideapad_acpi VPC2004:00: DYTC interface is not available
[    3.396660] idma64 idma64.0: Found Intel integrated DMA 64-bit
[    3.396993] idma64 idma64.1: Found Intel integrated DMA 64-bit
[    3.411227] mc: Linux media interface: v0.10
[    3.448764] logitech-djreceiver 0003:046D:C534.0002: hidraw1: USB HID v1.11 Keyboard [Logitech USB Receiver] on usb-0000:00:15.0-5/input0
[    3.479431] Bluetooth: Core ver 2.22
[    3.479458] NET: Registered PF_BLUETOOTH protocol family
[    3.479460] Bluetooth: HCI device and connection manager initialized
[    3.479466] Bluetooth: HCI socket layer initialized
[    3.479470] Bluetooth: L2CAP socket layer initialized
[    3.479475] Bluetooth: SCO socket layer initialized
[    3.507090] videodev: Linux video capture interface: v2.00
[    3.527517] logitech-djreceiver 0003:046D:C534.0003: hiddev0,hidraw2: USB HID v1.11 Mouse [Logitech USB Receiver] on usb-0000:00:15.0-5/input1
[    3.535413] i801_smbus 0000:00:1f.1: SPD Write Disable is set
[    3.535456] i801_smbus 0000:00:1f.1: SMBus using PCI interrupt
[    3.569456] input: PC Speaker as /devices/platform/pcspkr/input/input15
[    3.576981] usbcore: registered new interface driver btusb
[    3.580319] logitech-djreceiver 0003:046D:C534.0003: device of type eQUAD nano Lite (0x0a) connected on slot 1
[    3.580907] input: Logitech Wireless Keyboard PID:4023 Keyboard as /devices/pci0000:00/0000:00:15.0/usb1/1-5/1-5:1.1/0003:046D:C534.0003/0003:046D:4023.0004/input/input16
[    3.581025] hid-generic 0003:046D:4023.0004: input,hidraw3: USB HID v1.11 Keyboard [Logitech Wireless Keyboard PID:4023] on usb-0000:00:15.0-5/input1:1
[    3.582313] logitech-djreceiver 0003:046D:C534.0003: device of type eQUAD nano Lite (0x0a) connected on slot 2
[    3.582745] input: Logitech Wireless Mouse PID:4054 Mouse as /devices/pci0000:00/0000:00:15.0/usb1/1-5/1-5:1.1/0003:046D:C534.0003/0003:046D:4054.0005/input/input21
[    3.582912] input: Logitech Wireless Mouse PID:4054 Consumer Control as /devices/pci0000:00/0000:00:15.0/usb1/1-5/1-5:1.1/0003:046D:C534.0003/0003:046D:4054.0005/input/input22
[    3.582992] hid-generic 0003:046D:4054.0005: input,hidraw4: USB HID v1.11 Mouse [Logitech Wireless Mouse PID:4054] on usb-0000:00:15.0-5/input1:2
[    3.615388] Bluetooth: hci0: HW/SW Version: 0x008a008a, Build Time: 20260224111243
[    3.658399] uvcvideo 1-7:1.0: Found UVC 1.10 device Integrated Camera (04f2:b78e)
[    3.666600] usbcore: registered new interface driver uvcvideo
[    3.695853] RAPL PMU: API unit is 2^-32 Joules, 4 fixed counters, 655360 ms ovfl timer
[    3.698693] RAPL PMU: hw unit of domain pp0-core 2^-14 Joules
[    3.698697] RAPL PMU: hw unit of domain package 2^-14 Joules
[    3.698699] RAPL PMU: hw unit of domain dram 2^-14 Joules
[    3.698700] RAPL PMU: hw unit of domain pp1-gpu 2^-14 Joules
[    3.765913] Bluetooth: BNEP (Ethernet Emulation) ver 1.3
[    3.765925] Bluetooth: BNEP filters: protocol multicast
[    3.765932] Bluetooth: BNEP socket layer initialized
[    3.804569] intel_rapl_common: Found RAPL domain package
[    3.804577] intel_rapl_common: Found RAPL domain core
[    3.804580] intel_rapl_common: Found RAPL domain uncore
[    3.804582] intel_rapl_common: Found RAPL domain dram
[    3.809181] mt7921e 0000:03:00.0: ASIC revision: 79610010
[    3.824272] mei_hdcp 0000:00:0f.0-b638ab7e-94e2-4ea2-a552-d1c54b627f04: bound 0000:00:02.0 (ops i915_hdcp_ops)
[    3.840445] intel_telemetry_core Init
[    3.885206] Invalid pltconfig, ensure IPC1 device is enabled in BIOS
[    3.914179] mt7921e 0000:03:00.0: HW/SW Version: 0x8a108a10, Build Time: 20260224110909a

[    3.922504] input: Logitech Wireless Keyboard PID:4023 as /devices/pci0000:00/0000:00:15.0/usb1/1-5/1-5:1.1/0003:046D:C534.0003/0003:046D:4023.0004/input/input26
[    3.932508] snd_hda_intel 0000:00:0e.0: bound 0000:00:02.0 (ops intel_audio_component_bind_ops)
[    3.936107] logitech-hidpp-device 0003:046D:4023.0004: input,hidraw3: USB HID v1.11 Keyboard [Logitech Wireless Keyboard PID:4023] on usb-0000:00:15.0-5/input1:1
[    3.993685] snd_hda_codec_alc269 hdaudioC0D0: ALC257: picked fixup  for PCI SSID 17aa:0000
[    3.994720] snd_hda_codec_alc269 hdaudioC0D0: autoconfig for ALC257: line_outs=1 (0x14/0x0/0x0/0x0/0x0) type:speaker
[    3.994726] snd_hda_codec_alc269 hdaudioC0D0:    speaker_outs=0 (0x0/0x0/0x0/0x0/0x0)
[    3.994728] snd_hda_codec_alc269 hdaudioC0D0:    hp_outs=1 (0x21/0x0/0x0/0x0/0x0)
[    3.994731] snd_hda_codec_alc269 hdaudioC0D0:    mono: mono_out=0x0
[    3.994733] snd_hda_codec_alc269 hdaudioC0D0:    inputs:
[    3.994735] snd_hda_codec_alc269 hdaudioC0D0:      Internal Mic=0x12
[    3.994737] snd_hda_codec_alc269 hdaudioC0D0:      Mic=0x19
[    4.072117] input: HDA Digital PCBeep as /devices/pci0000:00/0000:00:0e.0/sound/card0/input27
[    4.072261] input: HDA Intel PCH Mic as /devices/pci0000:00/0000:00:0e.0/sound/card0/input28
[    4.072353] input: HDA Intel PCH Headphone as /devices/pci0000:00/0000:00:0e.0/sound/card0/input29
[    4.075292] input: HDA Intel PCH HDMI/DP,pcm=3 as /devices/pci0000:00/0000:00:0e.0/sound/card0/input30
[    4.075439] input: HDA Intel PCH HDMI/DP,pcm=7 as /devices/pci0000:00/0000:00:0e.0/sound/card0/input31
[    4.075716] input: HDA Intel PCH HDMI/DP,pcm=8 as /devices/pci0000:00/0000:00:0e.0/sound/card0/input32
[    4.176029] mt7921e 0000:03:00.0: WM Firmware Version: ____010000, Build Time: 20260224110949
[    5.296339] logitech-hidpp-device 0003:046D:4023.0004: HID++ 2.0 device connected.
[    6.576545] input: Logitech Wireless Mouse as /devices/pci0000:00/0000:00:15.0/usb1/1-5/1-5:1.1/0003:046D:C534.0003/0003:046D:4054.0005/input/input33
[    6.578349] logitech-hidpp-device 0003:046D:4054.0005: input,hidraw4: USB HID v1.11 Mouse [Logitech Wireless Mouse] on usb-0000:00:15.0-5/input1:2
[    6.622826] Bluetooth: hci0: Device setup in 2974288 usecs
[    6.622836] Bluetooth: hci0: HCI Enhanced Setup Synchronous Connection command is advertised, but not supported.
[    6.698996] Bluetooth: hci0: AOSP extensions version v1.00
[    6.699009] Bluetooth: hci0: AOSP quality report is supported
[    6.699350] Bluetooth: MGMT ver 1.23
[    6.709965] Bluetooth: RFCOMM TTY layer initialized
[    6.709977] Bluetooth: RFCOMM socket layer initialized
[    6.709982] Bluetooth: RFCOMM ver 1.11
[    7.470088] wlan0: authenticate with 02:00:00:00:01:02 (local address=02:00:00:00:00:01)
[    7.482741] wlan0: send auth to 02:00:00:00:01:02 (try 1/3)
[    7.487974] wlan0: send auth to 02:00:00:00:01:02 (try 2/3)
[    7.526929] wlan0: authenticated
[    7.528168] wlan0: associate with 02:00:00:00:01:02 (try 1/3)
[    7.573810] wlan0: RX AssocResp from 02:00:00:00:01:02 (capab=0x1831 status=0 aid=11)
[    7.582250] wlan0: associated
[    7.791136] wlan0: Limiting TX power to 30 (30 - 0) dBm as advertised by 02:00:00:00:01:02
[   12.147616] warning: `pipewire' uses wireless extensions which will stop working for Wi-Fi 7 hardware; use nl80211
