6.18.55-toros
root=PARTLABEL=torOS rootfstype=ext4 rootwait usb-storage.delay_use=0 rw quiet loglevel=0 net.ifnames=0 vt.global_cursor_default=0 fbcon=logo-pos:center 
session up: 7.88
3.43 runsvdir;3.53 udevd;4.38 labwc;7.88 sfwbar;
[    2.006522] usb-storage 2-1:1.0: USB Mass Storage device detected
[    2.007212] scsi host0: usb-storage 2-1:1.0
[    2.028355] sd 0:0:0:0: [sda] Attached SCSI removable disk
[    2.131539] EXT4-fs (sda2): mounted filesystem 595fb5bd-a646-4140-ba89-97b45226f860 r/w
[    2.153043] Run /sbin/init as init process
[    3.654901] udevd[208]: starting version 3.2.14
[    3.821461] udevd[208]: starting eudev-3.2.14
[    4.714899] mt7921e 0000:03:00.0: WM Firmware Version: ____010000, Build Time: 20260224
[    7.410938] Bluetooth: hci0: Device setup in 3055775 usecs
[    7.662480] wlan0: associated
00:00:01.292 [INFO] [render/egl.c:205] Supported EGL client extensions: EGL_EXT_device_base EGL_EXT_
00:00:01.369 [INFO] [render/gles2/renderer.c:538] Creating GLES2 renderer
00:00:01.886 [INFO] [../src/seat.c:162] configuring input device Power Button (event2)
00:00:01.890 [INFO] [../src/seat.c:162] configuring input device Video Bus (event3)
00:00:01.892 [INFO] [../src/seat.c:162] configuring input device Power Button (event1)
00:00:01.896 [INFO] [../src/seat.c:162] configuring input device ELAN0646:00 04F3:31B8 Mouse (event5
00:00:01.896 [INFO] [../src/seat.c:162] configuring input device ELAN0646:00 04F3:31B8 Touchpad (eve
00:00:01.902 [INFO] [../src/seat.c:162] configuring input device Ideapad extra buttons (event11)
soft blocked: 0
            State                 connected                                        
	Powered: yes
services not running: 0
159
RAM used (total - free - buffers - cache): 168 MB
### Tue Oct  6 07:19:28 +03 2026 (boot)
### memory
               total        used        free      shared  buff/cache   available
Mem:            3477         404        2922          26         386        3073
Swap:           2047           0        2047
RAM used (total - free - buffers - cache): 168 MB
  RSS USER     COMMAND
127892 rayyan  labwc -V
45780 rayyan   sfwbar -f /etc/xdg/sfwbar/sfwbar.config
30472 rayyan   /usr/bin/wireplumber
10616 rayyan   pipewire
 8852 root     sshd-session: root [postauth]
 8084 rayyan   swaybg -m fill -c #1b1d24 -i /usr/share/toros/wallpaper-dark.png
 7940 rayyan   /usr/bin/pipewire -c pipewire-pulse.conf
 7140 root     sshd: /usr/bin/sshd -D [listener] 0 of 10-100 startups
 6120 root     sshd-session: root@notty
 5136 root     /usr/libexec/iwd -d
 5056 root     udevd
 4880 root     /usr/libexec/bluetooth/bluetoothd -n
 4064 rayyan   -bash
 3156 root     ps -eo rss,user,args --sort=-rss
 3020 root     bash -c uname -r; cat /proc/cmdline; while [ ! -s /run/user/1000/toros-session-up ]; do sleep 1
 2804 dbus     dbus-daemon --system --nofork --nopidfile
 2652 rayyan   dbus-daemon --nofork --print-address 4 --session
 2648 root     login -- rayyan
 2384 root     agetty --noclear tty2 38400 linux
 2196 tpws     /opt/zapret/nfq/nfqws --user=tpws --dpi-desync-fwmark=0x40000000 --qnum=200 --dpi-desync=fake -
 2168 rayyan   swayidle -w timeout 600 wlopm --off \* resume wlopm --on \*
 1892 root     /usr/bin/seatd -g _seatd
 1820 root     acpid -f -l
 1724 root     /bin/sh /usr/lib/toros/hwlog boot
### swap
NAME       ALGORITHM DISKSIZE DATA COMPR TOTAL STREAMS MOUNTPOINT
/dev/zram0 zstd            2G   4K   69B   20K         [SWAP]
vm.swappiness = 150
vm.page-cluster = 0
### rfkill
0: ideapad_wlan: Wireless LAN
	Soft blocked: no
	Hard blocked: no
1: ideapad_bluetooth: Bluetooth
	Soft blocked: no
	Hard blocked: no
2: hci0: Bluetooth
	Soft blocked: no
	Hard blocked: no
3: phy0: Wireless LAN
	Soft blocked: no
	Hard blocked: no
### usb
Bus 001 Device 001: ID 1d6b:0002 Linux Foundation 2.0 root hub
Bus 001 Device 002: ID 0489:e0cd Foxconn / Hon Hai Wireless_Device
Bus 001 Device 003: ID 046d:c534 Logitech, Inc. Unifying Receiver
Bus 001 Device 004: ID 04f2:b78e Chicony Electronics Co., Ltd Integrated Camera
Bus 002 Device 001: ID 1d6b:0003 Linux Foundation 3.0 root hub
Bus 002 Device 002: ID 30de:6544 KIOXIA TransMemory
### bluetooth
Controller 02:00:00:00:00:02 (public)
	Manufacturer: 0x0046 (70)
	Version: 0x0c (12)
	Name: BlueZ 5.86
	Alias: BlueZ 5.86
	Class: 0x006c010c (7078156)
	Powered: yes
	PowerState: on
	Discoverable: no
	DiscoverableTimeout: 0x000000b4 (180)
	Pairable: yes
	UUID: A/V Remote Control        (0000110e-0000-1000-8000-00805f9b34fb)
	UUID: Handsfree Audio Gateway   (0000111f-0000-1000-8000-00805f9b34fb)
	UUID: PnP Information           (00001200-0000-1000-8000-00805f9b34fb)
	UUID: Audio Sink                (0000110b-0000-1000-8000-00805f9b34fb)
	UUID: Audio Source              (0000110a-0000-1000-8000-00805f9b34fb)
	UUID: A/V Remote Control Target (0000110c-0000-1000-8000-00805f9b34fb)
	UUID: Generic Access Profile    (00001800-0000-1000-8000-00805f9b34fb)
	UUID: Generic Attribute Profile (00001801-0000-1000-8000-00805f9b34fb)
	UUID: Device Information        (0000180a-0000-1000-8000-00805f9b34fb)
	UUID: Vendor specific           (03b80e5a-ede8-4b33-a751-6ce34ec4c700)
	UUID: Handsfree                 (0000111e-0000-1000-8000-00805f9b34fb)
	Modalias: usb:v1D6Bp0246d0556
	Discovering: no
	Roles: central
	Roles: peripheral
Advertising Features:
	ActiveInstances: 0x00 (0)
	SupportedInstances: 0x14 (20)
	SupportedIncludes: tx-power
	SupportedIncludes: appearance
	SupportedIncludes: local-name
	SupportedSecondaryChannels: 1M
	SupportedSecondaryChannels: 2M
	SupportedSecondaryChannels: Coded
	SupportedCapabilities.MinTxPower: 0xfffffff2 (-14)
	SupportedCapabilities.MaxTxPower: 0x000d (13)
	SupportedCapabilities.MaxAdvLen: 0xfb (251)
	SupportedCapabilities.MaxScnRspLen: 0xfb (251)
	SupportedFeatures: CanSetTxPower
	SupportedFeatures: HardwareOffload
Device 02:00:00:00:02:01 R-Phonak işitme cihazı
### services
run: /var/service/acpid: (pid 230) 67s; run: log: (pid 229) 67s
run: /var/service/agetty-tty1: (pid 221) 67s
run: /var/service/agetty-tty2: (pid 210) 67s
run: /var/service/bluetoothd: (pid 220) 67s; run: log: (pid 219) 67s
run: /var/service/dbus: (pid 215) 67s; run: log: (pid 214) 67s
run: /var/service/iwd: (pid 224) 67s; run: log: (pid 223) 67s
run: /var/service/seatd: (pid 212) 67s; run: log: (pid 211) 67s
run: /var/service/sshd: (pid 217) 67s; run: log: (pid 216) 67s
run: /var/service/udevd: (pid 208) 67s; run: log: (pid 207) 67s
run: /var/service/zapret: (pid 204) 67s
### network
lo               UNKNOWN        127.0.0.1/8 ::1/128 
wlan0            UP             192.168.1.60/24 2001:db8::1/128 fe80::1/64 
### modules
rfcomm                102400  4
snd_sof_pci_intel_apl    12288  0
snd_sof_intel_hda_generic    32768  1 snd_sof_pci_intel_apl
snd_sof_pci            24576  2 snd_sof_intel_hda_generic,snd_sof_pci_intel_apl
snd_sof_xtensa_dsp     16384  1 snd_sof_intel_hda_generic
snd_sof_intel_hda_common   163840  2 snd_sof_intel_hda_generic,snd_sof_pci_intel_apl
snd_sof_intel_hda      20480  2 snd_sof_intel_hda_common,snd_sof_intel_hda_generic
snd_sof               446464  4 snd_sof_pci,snd_sof_intel_hda_common,snd_sof_intel_hda_generic,snd_sof_intel_hda
snd_sof_utils          16384  1 snd_sof
snd_sof_intel_hda_mlink    36864  2 snd_sof_intel_hda_common,snd_sof_intel_hda_generic
mt7921e                24576  0
mt7921_common          94208  1 mt7921e
mt792x_lib             61440  2 mt7921e,mt7921_common
btusb                  81920  0
btrtl                  32768  1 btusb
btintel                73728  1 btusb
bnep                   32768  2
btbcm                  24576  1 btusb
btmtk                  32768  1 btusb
bluetooth            1110016  34 btrtl,btmtk,btintel,btbcm,bnep,btusb,rfcomm
ideapad_laptop         53248  0
### kernel log
[    0.000000] Linux version 6.18.55-toros (root@bfa3e6b8ffc4) (gcc (GCC) 14.2.1 20250405, GNU ld (GNU Binutils) 2.44) #1 SMP PREEMPT Tue Oct  6 04:10:50 UTC 2026
[    0.000000] Command line: 
[    0.000000] BIOS-provided physical RAM map:
[    0.000000] BIOS-e820: [mem 0x0000000000000000-0x0000000000000fff] reserved
[    0.000000] BIOS-e820: [mem 0x0000000000001000-0x0000000000057fff] usable
[    0.000000] BIOS-e820: [mem 0x0000000000058000-0x0000000000058fff] reserved
[    0.000000] BIOS-e820: [mem 0x0000000000059000-0x0000000000085fff] usable
[    0.000000] BIOS-e820: [mem 0x0000000000086000-0x00000000000fffff] reserved
[    0.000000] BIOS-e820: [mem 0x0000000000100000-0x000000000fffffff] usable
[    0.000000] BIOS-e820: [mem 0x0000000010000000-0x0000000012150fff] reserved
[    0.000000] BIOS-e820: [mem 0x0000000012151000-0x000000006407efff] usable
[    0.000000] BIOS-e820: [mem 0x000000006407f000-0x000000006752efff] reserved
[    0.000000] BIOS-e820: [mem 0x000000006752f000-0x000000006758efff] ACPI NVS
[    0.000000] BIOS-e820: [mem 0x000000006758f000-0x00000000675cefff] ACPI data
[    0.000000] BIOS-e820: [mem 0x00000000675cf000-0x0000000068c8dfff] usable
[    0.000000] BIOS-e820: [mem 0x0000000068c8e000-0x000000006958dfff] reserved
[    0.000000] BIOS-e820: [mem 0x000000006958e000-0x0000000069bfffff] usable
[    0.000000] BIOS-e820: [mem 0x0000000069c00000-0x000000007fffffff] reserved
[    0.000000] BIOS-e820: [mem 0x00000000d3709000-0x00000000d3709fff] reserved
[    0.000000] BIOS-e820: [mem 0x00000000e0000000-0x00000000e3ffffff] reserved
[    0.000000] BIOS-e820: [mem 0x00000000fed01000-0x00000000fed01fff] reserved
[    0.000000] BIOS-e820: [mem 0x00000000ff800000-0x00000000ffffffff] reserved
[    0.000000] BIOS-e820: [mem 0x0000000100000000-0x000000017fffffff] usable
[    0.000000] NX (Execute Disable) protection: active
[    0.000000] APIC: Static calls initialized
[    0.000000] efi: EFI v2.6 by INSYDE Corp.
[    0.000000] efi: ACPI=0x675ce000 ACPI 2.0=0x675ce014 SMBIOS=0x640ce000 SMBIOS 3.0=0x640cc000 ESRT=0x62214798 RNG=0x675a2018 
[    0.000000] random: crng init done
[    0.000000] efi: Not removing mem46: MMIO range=[0xd3709000-0xd3709fff] (4KB) from e820 map
[    0.000000] efi: Remove mem47: MMIO range=[0xe0000000-0xe3ffffff] (64MB) from e820 map
[    0.000000] e820: remove [mem 0xe0000000-0xe3ffffff] reserved
[    0.000000] efi: Not removing mem48: MMIO range=[0xfed01000-0xfed01fff] (4KB) from e820 map
[    0.000000] efi: Remove mem49: MMIO range=[0xff800000-0xffffffff] (8MB) from e820 map
[    0.000000] e820: remove [mem 0xff800000-0xffffffff] reserved
[    0.000000] SMBIOS 3.0.1 present.
[    0.000000] DMI: LENOVO 82V6/LNVNB161216, BIOS KKCN10WW 04/14/2022
[    0.000000] DMI: Memory slots populated: 1/1
[    0.000000] tsc: Detected 1094.400 MHz processor
[    0.000031] e820: update [mem 0x00000000-0x00000fff] usable ==> reserved
[    0.000039] e820: remove [mem 0x000a0000-0x000fffff] usable
[    0.000063] last_pfn = 0x180000 max_arch_pfn = 0x400000000
[    0.000079] MTRR map: 8 entries (3 fixed + 5 variable; max 23), built from 10 variable MTRRs
[    0.000084] x86/PAT: Configuration [0-7]: WB  WC  UC- UC  WB  WP  UC- WT  
[    0.000164] last_pfn = 0x69c00 max_arch_pfn = 0x400000000
[    0.009697] esrt: Reserving ESRT space from 0x0000000062214798 to 0x00000000622147f8.
[    0.009712] e820: update [mem 0x62214000-0x62214fff] usable ==> reserved
[    0.009756] Using GB pages for direct mapping
[    0.010661] Secure boot disabled
[    0.010665] ACPI: Early table checksum verification disabled
[    0.010672] ACPI: RSDP 0x00000000675CE014 000024 (v02 LENOVO)
[    0.010682] ACPI: XSDT 0x00000000675AB188 0000F4 (v01 LENOVO CB-01    00000001      01000013)
[    0.010696] ACPI: FACP 0x00000000675C6000 000114 (v06 LENOVO CB-01    00000001 ACPI 00040000)
[    0.010710] ACPI: DSDT 0x00000000675B2000 00C908 (v02 LENOVO CB-01    00000001 ACPI 00040000)
[    0.010719] ACPI: FACS 0x0000000067589000 000040
[    0.010724] ACPI: FACS 0x0000000067589000 000040
[    0.010730] ACPI: UEFI 0x00000000675CD000 000236 (v01 LENOVO CB-01    00000001 ACPI 00040000)
[    0.010738] ACPI: UEFI 0x00000000675CC000 000042 (v01 LENOVO CB-01    00000001 ACPI 00040000)
[    0.010745] ACPI: MSDM 0x00000000675CB000 000055 (v03 LENOVO CB-01    00000001 ACPI 00040000)
[    0.010753] ACPI: BDAT 0x00000000675CA000 000030 (v02 LENOVO CB-01    00000001 ACPI 00040000)
[    0.010760] ACPI: HPET 0x00000000675C5000 000038 (v01 LENOVO CB-01    00000001 ACPI 00040000)
[    0.010767] ACPI: LPIT 0x00000000675C4000 00005C (v01 LENOVO CB-01    00000001 ACPI 00040000)
[    0.010774] ACPI: APIC 0x00000000675C3000 000084 (v03 LENOVO CB-01    00000001 ACPI 00040000)
[    0.010781] ACPI: MCFG 0x00000000675C2000 00003C (v01 LENOVO CB-01    00000001 ACPI 00040000)
[    0.010788] ACPI: NPKT 0x00000000675C1000 000065 (v01 LENOVO CB-01    00000001 ACPI 00040000)
[    0.010796] ACPI: PRAM 0x00000000675C0000 000030 (v01 LENOVO CB-01    00000001 ACPI 00040000)
[    0.010803] ACPI: WSMT 0x00000000675BF000 000028 (v01 LENOVO CB-01    00000001 ACPI 00040000)
[    0.010810] ACPI: SSDT 0x00000000675B0000 0016F6 (v02 LENOVO CB-01    00000001 ACPI 00040000)
[    0.010817] ACPI: SSDT 0x00000000675AF000 0008B1 (v01 LENOVO CB-01    00000001 ACPI 00040000)
[    0.010825] ACPI: SSDT 0x00000000675AE000 00047B (v02 LENOVO CB-01    00000001 ACPI 00040000)
[    0.010832] ACPI: SSDT 0x00000000675AD000 00072B (v02 LENOVO CB-01    00000001 ACPI 00040000)
[    0.010839] ACPI: SSDT 0x00000000675AC000 00032D (v02 LENOVO CB-01    00000001 ACPI 00040000)
[    0.010846] ACPI: SSDT 0x00000000675AA000 00017C (v02 LENOVO CB-01    00000001 ACPI 00040000)
[    0.010854] ACPI: SSDT 0x00000000675A7000 0027A5 (v02 LENOVO CB-01    00000001 ACPI 00040000)
[    0.010861] ACPI: SSDT 0x00000000675A6000 00005C (v02 LENOVO CB-01    00000001 ACPI 00040000)
[    0.010868] ACPI: FPDT 0x00000000675A5000 000044 (v01 LENOVO CB-01    00000001 ACPI 00040000)
[    0.010875] ACPI: BGRT 0x00000000675A4000 000038 (v01 LENOVO CB-01    00000001 ACPI 00040000)
[    0.010882] ACPI: DBGP 0x00000000675C8000 000034 (v01 LENOVO CB-01    00000001 ACPI 00040000)
[    0.010890] ACPI: DBG2 0x00000000675C9000 000072 (v00 LENOVO CB-01    00000001 ACPI 00040000)
[    0.010897] ACPI: DMAR 0x00000000675C7000 0000A8 (v01 LENOVO CB-01    00000001 ACPI 00040000)
[    0.010904] ACPI: WDAT 0x00000000675A3000 000104 (v01 LENOVO CB-01    00000001 ACPI 00040000)
[    0.010910] ACPI: Reserving FACP table memory at [mem 0x675c6000-0x675c6113]
[    0.010914] ACPI: Reserving DSDT table memory at [mem 0x675b2000-0x675be907]
[    0.010917] ACPI: Reserving FACS table memory at [mem 0x67589000-0x6758903f]
[    0.010920] ACPI: Reserving FACS table memory at [mem 0x67589000-0x6758903f]
[    0.010922] ACPI: Reserving UEFI table memory at [mem 0x675cd000-0x675cd235]
[    0.010924] ACPI: Reserving UEFI table memory at [mem 0x675cc000-0x675cc041]
[    0.010927] ACPI: Reserving MSDM table memory at [mem 0x675cb000-0x675cb054]
[    0.010929] ACPI: Reserving BDAT table memory at [mem 0x675ca000-0x675ca02f]
[    0.010932] ACPI: Reserving HPET table memory at [mem 0x675c5000-0x675c5037]
[    0.010934] ACPI: Reserving LPIT table memory at [mem 0x675c4000-0x675c405b]
[    0.010937] ACPI: Reserving APIC table memory at [mem 0x675c3000-0x675c3083]
[    0.010939] ACPI: Reserving MCFG table memory at [mem 0x675c2000-0x675c203b]
[    0.010942] ACPI: Reserving NPKT table memory at [mem 0x675c1000-0x675c1064]
[    0.010944] ACPI: Reserving PRAM table memory at [mem 0x675c0000-0x675c002f]
[    0.010946] ACPI: Reserving WSMT table memory at [mem 0x675bf000-0x675bf027]
[    0.010949] ACPI: Reserving SSDT table memory at [mem 0x675b0000-0x675b16f5]
[    0.010951] ACPI: Reserving SSDT table memory at [mem 0x675af000-0x675af8b0]
[    0.010954] ACPI: Reserving SSDT table memory at [mem 0x675ae000-0x675ae47a]
[    0.010957] ACPI: Reserving SSDT table memory at [mem 0x675ad000-0x675ad72a]
[    0.010959] ACPI: Reserving SSDT table memory at [mem 0x675ac000-0x675ac32c]
[    0.010961] ACPI: Reserving SSDT table memory at [mem 0x675aa000-0x675aa17b]
[    0.010964] ACPI: Reserving SSDT table memory at [mem 0x675a7000-0x675a97a4]
[    0.010966] ACPI: Reserving SSDT table memory at [mem 0x675a6000-0x675a605b]
[    0.010969] ACPI: Reserving FPDT table memory at [mem 0x675a5000-0x675a5043]
[    0.010971] ACPI: Reserving BGRT table memory at [mem 0x675a4000-0x675a4037]
[    0.010974] ACPI: Reserving DBGP table memory at [mem 0x675c8000-0x675c8033]
[    0.010976] ACPI: Reserving DBG2 table memory at [mem 0x675c9000-0x675c9071]
[    0.010979] ACPI: Reserving DMAR table memory at [mem 0x675c7000-0x675c70a7]
[    0.010982] ACPI: Reserving WDAT table memory at [mem 0x675a3000-0x675a3103]
[    0.011055] Zone ranges:
[    0.011057]   DMA      [mem 0x0000000000001000-0x0000000000ffffff]
[    0.011063]   DMA32    [mem 0x0000000001000000-0x00000000ffffffff]
[    0.011067]   Normal   [mem 0x0000000100000000-0x000000017fffffff]
[    0.011071]   Device   empty
[    0.011074] Movable zone start for each node
[    0.011076] Early memory node ranges
[    0.011077]   node   0: [mem 0x0000000000001000-0x0000000000057fff]
[    0.011081]   node   0: [mem 0x0000000000059000-0x0000000000085fff]
[    0.011084]   node   0: [mem 0x0000000000100000-0x000000000fffffff]
[    0.011087]   node   0: [mem 0x0000000012151000-0x000000006407efff]
[    0.011090]   node   0: [mem 0x00000000675cf000-0x0000000068c8dfff]
[    0.011093]   node   0: [mem 0x000000006958e000-0x0000000069bfffff]
[    0.011095]   node   0: [mem 0x0000000100000000-0x000000017fffffff]
[    0.011100] Initmem setup node 0 [mem 0x0000000000001000-0x000000017fffffff]
[    0.011114] On node 0, zone DMA: 1 pages in unavailable ranges
[    0.011118] On node 0, zone DMA: 1 pages in unavailable ranges
[    0.011184] On node 0, zone DMA: 122 pages in unavailable ranges
[    0.018543] On node 0, zone DMA32: 8529 pages in unavailable ranges
[    0.018923] On node 0, zone DMA32: 13648 pages in unavailable ranges
[    0.019001] On node 0, zone DMA32: 2304 pages in unavailable ranges
[    0.028793] On node 0, zone Normal: 25600 pages in unavailable ranges
[    0.028823] Reserving Intel graphics memory at [mem 0x7c000000-0x7fffffff]
[    0.029140] ACPI: PM-Timer IO Port: 0x408
[    0.029160] ACPI: LAPIC_NMI (acpi_id[0x01] high level lint[0x1])
[    0.029165] ACPI: LAPIC_NMI (acpi_id[0x02] high level lint[0x1])
[    0.029168] ACPI: LAPIC_NMI (acpi_id[0x03] high level lint[0x1])
[    0.029170] ACPI: LAPIC_NMI (acpi_id[0x04] high level lint[0x1])
[    0.029209] IOAPIC[0]: apic_id 1, version 32, address 0xfec00000, GSI 0-119
[    0.029216] ACPI: INT_SRC_OVR (bus 0 bus_irq 0 global_irq 2 dfl dfl)
[    0.029222] ACPI: INT_SRC_OVR (bus 0 bus_irq 9 global_irq 9 low level)
[    0.029231] ACPI: Using ACPI (MADT) for SMP configuration information
[    0.029234] ACPI: HPET id: 0x8086a701 base: 0xfed00000
[    0.029256] e820: update [mem 0x61126000-0x611a1fff] usable ==> reserved
[    0.029293] TSC deadline timer available
[    0.029313] CPU topo: Max. logical packages:   1
[    0.029315] CPU topo: Max. logical dies:       1
[    0.029316] CPU topo: Max. dies per package:   1
[    0.029334] CPU topo: Max. threads per core:   1
[    0.029336] CPU topo: Num. cores per package:     2
[    0.029338] CPU topo: Num. threads per package:   2
[    0.029340] CPU topo: Allowing 2 present CPUs plus 0 hotplug CPUs
[    0.029395] [mem 0x80000000-0xd3708fff] available for PCI devices
[    0.029400] Booting paravirtualized kernel on bare hardware
[    0.029405] clocksource: refined-jiffies: mask: 0xffffffff max_cycles: 0xffffffff, max_idle_ns: 1910969940391419 ns
[    0.047151] setup_percpu: NR_CPUS:4 nr_cpumask_bits:2 nr_cpu_ids:2 nr_node_ids:1
[    0.047787] percpu: Embedded 51 pages/cpu s172032 r8192 d28672 u1048576
[    0.047806] pcpu-alloc: s172032 r8192 d28672 u1048576 alloc=1*2097152
[    0.047814] pcpu-alloc: [0] 0 1 
[    0.047857] Kernel command line: root=PARTLABEL=torOS rootfstype=ext4 rootwait usb-storage.delay_use=0 rw quiet loglevel=0 net.ifnames=0 vt.global_cursor_default=0 fbcon=logo-pos:center 
[    0.048242] printk: log buffer data + meta data: 524288 + 1835008 = 2359296 bytes
[    0.049318] Dentry cache hash table entries: 524288 (order: 10, 4194304 bytes, linear)
[    0.049882] Inode-cache hash table entries: 262144 (order: 9, 2097152 bytes, linear)
[    0.049994] software IO TLB: area num 2.
[    0.086606] Built 1 zonelists, mobility grouping on.  Total pages: 932835
[    0.086636] mem auto-init: stack:all(zero), heap alloc:on, heap free:off
[    0.115928] SLUB: HWalign=64, Order=0-3, MinObjects=0, CPUs=2, Nodes=1
[    0.116159] rcu: Preemptible hierarchical RCU implementation.
[    0.116162] rcu: 	RCU restricting CPUs from NR_CPUS=4 to nr_cpu_ids=2.
[    0.116165] 	Trampoline variant of Tasks RCU enabled.
[    0.116167] 	Tracing variant of Tasks RCU enabled.
[    0.116169] rcu: RCU calculated value of scheduler-enlistment delay is 100 jiffies.
[    0.116171] rcu: Adjusting geometry for rcu_fanout_leaf=16, nr_cpu_ids=2
[    0.116189] RCU Tasks: Setting shift to 1 and lim to 1 rcu_task_cb_adjust=1 rcu_task_cpu_ids=2.
[    0.116194] RCU Tasks Trace: Setting shift to 1 and lim to 1 rcu_task_cb_adjust=1 rcu_task_cpu_ids=2.
[    0.116210] NR_IRQS: 4352, nr_irqs: 512, preallocated irqs: 16
[    0.116588] rcu: srcu_init: Setting srcu_struct sizes based on contention.
[    0.116743] clocksource: jiffies: mask: 0xffffffff max_cycles: 0xffffffff, max_idle_ns: 1911260446275000 ns
[    0.116910] Console: colour dummy device 80x25
[    0.116918] printk: legacy console [tty0] enabled
[    0.117013] ACPI: Core revision 20250807
[    0.117631] clocksource: hpet: mask: 0xffffffff max_cycles: 0xffffffff, max_idle_ns: 99544814920 ns
[    0.117741] APIC: Switch to symmetric I/O mode setup
[    0.117749] DMAR: Host address width 39
[    0.117753] DMAR: DRHD base: 0x000000fed64000 flags: 0x0
[    0.117770] DMAR: dmar0: reg_base_addr fed64000 ver 1:0 cap 1c0000c40660462 ecap 9e2ff0505e
[    0.117778] DMAR: DRHD base: 0x000000fed65000 flags: 0x1
[    0.117791] DMAR: dmar1: reg_base_addr fed65000 ver 1:0 cap d2008c40660462 ecap f050da
[    0.117799] DMAR: RMRR base: 0x00000067470000 end: 0x0000006748ffff
[    0.117805] DMAR: RMRR base: 0x0000007b800000 end: 0x0000007fffffff
[    0.117812] DMAR-IR: IOAPIC id 1 under DRHD base  0xfed65000 IOMMU 1
[    0.117816] DMAR-IR: HPET id 0 under DRHD base 0xfed65000
[    0.117821] DMAR-IR: Queued invalidation will be enabled to support x2apic and Intr-remapping.
[    0.120440] DMAR-IR: Enabled IRQ remapping in x2apic mode
[    0.120448] x2apic enabled
[    0.120602] APIC: Switched APIC routing to: cluster x2apic
[    0.125214] ..TIMER: vector=0x30 apic1=0 pin1=2 apic2=-1 pin2=-1
[    0.129694] clocksource: tsc-early: mask: 0xffffffffffffffff max_cycles: 0xfc66f4fc7c, max_idle_ns: 440795224246 ns
[    0.129713] Calibrating delay loop (skipped), value calculated using timer frequency.. 2188.80 BogoMIPS (lpj=1094400)
[    0.129811] CPU0: Thermal monitoring enabled (TM1)
[    0.129818] x86/cpu: User Mode Instruction Prevention (UMIP) activated
[    0.129942] Last level iTLB entries: 4KB 0, 2MB 0, 4MB 0
[    0.129947] Last level dTLB entries: 4KB 0, 2MB 0, 4MB 0, 1GB 0
[    0.129959] process: using mwait in idle threads
[    0.129964] mitigations: Enabled attack vectors: user_kernel, user_user, SMT mitigations: auto
[    0.129977] Speculative Store Bypass: Mitigation: Speculative Store Bypass disabled via prctl
[    0.129982] Spectre V2 : Mitigation: Enhanced / Automatic IBRS
[    0.129985] Register File Data Sampling: Mitigation: Clear Register File
[    0.129989] Spectre V1 : Mitigation: usercopy/swapgs barriers and __user pointer sanitization
[    0.130002] Spectre V2 : Enabling IBPB for BPF
[    0.130008] Spectre V2 : mitigation: Enabling conditional Indirect Branch Prediction Barrier
[    0.130023] x86/fpu: Supporting XSAVE feature 0x001: 'x87 floating point registers'
[    0.130028] x86/fpu: Supporting XSAVE feature 0x002: 'SSE registers'
[    0.130032] x86/fpu: Supporting XSAVE feature 0x008: 'MPX bounds registers'
[    0.130035] x86/fpu: Supporting XSAVE feature 0x010: 'MPX CSR'
[    0.130040] x86/fpu: xstate_offset[3]:  576, xstate_sizes[3]:   64
[    0.130045] x86/fpu: xstate_offset[4]:  640, xstate_sizes[4]:   64
[    0.130049] x86/fpu: Enabled xstate features 0x1b, context size is 704 bytes, using 'compacted' format.
[    0.197833] Freeing SMP alternatives memory: 48K
[    0.197849] pid_max: default: 32768 minimum: 301
[    0.197982] LSM: initializing lsm=capability,landlock,yama
[    0.198146] landlock: Up and running.
[    0.198150] Yama: becoming mindful.
[    0.198239] Mount-cache hash table entries: 8192 (order: 4, 65536 bytes, linear)
[    0.198263] Mountpoint-cache hash table entries: 8192 (order: 4, 65536 bytes, linear)
[    0.199881] smpboot: CPU0: Intel(R) Celeron(R) N4020 CPU @ 1.10GHz (family: 0x6, model: 0x7a, stepping: 0x8)
[    0.200563] Performance Events: PEBS fmt3+, Goldmont plus events, 32-deep LBR, full-width counters, Intel PMU driver.
[    0.200624] ... version:                   4
[    0.200627] ... bit width:                 48
[    0.200630] ... generic counters:          4
[    0.200633] ... generic bitmap:            000000000000000f
[    0.200636] ... fixed-purpose counters:    3
[    0.200639] ... fixed-purpose bitmap:      0000000000000007
[    0.200642] ... value mask:                0000ffffffffffff
[    0.200645] ... max period:                00007fffffffffff
[    0.200648] ... global_ctrl mask:          000000070000000f
[    0.200867] signal: max sigframe size: 2032
[    0.200906] Estimated ratio of average max frequency by base frequency (times 1024): 2606
[    0.201127] rcu: Hierarchical SRCU implementation.
[    0.201132] rcu: 	Max phase no-delay instances is 400.
[    0.201305] Timer migration: 1 hierarchy levels; 8 children per group; 1 crossnode level
[    0.201937] NMI watchdog: Enabled. Permanently consumes one hw-PMU counter.
[    0.202046] smp: Bringing up secondary CPUs ...
[    0.202387] smpboot: x86: Booting SMP configuration:
[    0.202392] .... node  #0, CPUs:      #1
[    0.204884] smp: Brought up 1 node, 2 CPUs
[    0.204884] smpboot: Total of 2 processors activated (4377.60 BogoMIPS)
[    0.205046] Memory: 3481416K/3731340K available (17528K kernel code, 2610K rwdata, 7888K rodata, 2668K init, 3932K bss, 241560K reserved, 0K cma-reserved)
[    0.205989] devtmpfs: initialized
[    0.205989] x86/mm: Memory block size: 128MB
[    0.207973] ACPI: PM: Registering ACPI NVS region [mem 0x6752f000-0x6758efff] (393216 bytes)
[    0.208085] posixtimers hash table entries: 1024 (order: 2, 16384 bytes, linear)
[    0.208085] futex hash table entries: 512 (32768 bytes on 1 NUMA nodes, total 32 KiB, linear).
[    0.208731] pinctrl core: initialized pinctrl subsystem
[    0.209113] PM: RTC time: 04:18:17, date: 2026-10-06
[    0.210775] NET: Registered PF_NETLINK/PF_ROUTE protocol family
[    0.211371] DMA: preallocated 512 KiB GFP_KERNEL pool for atomic allocations
[    0.211508] DMA: preallocated 512 KiB GFP_KERNEL|GFP_DMA pool for atomic allocations
[    0.211653] DMA: preallocated 512 KiB GFP_KERNEL|GFP_DMA32 pool for atomic allocations
[    0.211971] thermal_sys: Registered thermal governor 'bang_bang'
[    0.211977] thermal_sys: Registered thermal governor 'step_wise'
[    0.211980] thermal_sys: Registered thermal governor 'user_space'
[    0.211983] thermal_sys: Registered thermal governor 'power_allocator'
[    0.212019] cpuidle: using governor ladder
[    0.212019] cpuidle: using governor menu
[    0.220485] efi: Freeing EFI boot services memory: 65104K
[    0.220496] ACPI FADT declares the system doesn't support PCIe ASPM, so disable it
[    0.220501] acpiphp: ACPI Hot Plug PCI Controller Driver version: 0.5
[    0.220716] PCI: ECAM [mem 0xe0000000-0xe3ffffff] (base 0xe0000000) for domain 0000 [bus 00-3f]
[    0.220750] PCI: Using configuration type 1 for base access
[    0.221792] HugeTLB: registered 1.00 GiB page size, pre-allocated 0 pages
[    0.221792] HugeTLB: 16380 KiB vmemmap can be freed for a 1.00 GiB page
[    0.221792] HugeTLB: registered 2.00 MiB page size, pre-allocated 0 pages
[    0.221792] HugeTLB: 28 KiB vmemmap can be freed for a 2.00 MiB page
[    0.224440] ACPI: Added _OSI(Module Device)
[    0.224446] ACPI: Added _OSI(Processor Device)
[    0.224450] ACPI: Added _OSI(Processor Aggregator Device)
[    0.244950] ACPI: 9 ACPI AML tables successfully acquired and loaded
[    0.252127] ACPI: Dynamic OEM Table Load:
[    0.252153] ACPI: SSDT 0xFFFF897580B6B800 000102 (v02 PmRef  Cpu0Cst  00003001 INTL 20130117)
[    0.254004] ACPI: Dynamic OEM Table Load:
[    0.254025] ACPI: SSDT 0xFFFF897580B6B000 00015F (v02 PmRef  ApIst    00003000 INTL 20130117)
[    0.255574] ACPI: Dynamic OEM Table Load:
[    0.255593] ACPI: SSDT 0xFFFF897580AF4480 00008D (v02 PmRef  ApCst    00003000 INTL 20130117)
[    0.257527] ACPI: EC: EC started
[    0.257532] ACPI: EC: interrupt blocked
[    0.259110] ACPI: EC: EC_CMD/EC_SC=0x66, EC_DATA=0x62
[    0.259119] ACPI: \_SB_.PCI0.LPCB.EC0_: Boot DSDT EC used to handle transactions
[    0.259124] ACPI: Interpreter enabled
[    0.259182] ACPI: PM: (supports S0 S3 S5)
[    0.259186] ACPI: Using IOAPIC for interrupt routing
[    0.261378] PCI: Using host bridge windows from ACPI; if necessary, use "pci=nocrs" and report a bug
[    0.261384] PCI: Using E820 reservations for host bridge windows
[    0.262002] ACPI: Enabled 6 GPEs in block 00 to 7F
[    0.265410] ACPI: \_SB_.PCI0.RP01.PXSX.DRST: New power resource
[    0.265929] ACPI: \_SB_.PCI0.RP02.PXSX.DRST: New power resource
[    0.266736] ACPI: \_SB_.PCI0.RP04.PXSX.DRST: New power resource
[    0.267249] ACPI: \_SB_.PCI0.RP05.PXSX.DRST: New power resource
[    0.267781] ACPI: \_SB_.PCI0.RP06.PXSX.DRST: New power resource
[    0.274678] ACPI: \_SB_.PCI0.CNVW.WRST: New power resource
[    0.284027] ACPI: PCI Root Bridge [PCI0] (domain 0000 [bus 00-ff])
[    0.284047] acpi PNP0A08:00: _OSC: OS supports [ExtendedConfig ASPM ClockPM Segments MSI HPX-Type3]
[    0.285374] acpi PNP0A08:00: _OSC: OS now controls [PCIeHotplug SHPCHotplug PME AER PCIeCapability LTR]
[    0.285381] acpi PNP0A08:00: FADT indicates ASPM is unsupported, using BIOS configuration
[    0.285390] acpi PNP0A08:00: [Firmware Info]: ECAM [mem 0xe0000000-0xe3ffffff] for domain 0000 [bus 00-3f] only partially covers this bridge
[    0.287067] PCI host bridge to bus 0000:00
[    0.287080] pci_bus 0000:00: root bus resource [io  0x0070-0x0077]
[    0.287087] pci_bus 0000:00: root bus resource [io  0x0000-0x006f window]
[    0.287093] pci_bus 0000:00: root bus resource [io  0x0078-0x0cf7 window]
[    0.287099] pci_bus 0000:00: root bus resource [io  0x0d00-0xffff window]
[    0.287106] pci_bus 0000:00: root bus resource [mem 0x000a0000-0x000fffff window]
[    0.287112] pci_bus 0000:00: root bus resource [mem 0x7c000001-0xbfffffff window]
[    0.287117] pci_bus 0000:00: root bus resource [mem 0xe0000000-0xefffffff window]
[    0.287122] pci_bus 0000:00: root bus resource [mem 0xfea00000-0xfeafffff window]
[    0.287127] pci_bus 0000:00: root bus resource [mem 0xfed00000-0xfed003ff window]
[    0.287132] pci_bus 0000:00: root bus resource [mem 0xfed01000-0xfed01fff window]
[    0.287137] pci_bus 0000:00: root bus resource [mem 0xfed03000-0xfed03fff window]
[    0.287142] pci_bus 0000:00: root bus resource [mem 0xfed06000-0xfed06fff window]
[    0.287147] pci_bus 0000:00: root bus resource [mem 0xfed08000-0xfed09fff window]
[    0.287152] pci_bus 0000:00: root bus resource [mem 0xfed80000-0xfedbffff window]
[    0.287157] pci_bus 0000:00: root bus resource [mem 0xfed1c000-0xfed1cfff window]
[    0.287162] pci_bus 0000:00: root bus resource [mem 0xfee00000-0xfeefffff window]
[    0.287168] pci_bus 0000:00: root bus resource [bus 00-ff]
[    0.287214] pci 0000:00:00.0: [8086:31f0] type 00 class 0x060000 conventional PCI endpoint
[    0.287513] pci 0000:00:00.1: [8086:318c] type 00 class 0x118000 conventional PCI endpoint
[    0.287593] pci 0000:00:00.1: BAR 0 [mem 0x80000000-0x80007fff 64bit]
[    0.287875] pci 0000:00:00.3: [8086:3190] type 00 class 0x088000 conventional PCI endpoint
[    0.287922] pci 0000:00:00.3: BAR 0 [mem 0xa1416000-0xa1416fff 64bit]
[    0.288121] pci 0000:00:02.0: [8086:3185] type 00 class 0x030000 PCIe Root Complex Integrated Endpoint
[    0.288159] pci 0000:00:02.0: BAR 0 [mem 0xa0000000-0xa0ffffff 64bit]
[    0.288166] pci 0000:00:02.0: BAR 2 [mem 0x90000000-0x9fffffff 64bit pref]
[    0.288173] pci 0000:00:02.0: BAR 4 [io  0x1000-0x103f]
[    0.288206] pci 0000:00:02.0: Video device with shadowed ROM at [mem 0x000c0000-0x000dffff]
[    0.288726] pci 0000:00:0e.0: [8086:3198] type 00 class 0x040300 PCIe Root Complex Integrated Endpoint
[    0.288788] pci 0000:00:0e.0: BAR 0 [mem 0xa1410000-0xa1413fff 64bit]
[    0.288802] pci 0000:00:0e.0: BAR 4 [mem 0xa1200000-0xa12fffff 64bit]
[    0.288883] pci 0000:00:0e.0: PME# supported from D0 D3hot D3cold
[    0.289483] pci 0000:00:0f.0: [8086:319a] type 00 class 0x078000 conventional PCI endpoint
[    0.289569] pci 0000:00:0f.0: BAR 0 [mem 0xa1417000-0xa1417fff 64bit]
[    0.289668] pci 0000:00:0f.0: PME# supported from D3hot
[    0.289941] pci 0000:00:12.0: [8086:31e3] type 00 class 0x010601 conventional PCI endpoint
[    0.289992] pci 0000:00:12.0: BAR 0 [mem 0xa1414000-0xa1415fff]
[    0.290001] pci 0000:00:12.0: BAR 1 [mem 0xa1420000-0xa14200ff]
[    0.290009] pci 0000:00:12.0: BAR 2 [io  0x1080-0x1087]
[    0.290017] pci 0000:00:12.0: BAR 3 [io  0x1088-0x108b]
[    0.290024] pci 0000:00:12.0: BAR 4 [io  0x1060-0x107f]
[    0.290032] pci 0000:00:12.0: BAR 5 [mem 0xa141e000-0xa141e7ff]
[    0.290092] pci 0000:00:12.0: PME# supported from D3hot
[    0.290325] pci 0000:00:13.0: [8086:31d8] type 01 class 0x060400 PCIe Root Port
[    0.290367] pci 0000:00:13.0: PCI bridge to [bus 01]
[    0.290446] pci 0000:00:13.0: removing 2.5GT/s downstream link speed restriction
[    1.289722] pci 0000:00:13.0: retraining failed
[    1.291790] pci 0000:00:13.0: PME# supported from D0 D3hot D3cold
[    1.292143] pci 0000:00:14.0: [8086:31d6] type 01 class 0x060400 PCIe Root Port
[    1.292180] pci 0000:00:14.0: PCI bridge to [bus 02]
[    1.292192] pci 0000:00:14.0:   bridge window [mem 0xa1300000-0xa13fffff]
[    1.292295] pci 0000:00:14.0: PME# supported from D0 D3hot D3cold
[    1.292607] pci 0000:00:14.1: [8086:31d7] type 01 class 0x060400 PCIe Root Port
[    1.292642] pci 0000:00:14.1: PCI bridge to [bus 03]
[    1.292662] pci 0000:00:14.1:   bridge window [mem 0xa1000000-0xa11fffff 64bit pref]
[    1.292756] pci 0000:00:14.1: PME# supported from D0 D3hot D3cold
[    1.293064] pci 0000:00:15.0: [8086:31a8] type 00 class 0x0c0330 conventional PCI endpoint
[    1.293116] pci 0000:00:15.0: BAR 0 [mem 0xa1400000-0xa140ffff 64bit]
[    1.293177] pci 0000:00:15.0: PME# supported from D3hot D3cold
[    1.293487] pci 0000:00:17.0: [8086:31b4] type 00 class 0x118000 conventional PCI endpoint
[    1.293554] pci 0000:00:17.0: BAR 0 [mem 0xa1418000-0xa1418fff 64bit]
[    1.293565] pci 0000:00:17.0: BAR 2 [mem 0xa1419000-0xa1419fff 64bit]
[    1.293848] pci 0000:00:17.3: [8086:31ba] type 00 class 0x118000 conventional PCI endpoint
[    1.293907] pci 0000:00:17.3: BAR 0 [mem 0xa141a000-0xa141afff 64bit]
[    1.293918] pci 0000:00:17.3: BAR 2 [mem 0xa141b000-0xa141bfff 64bit]
[    1.294236] pci 0000:00:1c.0: [8086:31cc] type 00 class 0x080501 conventional PCI endpoint
[    1.294337] pci 0000:00:1c.0: BAR 0 [mem 0xa141c000-0xa141cfff 64bit]
[    1.294348] pci 0000:00:1c.0: BAR 2 [mem 0xa141d000-0xa141dfff 64bit]
[    1.294833] pci 0000:00:1f.0: [8086:31e8] type 00 class 0x060100 conventional PCI endpoint
[    1.295031] pci 0000:00:1f.1: [8086:31d4] type 00 class 0x0c0500 conventional PCI endpoint
[    1.295208] pci 0000:00:1f.1: BAR 0 [mem 0xa141f000-0xa141f0ff 64bit]
[    1.295230] pci 0000:00:1f.1: BAR 4 [io  0x1040-0x105f]
[    1.295494] pci 0000:00:13.0: PCI bridge to [bus 01]
[    1.295671] pci 0000:02:00.0: [10ec:522a] type 00 class 0xff0000 PCIe Endpoint
[    1.295804] pci 0000:02:00.0: BAR 0 [mem 0xa1300000-0xa1300fff]
[    1.295853] pci 0000:02:00.0: Upstream bridge's Max Payload Size set to 128 (was 256, max 256)
[    1.295869] pci 0000:02:00.0: Max Payload Size set to 128 (was 128, max 128)
[    1.296058] pci 0000:02:00.0: supports D1 D2
[    1.296063] pci 0000:02:00.0: PME# supported from D1 D2 D3hot D3cold
[    1.296486] pci 0000:00:14.0: PCI bridge to [bus 02]
[    1.296661] pci 0000:03:00.0: [14c3:7961] type 00 class 0x028000 PCIe Endpoint
[    1.296840] pci 0000:03:00.0: BAR 0 [mem 0xa1000000-0xa10fffff 64bit pref]
[    1.296856] pci 0000:03:00.0: BAR 2 [mem 0xa1100000-0xa1103fff 64bit pref]
[    1.296870] pci 0000:03:00.0: BAR 4 [mem 0xa1104000-0xa1104fff 64bit pref]
[    1.296896] pci 0000:03:00.0: Upstream bridge's Max Payload Size set to 128 (was 256, max 256)
[    1.296911] pci 0000:03:00.0: Max Payload Size set to 128 (was 128, max 128)
[    1.297173] pci 0000:03:00.0: supports D1 D2
[    1.297178] pci 0000:03:00.0: PME# supported from D0 D1 D2 D3hot D3cold
[    1.297705] pci 0000:00:14.1: PCI bridge to [bus 03]
[    1.297747] pci_bus 0000:00: on NUMA node 0
[    1.301408] ACPI: PCI: Interrupt link LNKA configured for IRQ 3
[    1.301544] ACPI: PCI: Interrupt link LNKB configured for IRQ 4
[    1.301682] ACPI: PCI: Interrupt link LNKC configured for IRQ 5
[    1.301828] ACPI: PCI: Interrupt link LNKD configured for IRQ 6
[    1.301959] ACPI: PCI: Interrupt link LNKE configured for IRQ 7
[    1.302090] ACPI: PCI: Interrupt link LNKF configured for IRQ 9
[    1.302220] ACPI: PCI: Interrupt link LNKG configured for IRQ 10
[    1.302350] ACPI: PCI: Interrupt link LNKH configured for IRQ 11
[    1.310870] ACPI: EC: interrupt unblocked
[    1.310876] ACPI: EC: event unblocked
[    1.310887] ACPI: EC: EC_CMD/EC_SC=0x66, EC_DATA=0x62
[    1.310891] ACPI: EC: GPE=0x25
[    1.310896] ACPI: \_SB_.PCI0.LPCB.EC0_: Boot DSDT EC initialization complete
[    1.310902] ACPI: \_SB_.PCI0.LPCB.EC0_: EC: Used to handle transactions and events
[    1.311054] iommu: Default domain type: Translated
[    1.311059] iommu: DMA domain TLB invalidation policy: lazy mode
[    1.311097] SCSI subsystem initialized
[    1.311136] ACPI: bus type USB registered
[    1.311197] usbcore: registered new interface driver usbfs
[    1.311225] usbcore: registered new interface driver hub
[    1.311246] usbcore: registered new device driver usb
[    1.311752] pps_core: LinuxPPS API ver. 1 registered
[    1.311757] pps_core: Software ver. 5.3.6 - Copyright 2005-2007 Rodolfo Giometti <giometti@linux.it>
[    1.311767] PTP clock support registered
[    1.311797] EDAC MC: Ver: 3.0.0
[    1.312724] efivars: Registered efivars operations
[    1.313294] NetLabel: Initializing
[    1.313299] NetLabel:  domain hash size = 128
[    1.313302] NetLabel:  protocols = UNLABELED CIPSOv4 CALIPSO
[    1.313353] NetLabel:  unlabeled traffic allowed by default
[    1.313357] mctp: management component transport protocol core
[    1.313361] NET: Registered PF_MCTP protocol family
[    1.313377] PCI: Using ACPI for IRQ routing
[    1.320665] PCI: pci_cache_line_size set to 64 bytes
[    1.320826] resource: Expanded resource Reserved due to conflict with PCI Bus 0000:00
[    1.320833] e820: reserve RAM buffer [mem 0x00058000-0x0005ffff]
[    1.320839] e820: reserve RAM buffer [mem 0x00086000-0x0008ffff]
[    1.320843] e820: reserve RAM buffer [mem 0x61126000-0x63ffffff]
[    1.320847] e820: reserve RAM buffer [mem 0x62214000-0x63ffffff]
[    1.320851] e820: reserve RAM buffer [mem 0x6407f000-0x67ffffff]
[    1.320855] e820: reserve RAM buffer [mem 0x68c8e000-0x6bffffff]
[    1.320859] e820: reserve RAM buffer [mem 0x69c00000-0x6bffffff]
[    1.320911] pci 0000:00:02.0: vgaarb: setting as boot VGA device
[    1.320911] pci 0000:00:02.0: vgaarb: bridge control possible
[    1.320911] pci 0000:00:02.0: vgaarb: VGA device added: decodes=io+mem,owns=io+mem,locks=none
[    1.320911] vgaarb: loaded
[    1.322476] hpet0: at MMIO 0xfed00000, IRQs 2, 8, 0, 0, 0, 0, 0, 0
[    1.322503] hpet0: 8 comparators, 64-bit 19.200000 MHz counter
[    1.324783] clocksource: Switched to clocksource tsc-early
[    1.325220] VFS: Disk quotas dquot_6.6.0
[    1.325246] VFS: Dquot-cache hash table entries: 512 (order 0, 4096 bytes)
[    1.325540] pnp: PnP ACPI init
[    1.326070] system 00:00: [io  0x0680-0x069f] has been reserved
[    1.326082] system 00:00: [io  0x0400-0x047f] could not be reserved
[    1.326088] system 00:00: [io  0x0500-0x05fe] has been reserved
[    1.326094] system 00:00: [io  0x0600-0x061f] has been reserved
[    1.326100] system 00:00: [io  0x164e-0x164f] has been reserved
[    1.326920] system 00:02: [mem 0xe0000000-0xefffffff] has been reserved
[    1.326931] system 00:02: [mem 0xfea00000-0xfeafffff] has been reserved
[    1.326938] system 00:02: [mem 0xfed01000-0xfed01fff] has been reserved
[    1.326944] system 00:02: [mem 0xfed03000-0xfed03fff] has been reserved
[    1.326951] system 00:02: [mem 0xfed06000-0xfed06fff] has been reserved
[    1.326957] system 00:02: [mem 0xfed08000-0xfed09fff] has been reserved
[    1.326963] system 00:02: [mem 0xfed80000-0xfedbffff] has been reserved
[    1.326984] system 00:02: [mem 0xfed1c000-0xfed1cfff] has been reserved
[    1.326991] system 00:02: [mem 0xfee00000-0xfeefffff] has been reserved
[    1.327653] pnp: PnP ACPI: found 3 devices
[    1.337267] clocksource: acpi_pm: mask: 0xffffff max_cycles: 0xffffff, max_idle_ns: 2085701024 ns
[    1.337450] NET: Registered PF_INET protocol family
[    1.337635] IP idents hash table entries: 65536 (order: 7, 524288 bytes, linear)
[    1.340567] tcp_listen_portaddr_hash hash table entries: 2048 (order: 3, 32768 bytes, linear)
[    1.340645] Table-perturb hash table entries: 65536 (order: 6, 262144 bytes, linear)
[    1.340719] TCP established hash table entries: 32768 (order: 6, 262144 bytes, linear)
[    1.341121] TCP bind hash table entries: 32768 (order: 8, 1048576 bytes, linear)
[    1.341377] TCP: Hash tables configured (established 32768 bind 32768)
[    1.341550] MPTCP token hash table entries: 4096 (order: 5, 98304 bytes, linear)
[    1.341634] UDP hash table entries: 2048 (order: 5, 131072 bytes, linear)
[    1.341712] UDP-Lite hash table entries: 2048 (order: 5, 131072 bytes, linear)
[    1.341844] NET: Registered PF_UNIX/PF_LOCAL protocol family
[    1.341864] NET: Registered PF_XDP protocol family
[    1.341904] pci 0000:00:13.0: PCI bridge to [bus 01]
[    1.341934] pci 0000:00:14.0: PCI bridge to [bus 02]
[    1.341943] pci 0000:00:14.0:   bridge window [mem 0xa1300000-0xa13fffff]
[    1.341986] pci 0000:00:14.1: PCI bridge to [bus 03]
[    1.341998] pci 0000:00:14.1:   bridge window [mem 0xa1000000-0xa11fffff 64bit pref]
[    1.342010] pci_bus 0000:00: resource 4 [io  0x0070-0x0077]
[    1.342017] pci_bus 0000:00: resource 5 [io  0x0000-0x006f window]
[    1.342022] pci_bus 0000:00: resource 6 [io  0x0078-0x0cf7 window]
[    1.342027] pci_bus 0000:00: resource 7 [io  0x0d00-0xffff window]
[    1.342032] pci_bus 0000:00: resource 8 [mem 0x000a0000-0x000fffff window]
[    1.342038] pci_bus 0000:00: resource 9 [mem 0x7c000001-0xbfffffff window]
[    1.342043] pci_bus 0000:00: resource 10 [mem 0xe0000000-0xefffffff window]
[    1.342048] pci_bus 0000:00: resource 11 [mem 0xfea00000-0xfeafffff window]
[    1.342053] pci_bus 0000:00: resource 12 [mem 0xfed00000-0xfed003ff window]
[    1.342058] pci_bus 0000:00: resource 13 [mem 0xfed01000-0xfed01fff window]
[    1.342062] pci_bus 0000:00: resource 14 [mem 0xfed03000-0xfed03fff window]
[    1.342067] pci_bus 0000:00: resource 15 [mem 0xfed06000-0xfed06fff window]
[    1.342072] pci_bus 0000:00: resource 16 [mem 0xfed08000-0xfed09fff window]
[    1.342077] pci_bus 0000:00: resource 17 [mem 0xfed80000-0xfedbffff window]
[    1.342082] pci_bus 0000:00: resource 18 [mem 0xfed1c000-0xfed1cfff window]
[    1.342087] pci_bus 0000:00: resource 19 [mem 0xfee00000-0xfeefffff window]
[    1.342092] pci_bus 0000:02: resource 1 [mem 0xa1300000-0xa13fffff]
[    1.342098] pci_bus 0000:03: resource 2 [mem 0xa1000000-0xa11fffff 64bit pref]
[    1.344236] PCI: CLS 64 bytes, default 64
[    1.344318] pci 0000:00:0d.0: [8086:3192] type 00 class 0x058000 conventional PCI endpoint
[    1.344469] pci 0000:00:0d.0: BAR 0 [mem 0xd0000000-0xd0ffffff 64bit]
[    1.344798] pci 0000:00:0d.2: [8086:3196] type 00 class 0x0c8000 conventional PCI endpoint
[    1.344880] pci 0000:00:0d.2: BAR 0 [mem 0xfed01000-0xfed01fff]
[    1.345183] DMAR: No ATSR found
[    1.345188] DMAR: No SATC found
[    1.345192] DMAR: dmar0: Using Queued invalidation
[    1.345199] DMAR: dmar1: Using Queued invalidation
[    1.345790] pci 0000:00:02.0: Adding to iommu group 0
[    1.346790] pci 0000:00:00.0: Adding to iommu group 1
[    1.346823] pci 0000:00:00.1: Adding to iommu group 1
[    1.346853] pci 0000:00:00.3: Adding to iommu group 1
[    1.346885] pci 0000:00:0e.0: Adding to iommu group 2
[    1.346924] pci 0000:00:0f.0: Adding to iommu group 3
[    1.346957] pci 0000:00:12.0: Adding to iommu group 4
[    1.347027] pci 0000:00:13.0: Adding to iommu group 5
[    1.347070] pci 0000:00:14.0: Adding to iommu group 6
[    1.347108] pci 0000:00:14.1: Adding to iommu group 7
[    1.347151] pci 0000:00:15.0: Adding to iommu group 8
[    1.347205] pci 0000:00:17.0: Adding to iommu group 9
[    1.347235] pci 0000:00:17.3: Adding to iommu group 9
[    1.347265] pci 0000:00:1c.0: Adding to iommu group 10
[    1.347317] pci 0000:00:1f.0: Adding to iommu group 11
[    1.347349] pci 0000:00:1f.1: Adding to iommu group 11
[    1.347384] pci 0000:02:00.0: Adding to iommu group 12
[    1.347418] pci 0000:03:00.0: Adding to iommu group 13
[    1.348993] DMAR: Intel(R) Virtualization Technology for Directed I/O
[    1.348998] PCI-DMA: Using software bounce buffering for IO (SWIOTLB)
[    1.349001] software IO TLB: mapped [mem 0x000000005d005000-0x0000000061005000] (64MB)
[    1.349228] clocksource: tsc: mask: 0xffffffffffffffff max_cycles: 0xfc66f4fc7c, max_idle_ns: 440795224246 ns
[    1.349256] clocksource: Switched to clocksource tsc
[    1.350068] Initialise system trusted keyrings
[    1.350194] workingset: timestamp_bits=46 max_order=20 bucket_order=0
[    1.392684] Key type asymmetric registered
[    1.392690] Asymmetric key parser 'x509' registered
[    1.392744] Block layer SCSI generic (bsg) driver version 0.4 loaded (major 244)
[    1.392874] io scheduler mq-deadline registered
[    1.392881] io scheduler kyber registered
[    1.392916] io scheduler bfq registered
[    1.393090] ledtrig-cpu: registered to indicate activity on CPUs
[    1.393600] pcieport 0000:00:13.0: PME: Signaling with IRQ 123
[    1.394170] pcieport 0000:00:14.0: PME: Signaling with IRQ 124
[    1.394649] pcieport 0000:00:14.1: PME: Signaling with IRQ 125
[    1.395411] ACPI: AC: AC Adapter [ADP0] (off-line)
[    1.395582] input: Lid Switch as /devices/LNXSYSTM:00/LNXSYBUS:00/PNP0C0D:00/input/input0
[    1.395648] ACPI: button: Lid Switch [LID0]
[    1.395740] input: Power Button as /devices/LNXSYSTM:00/LNXSYBUS:00/PNP0C0C:00/input/input1
[    1.395813] ACPI: button: Power Button [PWRB]
[    1.395911] input: Power Button as /devices/LNXSYSTM:00/LNXPWRBN:00/input/input2
[    1.397047] ACPI: button: Power Button [PWRF]
[    1.400018] Serial: 8250/16550 driver, 4 ports, IRQ sharing enabled
[    1.401451] ACPI: bus type drm_connector registered
[    1.401859] i915 0000:00:02.0: [drm] Unknown revision 0x06
[    1.401867] i915 0000:00:02.0: [drm] Found geminilake (device ID 3185) integrated display version 10.00 stepping **
[    1.401879] i915 0000:00:02.0: [drm] Unknown revid 0x06
[    1.402600] i915 0000:00:02.0: [drm] VT-d active for gfx access
[    1.402615] i915 0000:00:02.0: vgaarb: deactivate vga console
[    1.402707] i915 0000:00:02.0: [drm] Using Transparent Hugepages
[    1.402816] i915 0000:00:02.0: [drm] couldn't get memory information
[    1.403247] i915 0000:00:02.0: vgaarb: VGA decodes changed: olddecodes=io+mem,decodes=io+mem:owns=io+mem
[    1.404127] i915 0000:00:02.0: [drm] Finished loading DMC firmware i915/glk_dmc_ver1_04.bin (v1.4)
[    1.451881] [drm] Initialized i915 1.6.0 for 0000:00:02.0 on minor 0
[    1.453977] ACPI: video: Video Device [GFX0] (multi-head: yes  rom: no  post: no)
[    1.454015] ACPI: [Firmware Bug]: BIOS _OSI(Linux) query ignored
[    1.454334] input: Video Bus as /devices/LNXSYSTM:00/LNXSYBUS:00/PNP0A08:00/LNXVIDEO:00/input/input3
[    1.465168] ACPI: battery: Slot [BAT0] (battery present)
[    1.481411] fbcon: i915drmfb (fb0) is primary device
[    1.481424] fbcon: Deferring console take-over
[    1.481431] i915 0000:00:02.0: [drm] fb0: i915drmfb frame buffer device
[    1.493533] e1000e: Intel(R) PRO/1000 Network Driver
[    1.493540] e1000e: Copyright(c) 1999 - 2015 Intel Corporation.
[    1.493921] xhci_hcd 0000:00:15.0: xHCI Host Controller
[    1.493952] xhci_hcd 0000:00:15.0: new USB bus registered, assigned bus number 1
[    1.495188] xhci_hcd 0000:00:15.0: hcc params 0x200077c1 hci version 0x100 quirks 0x0000000000009810
[    1.495718] xhci_hcd 0000:00:15.0: xHCI Host Controller
[    1.495729] xhci_hcd 0000:00:15.0: new USB bus registered, assigned bus number 2
[    1.495737] xhci_hcd 0000:00:15.0: Host supports USB 3.0 SuperSpeed
[    1.495857] usb usb1: New USB device found, idVendor=1d6b, idProduct=0002, bcdDevice= 6.18
[    1.495865] usb usb1: New USB device strings: Mfr=3, Product=2, SerialNumber=1
[    1.495870] usb usb1: Product: xHCI Host Controller
[    1.495875] usb usb1: Manufacturer: Linux 6.18.55-toros xhci-hcd
[    1.495879] usb usb1: SerialNumber: 0000:00:15.0
[    1.496318] hub 1-0:1.0: USB hub found
[    1.496367] hub 1-0:1.0: 9 ports detected
[    1.496818] ACPI Warning: \_SB.PCI0.XHC.RHUB.HS05._UPC: Return Package is too small - found 1 elements, expected 4 (20250807/nsprepkg-362)
[    1.497805] usb usb2: New USB device found, idVendor=1d6b, idProduct=0003, bcdDevice= 6.18
[    1.497815] usb usb2: New USB device strings: Mfr=3, Product=2, SerialNumber=1
[    1.497837] usb usb2: Product: xHCI Host Controller
[    1.497841] usb usb2: Manufacturer: Linux 6.18.55-toros xhci-hcd
[    1.497846] usb usb2: SerialNumber: 0000:00:15.0
[    1.498186] hub 2-0:1.0: USB hub found
[    1.498217] hub 2-0:1.0: 7 ports detected
[    1.498943] usb: port power management may be unreliable
[    1.499487] usbcore: registered new interface driver uas
[    1.499539] usbcore: registered new interface driver usb-storage
[    1.499625] i8042: PNP: PS/2 Controller [PNP0303:PS2K] at 0x60,0x64 irq 1
[    1.499632] i8042: PNP: PS/2 appears to have AUX port disabled, if this is incorrect please boot with i8042.nopnp
[    1.500835] serio: i8042 KBD port at 0x60,0x64 irq 1
[    1.501083] mousedev: PS/2 mouse device common for all mice
[    1.501553] rtc_cmos PNP0B00:00: RTC can wake from S4
[    1.502550] rtc_cmos PNP0B00:00: registered as rtc0
[    1.502699] rtc_cmos PNP0B00:00: setting system clock to 2026-10-06T04:18:19 UTC (1791260299)
[    1.502829] rtc_cmos PNP0B00:00: alarms up to one month, y3k, 242 bytes nvram
[    1.502950] intel_pstate: Intel P-state driver initializing
[    1.503355] sdhci: Secure Digital Host Controller Interface driver
[    1.503361] sdhci: Copyright(c) Pierre Ossman
[    1.503434] sdhci-pci 0000:00:1c.0: SDHCI controller found [8086:31cc] (rev 6)
[    1.504034] hid: raw HID events driver (C) Jiri Kosina
[    1.504141] usbcore: registered new interface driver usbhid
[    1.504146] usbhid: USB HID core driver
[    1.504681] input: AT Translated Set 2 keyboard as /devices/platform/i8042/serio0/input/input4
[    1.504996] mmc0: CQHCI version 5.10
[    1.505116] NET: Registered PF_INET6 protocol family
[    1.505500] mmc0: SDHCI controller on PCI [0000:00:1c.0] using ADMA 64-bit
[    1.505692] Segment Routing with IPv6
[    1.505695] RPL Segment Routing with IPv6
[    1.505710] In-situ OAM (IOAM) with IPv6
[    1.505744] NET: Registered PF_PACKET protocol family
[    1.506164] microcode: Current revision: 0x00000026
[    1.506168] microcode: Updated early from: 0x0000001a
[    1.506295] resctrl: L2 allocation detected
[    1.506323] IPI shorthand broadcast: enabled
[    1.511854] sched_clock: Marking stable (1506002473, 4964190)->(1522533444, -11566781)
[    1.512241] registered taskstats version 1
[    1.512284] Loading compiled-in X.509 certificates
[    1.517231] Key type .fscrypt registered
[    1.517240] Key type fscrypt-provisioning registered
[    1.517567] PM:   Magic number: 14:168:312
[    1.517891] clk: Disabling unused clocks
[    1.517939] check access for rdinit=/init failed: -2, ignoring
[    1.589361] mmc0: new HS400 MMC card at address 0001
[    1.589845] mmcblk0: mmc0:0001 064G02 58.2 GiB
[    1.592713]  mmcblk0: p1 p2 p3
[    1.593228] mmcblk0boot0: mmc0:0001 064G02 8.00 MiB
[    1.594389] mmcblk0boot1: mmc0:0001 064G02 8.00 MiB
[    1.595332] mmcblk0rpmb: mmc0:0001 064G02 4.00 MiB, chardev (239:0)
[    1.600735] input: ELAN0646:00 04F3:31B8 Mouse as /devices/pci0000:00/0000:00:17.3/i2c_designware.1/i2c-5/i2c-ELAN0646:00/0018:04F3:31B8.0001/input/input5
[    1.600855] input: ELAN0646:00 04F3:31B8 Touchpad as /devices/pci0000:00/0000:00:17.3/i2c_designware.1/i2c-5/i2c-ELAN0646:00/0018:04F3:31B8.0001/input/input7
[    1.600973] hid-multitouch 0018:04F3:31B8.0001: input,hidraw0: I2C HID v1.00 Mouse [ELAN0646:00 04F3:31B8] on i2c-ELAN0646:00
[    1.602309] Waiting for root device PARTLABEL=torOS...
[    1.738329] usb 1-3: new high-speed USB device number 2 using xhci_hcd
[    1.863761] usb 1-3: New USB device found, idVendor=0489, idProduct=e0cd, bcdDevice= 1.00
[    1.863784] usb 1-3: New USB device strings: Mfr=5, Product=6, SerialNumber=7
[    1.863792] usb 1-3: Product: Wireless_Device
[    1.863799] usb 1-3: Manufacturer: MediaTek Inc.
[    1.863805] usb 1-3: SerialNumber: 000000000
[    1.974619] usb 2-1: new SuperSpeed USB device number 2 using xhci_hcd
[    2.000895] usb 2-1: New USB device found, idVendor=30de, idProduct=6544, bcdDevice= 0.01
[    2.000918] usb 2-1: New USB device strings: Mfr=1, Product=2, SerialNumber=3
[    2.000925] usb 2-1: Product: TransMemory
[    2.000932] usb 2-1: Manufacturer: KIOXIA
[    2.000938] usb 2-1: SerialNumber: 000000000000000000000000
[    2.006522] usb-storage 2-1:1.0: USB Mass Storage device detected
[    2.007212] scsi host0: usb-storage 2-1:1.0
[    2.008884] scsi 0:0:0:0: Direct-Access     KIOXIA   TransMemory           PQ: 0 ANSI: 6
[    2.009999] sd 0:0:0:0: [sda] 120994560 512-byte logical blocks: (61.9 GB/57.7 GiB)
[    2.010182] sd 0:0:0:0: [sda] Write Protect is off
[    2.010188] sd 0:0:0:0: [sda] Mode Sense: 4f 00 00 00
[    2.010359] sd 0:0:0:0: [sda] Write cache: disabled, read cache: enabled, doesn't support DPO or FUA
[    2.027987]  sda: sda1 sda2
[    2.028355] sd 0:0:0:0: [sda] Attached SCSI removable disk
[    2.098985] usb 1-5: new full-speed USB device number 3 using xhci_hcd
[    2.131539] EXT4-fs (sda2): mounted filesystem 595fb5bd-a646-4140-ba89-97b45226f860 r/w with ordered data mode. Quota mode: none.
[    2.131573] VFS: Mounted root (ext4 filesystem) on device 8:2.
[    2.131915] devtmpfs: mounted
[    2.132518] Freeing unused decrypted memory: 2036K
[    2.133134] Freeing unused kernel image (initmem) memory: 2668K
[    2.133165] Write protecting the kernel read-only data: 26624k
[    2.133670] Freeing unused kernel image (text/rodata gap) memory: 900K
[    2.133772] Freeing unused kernel image (rodata/data gap) memory: 304K
[    2.153037] x86/mm: Checked W+X mappings: passed, no W+X pages found.
[    2.153043] Run /sbin/init as init process
[    2.153045]   with arguments:
[    2.153047]     /sbin/init
[    2.153048]   with environment:
[    2.153050]     HOME=/
[    2.153051]     TERM=linux
[    2.178032] fbcon: Taking over console
[    2.184328] Console: switching to colour frame buffer device 170x48
[    2.224340] usb 1-5: New USB device found, idVendor=046d, idProduct=c534, bcdDevice=29.01
[    2.224352] usb 1-5: New USB device strings: Mfr=1, Product=2, SerialNumber=0
[    2.224355] usb 1-5: Product: USB Receiver
[    2.224358] usb 1-5: Manufacturer: Logitech
[    2.227649] input: Logitech USB Receiver as /devices/pci0000:00/0000:00:15.0/usb1/1-5/1-5:1.0/0003:046D:C534.0002/input/input8
[    2.278181] hid-generic 0003:046D:C534.0002: input,hidraw1: USB HID v1.11 Keyboard [Logitech USB Receiver] on usb-0000:00:15.0-5/input0
[    2.280894] input: Logitech USB Receiver Mouse as /devices/pci0000:00/0000:00:15.0/usb1/1-5/1-5:1.1/0003:046D:C534.0003/input/input9
[    2.281097] input: Logitech USB Receiver Consumer Control as /devices/pci0000:00/0000:00:15.0/usb1/1-5/1-5:1.1/0003:046D:C534.0003/input/input10
[    2.333168] input: Logitech USB Receiver System Control as /devices/pci0000:00/0000:00:15.0/usb1/1-5/1-5:1.1/0003:046D:C534.0003/input/input11
[    2.335914] hid-generic 0003:046D:C534.0003: input,hiddev0,hidraw2: USB HID v1.11 Mouse [Logitech USB Receiver] on usb-0000:00:15.0-5/input1
[    2.448168] usb 1-7: new high-speed USB device number 4 using xhci_hcd
[    2.500219] fuse: init (API version 7.45)
[    2.507649] loop: module loaded
[    2.512603] tun: Universal TUN/TAP device driver, 1.6
[    2.574765] usb 1-7: New USB device found, idVendor=04f2, idProduct=b78e, bcdDevice= 0.02
[    2.574775] usb 1-7: New USB device strings: Mfr=3, Product=1, SerialNumber=2
[    2.574777] usb 1-7: Product: Integrated Camera
[    2.574779] usb 1-7: Manufacturer: Chicony Electronics Co.,Ltd.
[    2.574781] usb 1-7: SerialNumber: 0001
[    2.943346] mmc0: Requiring re-tune after rpm resume
[    3.116017] EXT4-fs (sda2): re-mounted 595fb5bd-a646-4140-ba89-97b45226f860 ro.
[    3.297781] EXT4-fs (sda2): re-mounted 595fb5bd-a646-4140-ba89-97b45226f860 r/w.
[    3.486107] zram: Added device: zram0
[    3.491646] zram0: detected capacity change from 0 to 4194304
[    3.515529] Adding 2097148k swap on /dev/zram0.  Priority:100 extents:1 across:2097148k SSDsc
[    3.654901] udevd[208]: starting version 3.2.14
[    3.721657] NET: Registered PF_ALG protocol family
[    3.821461] udevd[208]: starting eudev-3.2.14
[    3.941817] cfg80211: Loading compiled-in X.509 certificates for regulatory database
[    3.947532] Loaded X.509 cert 'sforshee: 00b28ddf47aef9cea7'
[    3.948451] Loaded X.509 cert 'wens: 61c038651aabdcf94bd0ac7ff06c7248db18c600'
[    4.033995] ACPI: battery: new hook: Ideapad Battery Extension
[    4.034144] input: Ideapad extra buttons as /devices/pci0000:00/0000:00:1f.0/PNP0C09:00/VPC2004:00/input/input14
[    4.035336] ideapad_acpi VPC2004:00: Keyboard backlight control not available
[    4.079868] ideapad_acpi VPC2004:00: DYTC interface is not available
[    4.113377] ACPI: \_TZ_.TZ01: _AL0 evaluation failure
[    4.113534] thermal LNXTHERM:00: registered as thermal_zone5
[    4.113538] ACPI: thermal: Thermal Zone [TZ01] (29 C)
[    4.153624] Bluetooth: Core ver 2.22
[    4.153650] NET: Registered PF_BLUETOOTH protocol family
[    4.153654] Bluetooth: HCI device and connection manager initialized
[    4.153661] Bluetooth: HCI socket layer initialized
[    4.153664] Bluetooth: L2CAP socket layer initialized
[    4.153669] Bluetooth: SCO socket layer initialized
[    4.164612] mc: Linux media interface: v0.10
[    4.188187] idma64 idma64.0: Found Intel integrated DMA 64-bit
[    4.188441] idma64 idma64.1: Found Intel integrated DMA 64-bit
[    4.190278] logitech-djreceiver 0003:046D:C534.0002: hidraw1: USB HID v1.11 Keyboard [Logitech USB Receiver] on usb-0000:00:15.0-5/input0
[    4.195508] Bluetooth: BNEP (Ethernet Emulation) ver 1.3
[    4.195516] Bluetooth: BNEP filters: protocol multicast
[    4.195522] Bluetooth: BNEP socket layer initialized
[    4.272254] logitech-djreceiver 0003:046D:C534.0003: hiddev0,hidraw2: USB HID v1.11 Mouse [Logitech USB Receiver] on usb-0000:00:15.0-5/input1
[    4.275898] videodev: Linux video capture interface: v2.00
[    4.276536] usbcore: registered new interface driver btusb
[    4.306311] Bluetooth: hci0: HW/SW Version: 0x008a008a, Build Time: 20260224111243
[    4.327659] logitech-djreceiver 0003:046D:C534.0003: device of type eQUAD nano Lite (0x0a) connected on slot 1
[    4.328817] input: Logitech Wireless Keyboard PID:4023 Keyboard as /devices/pci0000:00/0000:00:15.0/usb1/1-5/1-5:1.1/0003:046D:C534.0003/0003:046D:4023.0004/input/input15
[    4.329042] hid-generic 0003:046D:4023.0004: input,hidraw3: USB HID v1.11 Keyboard [Logitech Wireless Keyboard PID:4023] on usb-0000:00:15.0-5/input1:1
[    4.329889] logitech-djreceiver 0003:046D:C534.0003: device of type eQUAD nano Lite (0x0a) connected on slot 2
[    4.330373] input: Logitech Wireless Mouse PID:4054 Mouse as /devices/pci0000:00/0000:00:15.0/usb1/1-5/1-5:1.1/0003:046D:C534.0003/0003:046D:4054.0005/input/input20
[    4.330581] input: Logitech Wireless Mouse PID:4054 Consumer Control as /devices/pci0000:00/0000:00:15.0/usb1/1-5/1-5:1.1/0003:046D:C534.0003/0003:046D:4054.0005/input/input21
[    4.330687] hid-generic 0003:046D:4054.0005: input,hidraw4: USB HID v1.11 Mouse [Logitech Wireless Mouse PID:4054] on usb-0000:00:15.0-5/input1:2
[    4.331550] i801_smbus 0000:00:1f.1: SPD Write Disable is set
[    4.331589] i801_smbus 0000:00:1f.1: SMBus using PCI interrupt
[    4.353087] uvcvideo 1-7:1.0: Found UVC 1.10 device Integrated Camera (04f2:b78e)
[    4.359398] usbcore: registered new interface driver uvcvideo
[    4.372019] mt7921e 0000:03:00.0: ASIC revision: 79610010
[    4.385680] input: PC Speaker as /devices/platform/pcspkr/input/input25
[    4.450098] RAPL PMU: API unit is 2^-32 Joules, 4 fixed counters, 655360 ms ovfl timer
[    4.450379] RAPL PMU: hw unit of domain pp0-core 2^-14 Joules
[    4.450381] RAPL PMU: hw unit of domain package 2^-14 Joules
[    4.450383] RAPL PMU: hw unit of domain dram 2^-14 Joules
[    4.450384] RAPL PMU: hw unit of domain pp1-gpu 2^-14 Joules
[    4.455773] mt7921e 0000:03:00.0: HW/SW Version: 0x8a108a10, Build Time: 20260224110909a

[    4.495222] mei_hdcp 0000:00:0f.0-b638ab7e-94e2-4ea2-a552-d1c54b627f04: bound 0000:00:02.0 (ops i915_hdcp_ops)
[    4.517668] intel_rapl_common: Found RAPL domain package
[    4.517675] intel_rapl_common: Found RAPL domain core
[    4.517678] intel_rapl_common: Found RAPL domain uncore
[    4.517681] intel_rapl_common: Found RAPL domain dram
[    4.521387] intel_telemetry_core Init
[    4.549719] Invalid pltconfig, ensure IPC1 device is enabled in BIOS
[    4.585824] input: Logitech Wireless Keyboard PID:4023 as /devices/pci0000:00/0000:00:15.0/usb1/1-5/1-5:1.1/0003:046D:C534.0003/0003:046D:4023.0004/input/input26
[    4.596210] logitech-hidpp-device 0003:046D:4023.0004: input,hidraw3: USB HID v1.11 Keyboard [Logitech Wireless Keyboard PID:4023] on usb-0000:00:15.0-5/input1:1
[    4.607275] snd_hda_intel 0000:00:0e.0: bound 0000:00:02.0 (ops intel_audio_component_bind_ops)
[    4.683059] snd_hda_codec_alc269 hdaudioC0D0: ALC257: picked fixup  for PCI SSID 17aa:0000
[    4.683867] snd_hda_codec_alc269 hdaudioC0D0: autoconfig for ALC257: line_outs=1 (0x14/0x0/0x0/0x0/0x0) type:speaker
[    4.683872] snd_hda_codec_alc269 hdaudioC0D0:    speaker_outs=0 (0x0/0x0/0x0/0x0/0x0)
[    4.683874] snd_hda_codec_alc269 hdaudioC0D0:    hp_outs=1 (0x21/0x0/0x0/0x0/0x0)
[    4.683877] snd_hda_codec_alc269 hdaudioC0D0:    mono: mono_out=0x0
[    4.683879] snd_hda_codec_alc269 hdaudioC0D0:    inputs:
[    4.683881] snd_hda_codec_alc269 hdaudioC0D0:      Internal Mic=0x12
[    4.683883] snd_hda_codec_alc269 hdaudioC0D0:      Mic=0x19
[    4.714899] mt7921e 0000:03:00.0: WM Firmware Version: ____010000, Build Time: 20260224110949
[    4.761350] input: HDA Digital PCBeep as /devices/pci0000:00/0000:00:0e.0/sound/card0/input27
[    4.763007] input: HDA Intel PCH Mic as /devices/pci0000:00/0000:00:0e.0/sound/card0/input28
[    4.763884] input: HDA Intel PCH Headphone as /devices/pci0000:00/0000:00:0e.0/sound/card0/input29
[    4.764348] input: HDA Intel PCH HDMI/DP,pcm=3 as /devices/pci0000:00/0000:00:0e.0/sound/card0/input30
[    4.764428] input: HDA Intel PCH HDMI/DP,pcm=7 as /devices/pci0000:00/0000:00:0e.0/sound/card0/input31
[    4.765001] input: HDA Intel PCH HDMI/DP,pcm=8 as /devices/pci0000:00/0000:00:0e.0/sound/card0/input32
[    5.318011] logitech-hidpp-device 0003:046D:4023.0004: HID++ 2.0 device connected.
[    6.592198] input: Logitech Wireless Mouse as /devices/pci0000:00/0000:00:15.0/usb1/1-5/1-5:1.1/0003:046D:C534.0003/0003:046D:4054.0005/input/input33
[    6.592684] logitech-hidpp-device 0003:046D:4054.0005: input,hidraw4: USB HID v1.11 Mouse [Logitech Wireless Mouse] on usb-0000:00:15.0-5/input1:2
[    7.410938] Bluetooth: hci0: Device setup in 3055775 usecs
[    7.410960] Bluetooth: hci0: HCI Enhanced Setup Synchronous Connection command is advertised, but not supported.
[    7.493503] Bluetooth: hci0: AOSP extensions version v1.00
[    7.493526] Bluetooth: hci0: AOSP quality report is supported
[    7.494041] Bluetooth: MGMT ver 1.23
[    7.573160] wlan0: authenticate with 02:00:00:00:01:02 (local address=02:00:00:00:00:01)
[    7.586066] wlan0: send auth to 02:00:00:00:01:02 (try 1/3)
[    7.615428] wlan0: authenticated
[    7.616019] wlan0: associate with 02:00:00:00:01:02 (try 1/3)
[    7.653696] wlan0: RX AssocResp from 02:00:00:00:01:02 (capab=0x1831 status=0 aid=11)
[    7.662480] wlan0: associated
[    7.867428] wlan0: Limiting TX power to 30 (30 - 0) dBm as advertised by 02:00:00:00:01:02
[    8.603986] Bluetooth: RFCOMM TTY layer initialized
[    8.604001] Bluetooth: RFCOMM socket layer initialized
[    8.604008] Bluetooth: RFCOMM ver 1.11
[   12.115670] warning: `pipewire' uses wireless extensions which will stop working for Wi-Fi 7 hardware; use nl80211
