### Sun Oct  4 21:19:03 +03 2026 (boot)
### rfkill
0: ideapad_wlan: Wireless LAN
	Soft blocked: yes
	Hard blocked: no
1: ideapad_bluetooth: Bluetooth
	Soft blocked: no
	Hard blocked: no
2: hci0: Bluetooth
	Soft blocked: no
	Hard blocked: no
3: phy0: Wireless LAN
	Soft blocked: yes
	Hard blocked: no
### usb
Bus 001 Device 001: ID 1d6b:0002 Linux Foundation 2.0 root hub
Bus 001 Device 002: ID 0489:e0cd Foxconn / Hon Hai Wireless_Device
Bus 001 Device 003: ID 046d:c534 Logitech, Inc. Unifying Receiver
Bus 001 Device 004: ID 04f2:b78e Chicony Electronics Co., Ltd Integrated Camera
Bus 002 Device 001: ID 1d6b:0003 Linux Foundation 3.0 root hub
Bus 002 Device 002: ID 30de:6544 KIOXIA TransMemory
### bluetooth
Controller 02:00:00:00:00:02 (public)
	Manufacturer: 0x0046 (70)
	Version: 0x0c (12)
	Name: BlueZ 5.86
	Alias: BlueZ 5.86
	Class: 0x006c010c (7078156)
	Powered: yes
	PowerState: on
	Discoverable: no
	DiscoverableTimeout: 0x000000b4 (180)
	Pairable: yes
	UUID: A/V Remote Control        (0000110e-0000-1000-8000-00805f9b34fb)
	UUID: Handsfree Audio Gateway   (0000111f-0000-1000-8000-00805f9b34fb)
	UUID: PnP Information           (00001200-0000-1000-8000-00805f9b34fb)
	UUID: Audio Sink                (0000110b-0000-1000-8000-00805f9b34fb)
	UUID: Audio Source              (0000110a-0000-1000-8000-00805f9b34fb)
	UUID: A/V Remote Control Target (0000110c-0000-1000-8000-00805f9b34fb)
	UUID: Generic Access Profile    (00001800-0000-1000-8000-00805f9b34fb)
	UUID: Generic Attribute Profile (00001801-0000-1000-8000-00805f9b34fb)
	UUID: Device Information        (0000180a-0000-1000-8000-00805f9b34fb)
	UUID: Vendor specific           (03b80e5a-ede8-4b33-a751-6ce34ec4c700)
	UUID: Handsfree                 (0000111e-0000-1000-8000-00805f9b34fb)
	Modalias: usb:v1D6Bp0246d0556
	Discovering: no
	Roles: central
	Roles: peripheral
Advertising Features:
	ActiveInstances: 0x00 (0)
	SupportedInstances: 0x14 (20)
	SupportedIncludes: tx-power
	SupportedIncludes: appearance
	SupportedIncludes: local-name
	SupportedSecondaryChannels: 1M
	SupportedSecondaryChannels: 2M
	SupportedSecondaryChannels: Coded
	SupportedCapabilities.MinTxPower: 0xfffffff2 (-14)
	SupportedCapabilities.MaxTxPower: 0x000d (13)
	SupportedCapabilities.MaxAdvLen: 0xfb (251)
	SupportedCapabilities.MaxScnRspLen: 0xfb (251)
	SupportedFeatures: CanSetTxPower
	SupportedFeatures: HardwareOffload
### services
run: /var/service/acpid: (pid 636) 25s; run: log: (pid 635) 25s
run: /var/service/agetty-tty1: (pid 638) 25s
run: /var/service/agetty-tty2: (pid 634) 25s
run: /var/service/bluetoothd: (pid 931) 24s; run: log: (pid 630) 25s
run: /var/service/dbus: (pid 647) 25s; run: log: (pid 646) 25s
run: /var/service/iwd: (pid 639) 25s; run: log: (pid 637) 25s
run: /var/service/seatd: (pid 642) 25s; run: log: (pid 641) 25s
run: /var/service/udevd: (pid 644) 25s; run: log: (pid 643) 25s
run: /var/service/zapret: (pid 632) 25s
### network
lo               UNKNOWN        127.0.0.1/8 ::1/128 
wlp3s0           DOWN           
### modules
rfcomm                106496  4
bnep                   36864  2
snd_sof_pci_intel_apl    12288  0
snd_sof_intel_hda_generic    40960  1 snd_sof_pci_intel_apl
snd_sof_intel_hda_sdw_bpt    24576  1 soundwire_intel
snd_sof_intel_hda_common   208896  3 snd_sof_intel_hda_sdw_bpt,snd_sof_intel_hda_generic,snd_sof_pci_intel_apl
snd_sof_intel_hda_mlink    36864  4 snd_sof_intel_hda_sdw_bpt,soundwire_intel,snd_sof_intel_hda_common,snd_sof_intel_hda_generic
snd_sof_intel_hda      20480  2 snd_sof_intel_hda_common,snd_sof_intel_hda_generic
snd_sof_pci            24576  2 snd_sof_intel_hda_generic,snd_sof_pci_intel_apl
snd_sof_xtensa_dsp     16384  1 snd_sof_intel_hda_generic
snd_sof               479232  5 snd_sof_intel_hda_sdw_bpt,snd_sof_pci,snd_sof_intel_hda_common,snd_sof_intel_hda_generic,snd_sof_intel_hda
snd_sof_utils          16384  1 snd_sof
i915                 4825088  12
mt7921e                28672  0
mt7921_common          98304  1 mt7921e
mt792x_lib             69632  2 mt7921e,mt7921_common
btusb                  81920  0
btbcm                  24576  1 btusb
btmtk                  32768  1 btusb
btrtl                  36864  1 btusb
btintel                73728  1 btusb
ideapad_laptop         57344  0
bluetooth            1134592  35 btrtl,btmtk,btintel,btbcm,bnep,btusb,hci_vhci,rfcomm
btrfs                2224128  0
### kernel log
[    0.000000] Linux version 6.18.55_1 (voidlinux@voidlinux) (gcc (GCC) 14.2.1 20250405, GNU ld (GNU Binutils) 2.44) #1 SMP PREEMPT_DYNAMIC Sun Oct  4 00:57:56 UTC 2026
[    0.000000] Command line: initrd=\initramfs-6.18.55_1.img root=LABEL=torOS rootfstype=ext4 rw quiet loglevel=3
[    0.000000] BIOS-provided physical RAM map:
[    0.000000] BIOS-e820: [mem 0x0000000000000000-0x0000000000000fff] reserved
[    0.000000] BIOS-e820: [mem 0x0000000000001000-0x0000000000057fff] usable
[    0.000000] BIOS-e820: [mem 0x0000000000058000-0x0000000000058fff] reserved
[    0.000000] BIOS-e820: [mem 0x0000000000059000-0x0000000000085fff] usable
[    0.000000] BIOS-e820: [mem 0x0000000000086000-0x00000000000fffff] reserved
[    0.000000] BIOS-e820: [mem 0x0000000000100000-0x000000000fffffff] usable
[    0.000000] BIOS-e820: [mem 0x0000000010000000-0x0000000012150fff] reserved
[    0.000000] BIOS-e820: [mem 0x0000000012151000-0x000000006407efff] usable
[    0.000000] BIOS-e820: [mem 0x000000006407f000-0x000000006752efff] reserved
[    0.000000] BIOS-e820: [mem 0x000000006752f000-0x000000006758efff] ACPI NVS
[    0.000000] BIOS-e820: [mem 0x000000006758f000-0x00000000675cefff] ACPI data
[    0.000000] BIOS-e820: [mem 0x00000000675cf000-0x0000000068c8dfff] usable
[    0.000000] BIOS-e820: [mem 0x0000000068c8e000-0x000000006958dfff] reserved
[    0.000000] BIOS-e820: [mem 0x000000006958e000-0x0000000069bfffff] usable
[    0.000000] BIOS-e820: [mem 0x0000000069c00000-0x000000007fffffff] reserved
[    0.000000] BIOS-e820: [mem 0x00000000d3709000-0x00000000d3709fff] reserved
[    0.000000] BIOS-e820: [mem 0x00000000e0000000-0x00000000e3ffffff] reserved
[    0.000000] BIOS-e820: [mem 0x00000000fed01000-0x00000000fed01fff] reserved
[    0.000000] BIOS-e820: [mem 0x00000000ff800000-0x00000000ffffffff] reserved
[    0.000000] BIOS-e820: [mem 0x0000000100000000-0x000000017fffffff] usable
[    0.000000] NX (Execute Disable) protection: active
[    0.000000] APIC: Static calls initialized
[    0.000000] efi: EFI v2.6 by INSYDE Corp.
[    0.000000] efi: ACPI=0x675ce000 ACPI 2.0=0x675ce014 SMBIOS=0x640ce000 SMBIOS 3.0=0x640cc000 ESRT=0x62214798 INITRD=0x5bd7e798 RNG=0x675a2018 
[    0.000000] random: crng init done
[    0.000000] efi: Not removing mem46: MMIO range=[0xd3709000-0xd3709fff] (4KB) from e820 map
[    0.000000] efi: Remove mem47: MMIO range=[0xe0000000-0xe3ffffff] (64MB) from e820 map
[    0.000000] e820: remove [mem 0xe0000000-0xe3ffffff] reserved
[    0.000000] efi: Not removing mem48: MMIO range=[0xfed01000-0xfed01fff] (4KB) from e820 map
[    0.000000] efi: Remove mem49: MMIO range=[0xff800000-0xffffffff] (8MB) from e820 map
[    0.000000] e820: remove [mem 0xff800000-0xffffffff] reserved
[    0.000000] SMBIOS 3.0.1 present.
[    0.000000] DMI: LENOVO 82V6/LNVNB161216, BIOS KKCN10WW 04/14/2022
[    0.000000] DMI: Memory slots populated: 1/1
[    0.000000] tsc: Detected 1094.400 MHz processor
[    0.000035] e820: update [mem 0x00000000-0x00000fff] usable ==> reserved
[    0.000044] e820: remove [mem 0x000a0000-0x000fffff] usable
[    0.000070] last_pfn = 0x180000 max_arch_pfn = 0x400000000
[    0.000088] MTRR map: 8 entries (3 fixed + 5 variable; max 23), built from 10 variable MTRRs
[    0.000094] x86/PAT: Configuration [0-7]: WB  WC  UC- UC  WB  WP  UC- WT  
[    0.000216] last_pfn = 0x69c00 max_arch_pfn = 0x400000000
[    0.012159] esrt: Reserving ESRT space from 0x0000000062214798 to 0x00000000622147f8.
[    0.012175] e820: update [mem 0x62214000-0x62214fff] usable ==> reserved
[    0.012224] Using GB pages for direct mapping
[    0.013744] Secure boot disabled
[    0.013746] RAMDISK: [mem 0x52df8000-0x56e8afff]
[    0.013765] ACPI: Early table checksum verification disabled
[    0.013772] ACPI: RSDP 0x00000000675CE014 000024 (v02 LENOVO)
[    0.013784] ACPI: XSDT 0x00000000675AB188 0000F4 (v01 LENOVO CB-01    00000001      01000013)
[    0.013799] ACPI: FACP 0x00000000675C6000 000114 (v06 LENOVO CB-01    00000001 ACPI 00040000)
[    0.013814] ACPI: DSDT 0x00000000675B2000 00C908 (v02 LENOVO CB-01    00000001 ACPI 00040000)
[    0.013825] ACPI: FACS 0x0000000067589000 000040
[    0.013832] ACPI: FACS 0x0000000067589000 000040
[    0.013839] ACPI: UEFI 0x00000000675CD000 000236 (v01 LENOVO CB-01    00000001 ACPI 00040000)
[    0.013848] ACPI: UEFI 0x00000000675CC000 000042 (v01 LENOVO CB-01    00000001 ACPI 00040000)
[    0.013857] ACPI: MSDM 0x00000000675CB000 000055 (v03 LENOVO CB-01    00000001 ACPI 00040000)
[    0.013866] ACPI: BDAT 0x00000000675CA000 000030 (v02 LENOVO CB-01    00000001 ACPI 00040000)
[    0.013875] ACPI: HPET 0x00000000675C5000 000038 (v01 LENOVO CB-01    00000001 ACPI 00040000)
[    0.013883] ACPI: LPIT 0x00000000675C4000 00005C (v01 LENOVO CB-01    00000001 ACPI 00040000)
[    0.013892] ACPI: APIC 0x00000000675C3000 000084 (v03 LENOVO CB-01    00000001 ACPI 00040000)
[    0.013901] ACPI: MCFG 0x00000000675C2000 00003C (v01 LENOVO CB-01    00000001 ACPI 00040000)
[    0.013909] ACPI: NPKT 0x00000000675C1000 000065 (v01 LENOVO CB-01    00000001 ACPI 00040000)
[    0.013918] ACPI: PRAM 0x00000000675C0000 000030 (v01 LENOVO CB-01    00000001 ACPI 00040000)
[    0.013927] ACPI: WSMT 0x00000000675BF000 000028 (v01 LENOVO CB-01    00000001 ACPI 00040000)
[    0.013935] ACPI: SSDT 0x00000000675B0000 0016F6 (v02 LENOVO CB-01    00000001 ACPI 00040000)
[    0.013944] ACPI: SSDT 0x00000000675AF000 0008B1 (v01 LENOVO CB-01    00000001 ACPI 00040000)
[    0.013953] ACPI: SSDT 0x00000000675AE000 00047B (v02 LENOVO CB-01    00000001 ACPI 00040000)
[    0.013962] ACPI: SSDT 0x00000000675AD000 00072B (v02 LENOVO CB-01    00000001 ACPI 00040000)
[    0.013970] ACPI: SSDT 0x00000000675AC000 00032D (v02 LENOVO CB-01    00000001 ACPI 00040000)
[    0.013979] ACPI: SSDT 0x00000000675AA000 00017C (v02 LENOVO CB-01    00000001 ACPI 00040000)
[    0.013988] ACPI: SSDT 0x00000000675A7000 0027A5 (v02 LENOVO CB-01    00000001 ACPI 00040000)
[    0.013996] ACPI: SSDT 0x00000000675A6000 00005C (v02 LENOVO CB-01    00000001 ACPI 00040000)
[    0.014005] ACPI: FPDT 0x00000000675A5000 000044 (v01 LENOVO CB-01    00000001 ACPI 00040000)
[    0.014014] ACPI: BGRT 0x00000000675A4000 000038 (v01 LENOVO CB-01    00000001 ACPI 00040000)
[    0.014023] ACPI: DBGP 0x00000000675C8000 000034 (v01 LENOVO CB-01    00000001 ACPI 00040000)
[    0.014031] ACPI: DBG2 0x00000000675C9000 000072 (v00 LENOVO CB-01    00000001 ACPI 00040000)
[    0.014040] ACPI: DMAR 0x00000000675C7000 0000A8 (v01 LENOVO CB-01    00000001 ACPI 00040000)
[    0.014049] ACPI: WDAT 0x00000000675A3000 000104 (v01 LENOVO CB-01    00000001 ACPI 00040000)
[    0.014056] ACPI: Reserving FACP table memory at [mem 0x675c6000-0x675c6113]
[    0.014061] ACPI: Reserving DSDT table memory at [mem 0x675b2000-0x675be907]
[    0.014064] ACPI: Reserving FACS table memory at [mem 0x67589000-0x6758903f]
[    0.014067] ACPI: Reserving FACS table memory at [mem 0x67589000-0x6758903f]
[    0.014070] ACPI: Reserving UEFI table memory at [mem 0x675cd000-0x675cd235]
[    0.014073] ACPI: Reserving UEFI table memory at [mem 0x675cc000-0x675cc041]
[    0.014076] ACPI: Reserving MSDM table memory at [mem 0x675cb000-0x675cb054]
[    0.014079] ACPI: Reserving BDAT table memory at [mem 0x675ca000-0x675ca02f]
[    0.014082] ACPI: Reserving HPET table memory at [mem 0x675c5000-0x675c5037]
[    0.014084] ACPI: Reserving LPIT table memory at [mem 0x675c4000-0x675c405b]
[    0.014087] ACPI: Reserving APIC table memory at [mem 0x675c3000-0x675c3083]
[    0.014090] ACPI: Reserving MCFG table memory at [mem 0x675c2000-0x675c203b]
[    0.014093] ACPI: Reserving NPKT table memory at [mem 0x675c1000-0x675c1064]
[    0.014096] ACPI: Reserving PRAM table memory at [mem 0x675c0000-0x675c002f]
[    0.014098] ACPI: Reserving WSMT table memory at [mem 0x675bf000-0x675bf027]
[    0.014101] ACPI: Reserving SSDT table memory at [mem 0x675b0000-0x675b16f5]
[    0.014104] ACPI: Reserving SSDT table memory at [mem 0x675af000-0x675af8b0]
[    0.014107] ACPI: Reserving SSDT table memory at [mem 0x675ae000-0x675ae47a]
[    0.014110] ACPI: Reserving SSDT table memory at [mem 0x675ad000-0x675ad72a]
[    0.014113] ACPI: Reserving SSDT table memory at [mem 0x675ac000-0x675ac32c]
[    0.014115] ACPI: Reserving SSDT table memory at [mem 0x675aa000-0x675aa17b]
[    0.014118] ACPI: Reserving SSDT table memory at [mem 0x675a7000-0x675a97a4]
[    0.014121] ACPI: Reserving SSDT table memory at [mem 0x675a6000-0x675a605b]
[    0.014124] ACPI: Reserving FPDT table memory at [mem 0x675a5000-0x675a5043]
[    0.014127] ACPI: Reserving BGRT table memory at [mem 0x675a4000-0x675a4037]
[    0.014130] ACPI: Reserving DBGP table memory at [mem 0x675c8000-0x675c8033]
[    0.014132] ACPI: Reserving DBG2 table memory at [mem 0x675c9000-0x675c9071]
[    0.014135] ACPI: Reserving DMAR table memory at [mem 0x675c7000-0x675c70a7]
[    0.014138] ACPI: Reserving WDAT table memory at [mem 0x675a3000-0x675a3103]
[    0.014307] No NUMA configuration found
[    0.014310] Faking a node at [mem 0x0000000000000000-0x000000017fffffff]
[    0.014322] NODE_DATA(0) allocated [mem 0x17fffaa80-0x17fffffff]
[    0.014404] Zone ranges:
[    0.014407]   DMA      [mem 0x0000000000001000-0x0000000000ffffff]
[    0.014412]   DMA32    [mem 0x0000000001000000-0x00000000ffffffff]
[    0.014417]   Normal   [mem 0x0000000100000000-0x000000017fffffff]
[    0.014421]   Device   empty
[    0.014424] Movable zone start for each node
[    0.014427] Early memory node ranges
[    0.014428]   node   0: [mem 0x0000000000001000-0x0000000000057fff]
[    0.014432]   node   0: [mem 0x0000000000059000-0x0000000000085fff]
[    0.014435]   node   0: [mem 0x0000000000100000-0x000000000fffffff]
[    0.014439]   node   0: [mem 0x0000000012151000-0x000000006407efff]
[    0.014442]   node   0: [mem 0x00000000675cf000-0x0000000068c8dfff]
[    0.014445]   node   0: [mem 0x000000006958e000-0x0000000069bfffff]
[    0.014448]   node   0: [mem 0x0000000100000000-0x000000017fffffff]
[    0.014453] Initmem setup node 0 [mem 0x0000000000001000-0x000000017fffffff]
[    0.014467] On node 0, zone DMA: 1 pages in unavailable ranges
[    0.014472] On node 0, zone DMA: 1 pages in unavailable ranges
[    0.014537] On node 0, zone DMA: 122 pages in unavailable ranges
[    0.021784] On node 0, zone DMA32: 8529 pages in unavailable ranges
[    0.022167] On node 0, zone DMA32: 13648 pages in unavailable ranges
[    0.022247] On node 0, zone DMA32: 2304 pages in unavailable ranges
[    0.032410] On node 0, zone Normal: 25600 pages in unavailable ranges
[    0.032441] Reserving Intel graphics memory at [mem 0x7c000000-0x7fffffff]
[    0.032766] ACPI: PM-Timer IO Port: 0x408
[    0.032790] ACPI: LAPIC_NMI (acpi_id[0x01] high level lint[0x1])
[    0.032796] ACPI: LAPIC_NMI (acpi_id[0x02] high level lint[0x1])
[    0.032799] ACPI: LAPIC_NMI (acpi_id[0x03] high level lint[0x1])
[    0.032802] ACPI: LAPIC_NMI (acpi_id[0x04] high level lint[0x1])
[    0.032842] IOAPIC[0]: apic_id 1, version 32, address 0xfec00000, GSI 0-119
[    0.032851] ACPI: INT_SRC_OVR (bus 0 bus_irq 0 global_irq 2 dfl dfl)
[    0.032856] ACPI: INT_SRC_OVR (bus 0 bus_irq 9 global_irq 9 low level)
[    0.032869] ACPI: Using ACPI (MADT) for SMP configuration information
[    0.032872] ACPI: HPET id: 0x8086a701 base: 0xfed00000
[    0.032896] e820: update [mem 0x60c79000-0x60cf4fff] usable ==> reserved
[    0.032936] TSC deadline timer available
[    0.032955] CPU topo: Max. logical packages:   1
[    0.032958] CPU topo: Max. logical dies:       1
[    0.032960] CPU topo: Max. dies per package:   1
[    0.032977] CPU topo: Max. threads per core:   1
[    0.032980] CPU topo: Num. cores per package:     2
[    0.032982] CPU topo: Num. threads per package:   2
[    0.032984] CPU topo: Allowing 2 present CPUs plus 0 hotplug CPUs
[    0.033057] PM: hibernation: Registered nosave memory: [mem 0x00000000-0x00000fff]
[    0.033065] PM: hibernation: Registered nosave memory: [mem 0x00058000-0x00058fff]
[    0.033071] PM: hibernation: Registered nosave memory: [mem 0x00086000-0x000fffff]
[    0.033077] PM: hibernation: Registered nosave memory: [mem 0x10000000-0x12150fff]
[    0.033083] PM: hibernation: Registered nosave memory: [mem 0x60c79000-0x60cf4fff]
[    0.033090] PM: hibernation: Registered nosave memory: [mem 0x62214000-0x62214fff]
[    0.033096] PM: hibernation: Registered nosave memory: [mem 0x6407f000-0x675cefff]
[    0.033102] PM: hibernation: Registered nosave memory: [mem 0x68c8e000-0x6958dfff]
[    0.033108] PM: hibernation: Registered nosave memory: [mem 0x69c00000-0xffffffff]
[    0.033114] [mem 0x80000000-0xd3708fff] available for PCI devices
[    0.033118] Booting paravirtualized kernel on bare hardware
[    0.033124] clocksource: refined-jiffies: mask: 0xffffffff max_cycles: 0xffffffff, max_idle_ns: 1910969940391419 ns
[    0.049692] setup_percpu: NR_CPUS:256 nr_cpumask_bits:2 nr_cpu_ids:2 nr_node_ids:1
[    0.050365] percpu: Embedded 62 pages/cpu s217088 r8192 d28672 u1048576
[    0.050390] pcpu-alloc: s217088 r8192 d28672 u1048576 alloc=1*2097152
[    0.050399] pcpu-alloc: [0] 0 1 
[    0.050460] Kernel command line: initrd=\initramfs-6.18.55_1.img root=LABEL=torOS rootfstype=ext4 rw quiet loglevel=3
[    0.050751] printk: log buffer data + meta data: 524288 + 1835008 = 2359296 bytes
[    0.051829] Dentry cache hash table entries: 524288 (order: 10, 4194304 bytes, linear)
[    0.052408] Inode-cache hash table entries: 262144 (order: 9, 2097152 bytes, linear)
[    0.052528] software IO TLB: area num 2.
[    0.089143] Fallback order for Node 0: 0 
[    0.089154] Built 1 zonelists, mobility grouping on.  Total pages: 932835
[    0.089159] Policy zone: Normal
[    0.089848] mem auto-init: stack:all(zero), heap alloc:on, heap free:off
[    0.119524] SLUB: HWalign=64, Order=0-3, MinObjects=0, CPUs=2, Nodes=1
[    0.140288] ftrace: allocating 46776 entries in 184 pages
[    0.140296] ftrace: allocated 184 pages with 4 groups
[    0.142420] Dynamic Preempt: voluntary
[    0.142525] rcu: Preemptible hierarchical RCU implementation.
[    0.142528] rcu: 	RCU restricting CPUs from NR_CPUS=256 to nr_cpu_ids=2.
[    0.142532] 	Trampoline variant of Tasks RCU enabled.
[    0.142534] 	Rude variant of Tasks RCU enabled.
[    0.142535] 	Tracing variant of Tasks RCU enabled.
[    0.142537] rcu: RCU calculated value of scheduler-enlistment delay is 100 jiffies.
[    0.142540] rcu: Adjusting geometry for rcu_fanout_leaf=16, nr_cpu_ids=2
[    0.142559] RCU Tasks: Setting shift to 1 and lim to 1 rcu_task_cb_adjust=1 rcu_task_cpu_ids=2.
[    0.142565] RCU Tasks Rude: Setting shift to 1 and lim to 1 rcu_task_cb_adjust=1 rcu_task_cpu_ids=2.
[    0.142570] RCU Tasks Trace: Setting shift to 1 and lim to 1 rcu_task_cb_adjust=1 rcu_task_cpu_ids=2.
[    0.163647] NR_IRQS: 16640, nr_irqs: 512, preallocated irqs: 16
[    0.164066] rcu: srcu_init: Setting srcu_struct sizes based on contention.
[    0.164235] clocksource: jiffies: mask: 0xffffffff max_cycles: 0xffffffff, max_idle_ns: 1911260446275000 ns
[    0.164545] kfence: initialized - using 2097152 bytes for 255 objects at 0x(____ptrval____)-0x(____ptrval____)
[    0.164668] Console: colour dummy device 80x25
[    0.164677] printk: legacy console [tty0] enabled
[    0.164833] ACPI: Core revision 20250807
[    0.165419] clocksource: hpet: mask: 0xffffffff max_cycles: 0xffffffff, max_idle_ns: 99544814920 ns
[    0.165533] APIC: Switch to symmetric I/O mode setup
[    0.165541] DMAR: Host address width 39
[    0.165545] DMAR: DRHD base: 0x000000fed64000 flags: 0x0
[    0.165563] DMAR: dmar0: reg_base_addr fed64000 ver 1:0 cap 1c0000c40660462 ecap 9e2ff0505e
[    0.165572] DMAR: DRHD base: 0x000000fed65000 flags: 0x1
[    0.165587] DMAR: dmar1: reg_base_addr fed65000 ver 1:0 cap d2008c40660462 ecap f050da
[    0.165596] DMAR: RMRR base: 0x00000067470000 end: 0x0000006748ffff
[    0.165602] DMAR: RMRR base: 0x0000007b800000 end: 0x0000007fffffff
[    0.165609] DMAR-IR: IOAPIC id 1 under DRHD base  0xfed65000 IOMMU 1
[    0.165614] DMAR-IR: HPET id 0 under DRHD base 0xfed65000
[    0.165618] DMAR-IR: Queued invalidation will be enabled to support x2apic and Intr-remapping.
[    0.168221] DMAR-IR: Enabled IRQ remapping in x2apic mode
[    0.168231] x2apic enabled
[    0.168404] APIC: Switched APIC routing to: cluster x2apic
[    0.173075] ..TIMER: vector=0x30 apic1=0 pin1=2 apic2=-1 pin2=-1
[    0.177483] clocksource: tsc-early: mask: 0xffffffffffffffff max_cycles: 0xfc66f4fc7c, max_idle_ns: 440795224246 ns
[    0.177504] Calibrating delay loop (skipped), value calculated using timer frequency.. 2188.80 BogoMIPS (lpj=1094400)
[    0.177609] CPU0: Thermal monitoring enabled (TM1)
[    0.177616] x86/cpu: User Mode Instruction Prevention (UMIP) activated
[    0.177745] Last level iTLB entries: 4KB 0, 2MB 0, 4MB 0
[    0.177750] Last level dTLB entries: 4KB 0, 2MB 0, 4MB 0, 1GB 0
[    0.177761] process: using mwait in idle threads
[    0.177768] mitigations: Enabled attack vectors: user_kernel, user_user, guest_host, guest_guest, SMT mitigations: auto
[    0.177786] Speculative Store Bypass: Mitigation: Speculative Store Bypass disabled via prctl
[    0.177791] Spectre V2 : Mitigation: Enhanced / Automatic IBRS
[    0.177795] Register File Data Sampling: Mitigation: Clear Register File
[    0.177799] Spectre V1 : Mitigation: usercopy/swapgs barriers and __user pointer sanitization
[    0.177813] Spectre V2 : Enabling IBPB for BPF
[    0.177821] Spectre V2 : mitigation: Enabling conditional Indirect Branch Prediction Barrier
[    0.177828] Spectre V2 : Spectre BHI mitigation: SW BHB clearing on syscall and VM exit
[    0.177841] x86/fpu: Supporting XSAVE feature 0x001: 'x87 floating point registers'
[    0.177847] x86/fpu: Supporting XSAVE feature 0x002: 'SSE registers'
[    0.177850] x86/fpu: Supporting XSAVE feature 0x008: 'MPX bounds registers'
[    0.177854] x86/fpu: Supporting XSAVE feature 0x010: 'MPX CSR'
[    0.177859] x86/fpu: xstate_offset[3]:  576, xstate_sizes[3]:   64
[    0.177865] x86/fpu: xstate_offset[4]:  640, xstate_sizes[4]:   64
[    0.177869] x86/fpu: Enabled xstate features 0x1b, context size is 704 bytes, using 'compacted' format.
[    0.256201] Freeing SMP alternatives memory: 44K
[    0.256217] pid_max: default: 32768 minimum: 301
[    0.256349] LSM: initializing lsm=lockdown,capability,landlock,yama
[    0.256531] landlock: Up and running.
[    0.256535] Yama: becoming mindful.
[    0.256635] Mount-cache hash table entries: 8192 (order: 4, 65536 bytes, linear)
[    0.256659] Mountpoint-cache hash table entries: 8192 (order: 4, 65536 bytes, linear)
[    0.257667] smpboot: CPU0: Intel(R) Celeron(R) N4020 CPU @ 1.10GHz (family: 0x6, model: 0x7a, stepping: 0x8)
[    0.258457] Performance Events: PEBS fmt3+, Goldmont plus events, 32-deep LBR, full-width counters, Intel PMU driver.
[    0.258496] ... version:                   4
[    0.258496] ... bit width:                 48
[    0.258496] ... generic counters:          4
[    0.258496] ... generic bitmap:            000000000000000f
[    0.258496] ... fixed-purpose counters:    3
[    0.258496] ... fixed-purpose bitmap:      0000000000000007
[    0.258496] ... value mask:                0000ffffffffffff
[    0.258496] ... max period:                00007fffffffffff
[    0.258496] ... global_ctrl mask:          000000070000000f
[    0.258786] signal: max sigframe size: 2032
[    0.258828] Estimated ratio of average max frequency by base frequency (times 1024): 2606
[    0.272734] rcu: Hierarchical SRCU implementation.
[    0.272743] rcu: 	Max phase no-delay instances is 400.
[    0.272925] Timer migration: 1 hierarchy levels; 8 children per group; 1 crossnode level
[    0.273949] NMI watchdog: Enabled. Permanently consumes one hw-PMU counter.
[    0.274087] smp: Bringing up secondary CPUs ...
[    0.274559] smpboot: x86: Booting SMP configuration:
[    0.274565] .... node  #0, CPUs:      #1
[    0.276662] smp: Brought up 1 node, 2 CPUs
[    0.276662] smpboot: Total of 2 processors activated (4377.60 BogoMIPS)
[    0.276879] Memory: 3399432K/3731340K available (16111K kernel code, 3470K rwdata, 12560K rodata, 3520K init, 4416K bss, 321064K reserved, 0K cma-reserved)
[    0.277877] devtmpfs: initialized
[    0.277877] x86/mm: Memory block size: 128MB
[    0.279939] ACPI: PM: Registering ACPI NVS region [mem 0x6752f000-0x6758efff] (393216 bytes)
[    0.280523] posixtimers hash table entries: 1024 (order: 2, 16384 bytes, linear)
[    0.280552] futex hash table entries: 512 (32768 bytes on 1 NUMA nodes, total 32 KiB, linear).
[    0.280704] pinctrl core: initialized pinctrl subsystem
[    0.281091] PM: RTC time: 18:18:31, date: 2026-10-04
[    0.282872] NET: Registered PF_NETLINK/PF_ROUTE protocol family
[    0.283407] DMA: preallocated 512 KiB GFP_KERNEL pool for atomic allocations
[    0.283557] DMA: preallocated 512 KiB GFP_KERNEL|GFP_DMA pool for atomic allocations
[    0.283694] DMA: preallocated 512 KiB GFP_KERNEL|GFP_DMA32 pool for atomic allocations
[    0.283718] audit: initializing netlink subsys (disabled)
[    0.283759] audit: type=2000 audit(1791137911.114:1): state=initialized audit_enabled=0 res=1
[    0.283947] thermal_sys: Registered thermal governor 'bang_bang'
[    0.283954] thermal_sys: Registered thermal governor 'step_wise'
[    0.283958] thermal_sys: Registered thermal governor 'user_space'
[    0.283961] thermal_sys: Registered thermal governor 'power_allocator'
[    0.283985] cpuidle: using governor ladder
[    0.283985] cpuidle: using governor menu
[    0.295009] efi: Freeing EFI boot services memory: 69892K
[    0.295020] ACPI FADT declares the system doesn't support PCIe ASPM, so disable it
[    0.295025] acpiphp: ACPI Hot Plug PCI Controller Driver version: 0.5
[    0.295308] PCI: ECAM [mem 0xe0000000-0xe3ffffff] (base 0xe0000000) for domain 0000 [bus 00-3f]
[    0.295344] PCI: Using configuration type 1 for base access
[    0.295625] kprobes: kprobe jump-optimization is enabled. All kprobes are optimized if possible.
[    0.350719] HugeTLB: registered 1.00 GiB page size, pre-allocated 0 pages
[    0.350728] HugeTLB: 16380 KiB vmemmap can be freed for a 1.00 GiB page
[    0.350733] HugeTLB: registered 2.00 MiB page size, pre-allocated 0 pages
[    0.350737] HugeTLB: 28 KiB vmemmap can be freed for a 2.00 MiB page
[    0.353368] ACPI: Added _OSI(Module Device)
[    0.353375] ACPI: Added _OSI(Processor Device)
[    0.353379] ACPI: Added _OSI(Processor Aggregator Device)
[    0.374800] ACPI: 9 ACPI AML tables successfully acquired and loaded
[    0.381942] ACPI: Dynamic OEM Table Load:
[    0.381968] ACPI: SSDT 0xFFFF8C5740DDCC00 000102 (v02 PmRef  Cpu0Cst  00003001 INTL 20130117)
[    0.383879] ACPI: Dynamic OEM Table Load:
[    0.383900] ACPI: SSDT 0xFFFF8C5740DDC400 00015F (v02 PmRef  ApIst    00003000 INTL 20130117)
[    0.385511] ACPI: Dynamic OEM Table Load:
[    0.385532] ACPI: SSDT 0xFFFF8C5740D99180 00008D (v02 PmRef  ApCst    00003000 INTL 20130117)
[    0.387537] ACPI: EC: EC started
[    0.387542] ACPI: EC: interrupt blocked
[    0.389171] ACPI: EC: EC_CMD/EC_SC=0x66, EC_DATA=0x62
[    0.389181] ACPI: \_SB_.PCI0.LPCB.EC0_: Boot DSDT EC used to handle transactions
[    0.389186] ACPI: Interpreter enabled
[    0.389260] ACPI: PM: (supports S0 S3 S4 S5)
[    0.389265] ACPI: Using IOAPIC for interrupt routing
[    0.391561] PCI: Using host bridge windows from ACPI; if necessary, use "pci=nocrs" and report a bug
[    0.391567] PCI: Using E820 reservations for host bridge windows
[    0.392202] ACPI: Enabled 6 GPEs in block 00 to 7F
[    0.395778] ACPI: \_SB_.PCI0.RP01.PXSX.DRST: New power resource
[    0.396313] ACPI: \_SB_.PCI0.RP02.PXSX.DRST: New power resource
[    0.397172] ACPI: \_SB_.PCI0.RP04.PXSX.DRST: New power resource
[    0.397716] ACPI: \_SB_.PCI0.RP05.PXSX.DRST: New power resource
[    0.398240] ACPI: \_SB_.PCI0.RP06.PXSX.DRST: New power resource
[    0.405492] ACPI: \_SB_.PCI0.CNVW.WRST: New power resource
[    0.415208] ACPI: PCI Root Bridge [PCI0] (domain 0000 [bus 00-ff])
[    0.415228] acpi PNP0A08:00: _OSC: OS supports [ExtendedConfig ASPM ClockPM Segments MSI HPX-Type3]
[    0.416622] acpi PNP0A08:00: _OSC: OS now controls [PCIeHotplug SHPCHotplug PME AER PCIeCapability LTR]
[    0.416629] acpi PNP0A08:00: FADT indicates ASPM is unsupported, using BIOS configuration
[    0.416666] acpi PNP0A08:00: [Firmware Info]: ECAM [mem 0xe0000000-0xe3ffffff] for domain 0000 [bus 00-3f] only partially covers this bridge
[    0.418393] PCI host bridge to bus 0000:00
[    0.418406] pci_bus 0000:00: root bus resource [io  0x0070-0x0077]
[    0.418413] pci_bus 0000:00: root bus resource [io  0x0000-0x006f window]
[    0.418420] pci_bus 0000:00: root bus resource [io  0x0078-0x0cf7 window]
[    0.418425] pci_bus 0000:00: root bus resource [io  0x0d00-0xffff window]
[    0.418433] pci_bus 0000:00: root bus resource [mem 0x000a0000-0x000fffff window]
[    0.418439] pci_bus 0000:00: root bus resource [mem 0x7c000001-0xbfffffff window]
[    0.418445] pci_bus 0000:00: root bus resource [mem 0xe0000000-0xefffffff window]
[    0.418450] pci_bus 0000:00: root bus resource [mem 0xfea00000-0xfeafffff window]
[    0.418455] pci_bus 0000:00: root bus resource [mem 0xfed00000-0xfed003ff window]
[    0.418460] pci_bus 0000:00: root bus resource [mem 0xfed01000-0xfed01fff window]
[    0.418465] pci_bus 0000:00: root bus resource [mem 0xfed03000-0xfed03fff window]
[    0.418470] pci_bus 0000:00: root bus resource [mem 0xfed06000-0xfed06fff window]
[    0.418475] pci_bus 0000:00: root bus resource [mem 0xfed08000-0xfed09fff window]
[    0.418480] pci_bus 0000:00: root bus resource [mem 0xfed80000-0xfedbffff window]
[    0.418485] pci_bus 0000:00: root bus resource [mem 0xfed1c000-0xfed1cfff window]
[    0.418490] pci_bus 0000:00: root bus resource [mem 0xfee00000-0xfeefffff window]
[    0.418496] pci_bus 0000:00: root bus resource [bus 00-ff]
[    0.418547] pci 0000:00:00.0: [8086:31f0] type 00 class 0x060000 conventional PCI endpoint
[    0.418867] pci 0000:00:00.1: [8086:318c] type 00 class 0x118000 conventional PCI endpoint
[    0.418945] pci 0000:00:00.1: BAR 0 [mem 0x80000000-0x80007fff 64bit]
[    0.419226] pci 0000:00:00.3: [8086:3190] type 00 class 0x088000 conventional PCI endpoint
[    0.419273] pci 0000:00:00.3: BAR 0 [mem 0xa1416000-0xa1416fff 64bit]
[    0.419489] pci 0000:00:02.0: [8086:3185] type 00 class 0x030000 PCIe Root Complex Integrated Endpoint
[    0.419528] pci 0000:00:02.0: BAR 0 [mem 0xa0000000-0xa0ffffff 64bit]
[    0.419537] pci 0000:00:02.0: BAR 2 [mem 0x90000000-0x9fffffff 64bit pref]
[    0.419543] pci 0000:00:02.0: BAR 4 [io  0x1000-0x103f]
[    0.419577] pci 0000:00:02.0: Video device with shadowed ROM at [mem 0x000c0000-0x000dffff]
[    0.420080] pci 0000:00:0e.0: [8086:3198] type 00 class 0x040300 PCIe Root Complex Integrated Endpoint
[    0.420140] pci 0000:00:0e.0: BAR 0 [mem 0xa1410000-0xa1413fff 64bit]
[    0.420152] pci 0000:00:0e.0: BAR 4 [mem 0xa1200000-0xa12fffff 64bit]
[    0.420233] pci 0000:00:0e.0: PME# supported from D0 D3hot D3cold
[    0.420853] pci 0000:00:0f.0: [8086:319a] type 00 class 0x078000 conventional PCI endpoint
[    0.420939] pci 0000:00:0f.0: BAR 0 [mem 0xa1417000-0xa1417fff 64bit]
[    0.421037] pci 0000:00:0f.0: PME# supported from D3hot
[    0.421312] pci 0000:00:12.0: [8086:31e3] type 00 class 0x010601 conventional PCI endpoint
[    0.421365] pci 0000:00:12.0: BAR 0 [mem 0xa1414000-0xa1415fff]
[    0.421374] pci 0000:00:12.0: BAR 1 [mem 0xa1420000-0xa14200ff]
[    0.421381] pci 0000:00:12.0: BAR 2 [io  0x1080-0x1087]
[    0.421389] pci 0000:00:12.0: BAR 3 [io  0x1088-0x108b]
[    0.421397] pci 0000:00:12.0: BAR 4 [io  0x1060-0x107f]
[    0.421405] pci 0000:00:12.0: BAR 5 [mem 0xa141e000-0xa141e7ff]
[    0.421463] pci 0000:00:12.0: PME# supported from D3hot
[    0.421707] pci 0000:00:13.0: [8086:31d8] type 01 class 0x060400 PCIe Root Port
[    0.421747] pci 0000:00:13.0: PCI bridge to [bus 01]
[    0.421827] pci 0000:00:13.0: removing 2.5GT/s downstream link speed restriction
[    1.422513] pci 0000:00:13.0: retraining failed
[    1.424609] pci 0000:00:13.0: PME# supported from D0 D3hot D3cold
[    1.424965] pci 0000:00:14.0: [8086:31d6] type 01 class 0x060400 PCIe Root Port
[    1.425001] pci 0000:00:14.0: PCI bridge to [bus 02]
[    1.425012] pci 0000:00:14.0:   bridge window [mem 0xa1300000-0xa13fffff]
[    1.425126] pci 0000:00:14.0: PME# supported from D0 D3hot D3cold
[    1.425422] pci 0000:00:14.1: [8086:31d7] type 01 class 0x060400 PCIe Root Port
[    1.425456] pci 0000:00:14.1: PCI bridge to [bus 03]
[    1.425477] pci 0000:00:14.1:   bridge window [mem 0xa1000000-0xa11fffff 64bit pref]
[    1.425574] pci 0000:00:14.1: PME# supported from D0 D3hot D3cold
[    1.425887] pci 0000:00:15.0: [8086:31a8] type 00 class 0x0c0330 conventional PCI endpoint
[    1.425939] pci 0000:00:15.0: BAR 0 [mem 0xa1400000-0xa140ffff 64bit]
[    1.426017] pci 0000:00:15.0: PME# supported from D3hot D3cold
[    1.426328] pci 0000:00:17.0: [8086:31b4] type 00 class 0x118000 conventional PCI endpoint
[    1.426386] pci 0000:00:17.0: BAR 0 [mem 0xa1418000-0xa1418fff 64bit]
[    1.426399] pci 0000:00:17.0: BAR 2 [mem 0xa1419000-0xa1419fff 64bit]
[    1.426677] pci 0000:00:17.3: [8086:31ba] type 00 class 0x118000 conventional PCI endpoint
[    1.426735] pci 0000:00:17.3: BAR 0 [mem 0xa141a000-0xa141afff 64bit]
[    1.426745] pci 0000:00:17.3: BAR 2 [mem 0xa141b000-0xa141bfff 64bit]
[    1.427057] pci 0000:00:1c.0: [8086:31cc] type 00 class 0x080501 conventional PCI endpoint
[    1.427156] pci 0000:00:1c.0: BAR 0 [mem 0xa141c000-0xa141cfff 64bit]
[    1.427168] pci 0000:00:1c.0: BAR 2 [mem 0xa141d000-0xa141dfff 64bit]
[    1.427664] pci 0000:00:1f.0: [8086:31e8] type 00 class 0x060100 conventional PCI endpoint
[    1.428031] pci 0000:00:1f.1: [8086:31d4] type 00 class 0x0c0500 conventional PCI endpoint
[    1.428191] pci 0000:00:1f.1: BAR 0 [mem 0xa141f000-0xa141f0ff 64bit]
[    1.428211] pci 0000:00:1f.1: BAR 4 [io  0x1040-0x105f]
[    1.428485] pci 0000:00:13.0: PCI bridge to [bus 01]
[    1.428685] pci 0000:02:00.0: [10ec:522a] type 00 class 0xff0000 PCIe Endpoint
[    1.428825] pci 0000:02:00.0: BAR 0 [mem 0xa1300000-0xa1300fff]
[    1.428859] pci 0000:02:00.0: Upstream bridge's Max Payload Size set to 128 (was 256, max 256)
[    1.428878] pci 0000:02:00.0: Max Payload Size set to 128 (was 128, max 128)
[    1.429040] pci 0000:02:00.0: supports D1 D2
[    1.429045] pci 0000:02:00.0: PME# supported from D1 D2 D3hot D3cold
[    1.429483] pci 0000:00:14.0: PCI bridge to [bus 02]
[    1.429661] pci 0000:03:00.0: [14c3:7961] type 00 class 0x028000 PCIe Endpoint
[    1.429850] pci 0000:03:00.0: BAR 0 [mem 0xa1000000-0xa10fffff 64bit pref]
[    1.429865] pci 0000:03:00.0: BAR 2 [mem 0xa1100000-0xa1103fff 64bit pref]
[    1.429880] pci 0000:03:00.0: BAR 4 [mem 0xa1104000-0xa1104fff 64bit pref]
[    1.429906] pci 0000:03:00.0: Upstream bridge's Max Payload Size set to 128 (was 256, max 256)
[    1.429921] pci 0000:03:00.0: Max Payload Size set to 128 (was 128, max 128)
[    1.430175] pci 0000:03:00.0: supports D1 D2
[    1.430180] pci 0000:03:00.0: PME# supported from D0 D1 D2 D3hot D3cold
[    1.430715] pci 0000:00:14.1: PCI bridge to [bus 03]
[    1.434680] ACPI: PCI: Interrupt link LNKA configured for IRQ 3
[    1.434838] ACPI: PCI: Interrupt link LNKB configured for IRQ 4
[    1.434978] ACPI: PCI: Interrupt link LNKC configured for IRQ 5
[    1.435115] ACPI: PCI: Interrupt link LNKD configured for IRQ 6
[    1.435251] ACPI: PCI: Interrupt link LNKE configured for IRQ 7
[    1.435389] ACPI: PCI: Interrupt link LNKF configured for IRQ 9
[    1.435531] ACPI: PCI: Interrupt link LNKG configured for IRQ 10
[    1.435667] ACPI: PCI: Interrupt link LNKH configured for IRQ 11
[    1.441860] ACPI: EC: interrupt unblocked
[    1.441866] ACPI: EC: event unblocked
[    1.441877] ACPI: EC: EC_CMD/EC_SC=0x66, EC_DATA=0x62
[    1.441881] ACPI: EC: GPE=0x25
[    1.441886] ACPI: \_SB_.PCI0.LPCB.EC0_: Boot DSDT EC initialization complete
[    1.441891] ACPI: \_SB_.PCI0.LPCB.EC0_: EC: Used to handle transactions and events
[    1.442086] iommu: Default domain type: Translated
[    1.442091] iommu: DMA domain TLB invalidation policy: lazy mode
[    1.442506] pps_core: LinuxPPS API ver. 1 registered
[    1.442512] pps_core: Software ver. 5.3.6 - Copyright 2005-2007 Rodolfo Giometti <giometti@linux.it>
[    1.442523] PTP clock support registered
[    1.442555] EDAC MC: Ver: 3.0.0
[    1.443533] efivars: Registered efivars operations
[    1.444603] NetLabel: Initializing
[    1.444608] NetLabel:  domain hash size = 128
[    1.444612] NetLabel:  protocols = UNLABELED CIPSOv4 CALIPSO
[    1.444664] NetLabel:  unlabeled traffic allowed by default
[    1.444668] mctp: management component transport protocol core
[    1.444671] NET: Registered PF_MCTP protocol family
[    1.444699] PCI: Using ACPI for IRQ routing
[    1.451716] PCI: pci_cache_line_size set to 64 bytes
[    1.451856] resource: Expanded resource Reserved due to conflict with PCI Bus 0000:00
[    1.451862] e820: reserve RAM buffer [mem 0x00058000-0x0005ffff]
[    1.451869] e820: reserve RAM buffer [mem 0x00086000-0x0008ffff]
[    1.451874] e820: reserve RAM buffer [mem 0x60c79000-0x63ffffff]
[    1.451878] e820: reserve RAM buffer [mem 0x62214000-0x63ffffff]
[    1.451882] e820: reserve RAM buffer [mem 0x6407f000-0x67ffffff]
[    1.451886] e820: reserve RAM buffer [mem 0x68c8e000-0x6bffffff]
[    1.451890] e820: reserve RAM buffer [mem 0x69c00000-0x6bffffff]
[    1.452041] pci 0000:00:02.0: vgaarb: setting as boot VGA device
[    1.452041] pci 0000:00:02.0: vgaarb: bridge control possible
[    1.452041] pci 0000:00:02.0: vgaarb: VGA device added: decodes=io+mem,owns=io+mem,locks=none
[    1.452041] vgaarb: loaded
[    1.452634] hpet0: at MMIO 0xfed00000, IRQs 2, 8, 0, 0, 0, 0, 0, 0
[    1.452660] hpet0: 8 comparators, 64-bit 19.200000 MHz counter
[    1.454565] clocksource: Switched to clocksource tsc-early
[    1.456520] VFS: Disk quotas dquot_6.6.0
[    1.456547] VFS: Dquot-cache hash table entries: 512 (order 0, 4096 bytes)
[    1.456937] pnp: PnP ACPI init
[    1.457458] system 00:00: [io  0x0680-0x069f] has been reserved
[    1.457470] system 00:00: [io  0x0400-0x047f] could not be reserved
[    1.457477] system 00:00: [io  0x0500-0x05fe] has been reserved
[    1.457483] system 00:00: [io  0x0600-0x061f] has been reserved
[    1.457488] system 00:00: [io  0x164e-0x164f] has been reserved
[    1.458353] system 00:02: [mem 0xe0000000-0xefffffff] has been reserved
[    1.458363] system 00:02: [mem 0xfea00000-0xfeafffff] has been reserved
[    1.458371] system 00:02: [mem 0xfed01000-0xfed01fff] has been reserved
[    1.458377] system 00:02: [mem 0xfed03000-0xfed03fff] has been reserved
[    1.458384] system 00:02: [mem 0xfed06000-0xfed06fff] has been reserved
[    1.458390] system 00:02: [mem 0xfed08000-0xfed09fff] has been reserved
[    1.458397] system 00:02: [mem 0xfed80000-0xfedbffff] has been reserved
[    1.458403] system 00:02: [mem 0xfed1c000-0xfed1cfff] has been reserved
[    1.458409] system 00:02: [mem 0xfee00000-0xfeefffff] has been reserved
[    1.459098] pnp: PnP ACPI: found 3 devices
[    1.468976] clocksource: acpi_pm: mask: 0xffffff max_cycles: 0xffffff, max_idle_ns: 2085701024 ns
[    1.469154] NET: Registered PF_INET protocol family
[    1.469360] IP idents hash table entries: 65536 (order: 7, 524288 bytes, linear)
[    1.508600] tcp_listen_portaddr_hash hash table entries: 2048 (order: 3, 32768 bytes, linear)
[    1.508687] Table-perturb hash table entries: 65536 (order: 6, 262144 bytes, linear)
[    1.508802] TCP established hash table entries: 32768 (order: 6, 262144 bytes, linear)
[    1.509169] TCP bind hash table entries: 32768 (order: 8, 1048576 bytes, linear)
[    1.509414] TCP: Hash tables configured (established 32768 bind 32768)
[    1.509579] MPTCP token hash table entries: 4096 (order: 5, 98304 bytes, linear)
[    1.509666] UDP hash table entries: 2048 (order: 5, 131072 bytes, linear)
[    1.509746] UDP-Lite hash table entries: 2048 (order: 5, 131072 bytes, linear)
[    1.509878] NET: Registered PF_UNIX/PF_LOCAL protocol family
[    1.509906] NET: Registered PF_XDP protocol family
[    1.509950] pci 0000:00:13.0: PCI bridge to [bus 01]
[    1.509979] pci 0000:00:14.0: PCI bridge to [bus 02]
[    1.509988] pci 0000:00:14.0:   bridge window [mem 0xa1300000-0xa13fffff]
[    1.510003] pci 0000:00:14.1: PCI bridge to [bus 03]
[    1.510014] pci 0000:00:14.1:   bridge window [mem 0xa1000000-0xa11fffff 64bit pref]
[    1.510026] pci_bus 0000:00: resource 4 [io  0x0070-0x0077]
[    1.510032] pci_bus 0000:00: resource 5 [io  0x0000-0x006f window]
[    1.510038] pci_bus 0000:00: resource 6 [io  0x0078-0x0cf7 window]
[    1.510043] pci_bus 0000:00: resource 7 [io  0x0d00-0xffff window]
[    1.510048] pci_bus 0000:00: resource 8 [mem 0x000a0000-0x000fffff window]
[    1.510053] pci_bus 0000:00: resource 9 [mem 0x7c000001-0xbfffffff window]
[    1.510058] pci_bus 0000:00: resource 10 [mem 0xe0000000-0xefffffff window]
[    1.510064] pci_bus 0000:00: resource 11 [mem 0xfea00000-0xfeafffff window]
[    1.510069] pci_bus 0000:00: resource 12 [mem 0xfed00000-0xfed003ff window]
[    1.510074] pci_bus 0000:00: resource 13 [mem 0xfed01000-0xfed01fff window]
[    1.510079] pci_bus 0000:00: resource 14 [mem 0xfed03000-0xfed03fff window]
[    1.510084] pci_bus 0000:00: resource 15 [mem 0xfed06000-0xfed06fff window]
[    1.510089] pci_bus 0000:00: resource 16 [mem 0xfed08000-0xfed09fff window]
[    1.510093] pci_bus 0000:00: resource 17 [mem 0xfed80000-0xfedbffff window]
[    1.510098] pci_bus 0000:00: resource 18 [mem 0xfed1c000-0xfed1cfff window]
[    1.510103] pci_bus 0000:00: resource 19 [mem 0xfee00000-0xfeefffff window]
[    1.510112] pci_bus 0000:02: resource 1 [mem 0xa1300000-0xa13fffff]
[    1.510117] pci_bus 0000:03: resource 2 [mem 0xa1000000-0xa11fffff 64bit pref]
[    1.512299] PCI: CLS 64 bytes, default 64
[    1.512385] pci 0000:00:0d.0: [8086:3192] type 00 class 0x058000 conventional PCI endpoint
[    1.512537] pci 0000:00:0d.0: BAR 0 [mem 0xd0000000-0xd0ffffff 64bit]
[    1.512897] pci 0000:00:0d.2: [8086:3196] type 00 class 0x0c8000 conventional PCI endpoint
[    1.512980] pci 0000:00:0d.2: BAR 0 [mem 0xfed01000-0xfed01fff]
[    1.513248] DMAR: No ATSR found
[    1.513252] DMAR: No SATC found
[    1.513256] DMAR: dmar0: Using Queued invalidation
[    1.513277] DMAR: dmar1: Using Queued invalidation
[    1.513356] Trying to unpack rootfs image as initramfs...
[    1.514715] pci 0000:00:02.0: Adding to iommu group 0
[    1.515796] pci 0000:00:00.0: Adding to iommu group 1
[    1.515828] pci 0000:00:00.1: Adding to iommu group 1
[    1.515856] pci 0000:00:00.3: Adding to iommu group 1
[    1.515890] pci 0000:00:0e.0: Adding to iommu group 2
[    1.515931] pci 0000:00:0f.0: Adding to iommu group 3
[    1.515971] pci 0000:00:12.0: Adding to iommu group 4
[    1.516022] pci 0000:00:13.0: Adding to iommu group 5
[    1.516062] pci 0000:00:14.0: Adding to iommu group 6
[    1.516107] pci 0000:00:14.1: Adding to iommu group 7
[    1.516149] pci 0000:00:15.0: Adding to iommu group 8
[    1.516204] pci 0000:00:17.0: Adding to iommu group 9
[    1.516236] pci 0000:00:17.3: Adding to iommu group 9
[    1.516313] pci 0000:00:1c.0: Adding to iommu group 10
[    1.516374] pci 0000:00:1f.0: Adding to iommu group 11
[    1.516407] pci 0000:00:1f.1: Adding to iommu group 11
[    1.516445] pci 0000:02:00.0: Adding to iommu group 12
[    1.516481] pci 0000:03:00.0: Adding to iommu group 13
[    1.518429] DMAR: Intel(R) Virtualization Technology for Directed I/O
[    1.518439] PCI-DMA: Using software bounce buffering for IO (SWIOTLB)
[    1.518443] software IO TLB: mapped [mem 0x000000005cb58000-0x0000000060b58000] (64MB)
[    1.518640] clocksource: tsc: mask: 0xffffffffffffffff max_cycles: 0xfc66f4fc7c, max_idle_ns: 440795224246 ns
[    1.518676] clocksource: Switched to clocksource tsc
[    1.519835] Initialise system trusted keyrings
[    1.520002] workingset: timestamp_bits=40 max_order=20 bucket_order=0
[    1.561321] Key type asymmetric registered
[    1.561333] Asymmetric key parser 'x509' registered
[    1.561423] Block layer SCSI generic (bsg) driver version 0.4 loaded (major 245)
[    1.561578] io scheduler mq-deadline registered
[    1.561584] io scheduler kyber registered
[    1.561624] io scheduler bfq registered
[    1.562523] ledtrig-cpu: registered to indicate activity on CPUs
[    1.563128] pcieport 0000:00:13.0: PME: Signaling with IRQ 123
[    1.563766] pcieport 0000:00:14.0: PME: Signaling with IRQ 124
[    1.564280] pcieport 0000:00:14.1: PME: Signaling with IRQ 125
[    1.566874] Serial: 8250/16550 driver, 4 ports, IRQ sharing enabled
[    1.569678] e1000e: Intel(R) PRO/1000 Network Driver
[    1.569685] e1000e: Copyright(c) 1999 - 2015 Intel Corporation.
[    1.569853] i8042: PNP: PS/2 Controller [PNP0303:PS2K] at 0x60,0x64 irq 1
[    1.569861] i8042: PNP: PS/2 appears to have AUX port disabled, if this is incorrect please boot with i8042.nopnp
[    1.571093] serio: i8042 KBD port at 0x60,0x64 irq 1
[    1.571372] mousedev: PS/2 mouse device common for all mice
[    1.571716] rtc_cmos PNP0B00:00: RTC can wake from S4
[    1.572782] rtc_cmos PNP0B00:00: registered as rtc0
[    1.572931] rtc_cmos PNP0B00:00: setting system clock to 2026-10-04T18:18:32 UTC (1791137912)
[    1.573040] rtc_cmos PNP0B00:00: alarms up to one month, y3k, 242 bytes nvram
[    1.573654] intel_pstate: Intel P-state driver initializing
[    1.574035] input: AT Translated Set 2 keyboard as /devices/platform/i8042/serio0/input/input0
[    1.574284] efifb: probing for efifb
[    1.574350] efifb: showing boot graphics
[    1.576924] efifb: framebuffer at 0x90000000, using 4128k, total 4128k
[    1.576937] efifb: mode is 1366x768x32, linelength=5504, pages=1
[    1.576939] efifb: scrolling: redraw
[    1.576940] efifb: Truecolor: size=8:8:8:8, shift=24:16:8:0
[    1.577043] fbcon: Deferring console take-over
[    1.577046] fb0: EFI VGA frame buffer device
[    1.577449] NET: Registered PF_INET6 protocol family
[    1.577858] Segment Routing with IPv6
[    1.577861] RPL Segment Routing with IPv6
[    1.577872] In-situ OAM (IOAM) with IPv6
[    1.577905] NET: Registered PF_PACKET protocol family
[    1.578235] microcode: Current revision: 0x00000026
[    1.578238] microcode: Updated early from: 0x0000001a
[    1.578476] resctrl: L2 allocation detected
[    1.578497] IPI shorthand broadcast: enabled
[    1.581485] sched_clock: Marking stable (1576002660, 5263061)->(1592402804, -11137083)
[    1.581741] registered taskstats version 1
[    1.582486] Loading compiled-in X.509 certificates
[    1.740345] Freeing initrd memory: 66124K
[    1.744621] Loaded X.509 cert 'Build time autogenerated kernel key: 65a8af96acb09b7ad050fe5b281c6ab657ec35cb'
[    1.748048] Demotion targets for Node 0: null
[    1.748148] Key type .fscrypt registered
[    1.748151] Key type fscrypt-provisioning registered
[    1.748550] PM:   Magic number: 14:505:341
[    1.755983] clk: Disabling unused clocks
[    1.755990] PM: genpd: Disabling unused power domains
[    1.757570] Freeing unused decrypted memory: 2028K
[    1.758697] Freeing unused kernel image (initmem) memory: 3520K
[    1.758740] Write protecting the kernel read-only data: 30720k
[    1.759130] Freeing unused kernel image (text/rodata gap) memory: 272K
[    1.759662] Freeing unused kernel image (rodata/data gap) memory: 1776K
[    1.780037] x86/mm: Checked W+X mappings: passed, no W+X pages found.
[    1.780071] Run /init as init process
[    1.780095]   with arguments:
[    1.780097]     /init
[    1.780099]   with environment:
[    1.780101]     HOME=/
[    1.780102]     TERM=linux
[    1.826726] dracut: dracut-112
[    1.881135] udevd[235]: starting eudev-3.2.14
[    1.996127] ACPI: bus type drm_connector registered
[    2.007007] ACPI: battery: Slot [BAT0] (battery present)
[    2.038706] ACPI: bus type USB registered
[    2.038761] usbcore: registered new interface driver usbfs
[    2.038781] usbcore: registered new interface driver hub
[    2.038802] usbcore: registered new device driver usb
[    2.039291] hid: raw HID events driver (C) Jiri Kosina
[    2.050830] idma64 idma64.0: Found Intel integrated DMA 64-bit
[    2.053033] SCSI subsystem initialized
[    2.053253] sdhci: Secure Digital Host Controller Interface driver
[    2.053256] sdhci: Copyright(c) Pierre Ossman
[    2.056205] idma64 idma64.1: Found Intel integrated DMA 64-bit
[    2.089005] libata version 3.00 loaded.
[    2.102380] xhci_hcd 0000:00:15.0: xHCI Host Controller
[    2.102395] xhci_hcd 0000:00:15.0: new USB bus registered, assigned bus number 1
[    2.103927] xhci_hcd 0000:00:15.0: hcc params 0x200077c1 hci version 0x100 quirks 0x0000000000009810
[    2.104210] xhci_hcd 0000:00:15.0: xHCI Host Controller
[    2.104217] xhci_hcd 0000:00:15.0: new USB bus registered, assigned bus number 2
[    2.104220] xhci_hcd 0000:00:15.0: Host supports USB 3.0 SuperSpeed
[    2.104292] usb usb1: New USB device found, idVendor=1d6b, idProduct=0002, bcdDevice= 6.18
[    2.104296] usb usb1: New USB device strings: Mfr=3, Product=2, SerialNumber=1
[    2.104298] usb usb1: Product: xHCI Host Controller
[    2.104300] usb usb1: Manufacturer: Linux 6.18.55_1 xhci-hcd
[    2.104302] usb usb1: SerialNumber: 0000:00:15.0
[    2.105336] sdhci-pci 0000:00:1c.0: SDHCI controller found [8086:31cc] (rev 6)
[    2.105634] mmc1: CQHCI version 5.10
[    2.107548] hub 1-0:1.0: USB hub found
[    2.107569] hub 1-0:1.0: 9 ports detected
[    2.107765] ACPI Warning: \_SB.PCI0.XHC.RHUB.HS05._UPC: Return Package is too small - found 1 elements, expected 4 (20250807/nsprepkg-362)
[    2.108032] mmc1: SDHCI controller on PCI [0000:00:1c.0] using ADMA 64-bit
[    2.109771] usb usb2: New USB device found, idVendor=1d6b, idProduct=0003, bcdDevice= 6.18
[    2.109776] usb usb2: New USB device strings: Mfr=3, Product=2, SerialNumber=1
[    2.109778] usb usb2: Product: xHCI Host Controller
[    2.109780] usb usb2: Manufacturer: Linux 6.18.55_1 xhci-hcd
[    2.109782] usb usb2: SerialNumber: 0000:00:15.0
[    2.111040] hub 2-0:1.0: USB hub found
[    2.111065] hub 2-0:1.0: 7 ports detected
[    2.111495] usb: port power management may be unreliable
[    2.113376] ahci 0000:00:12.0: AHCI vers 0001.0301, 32 command slots, 6 Gbps, SATA mode
[    2.113383] ahci 0000:00:12.0: 1/1 ports implemented (port mask 0x1)
[    2.113385] ahci 0000:00:12.0: flags: 64bit ncq sntf pm clo only pmp pio slum part deso sadm sds apst 
[    2.114602] scsi host0: ahci
[    2.114760] ata1: SATA max UDMA/133 abar m2048@0xa141e000 port 0xa141e100 irq 130 lpm-pol 3
[    2.201121] mmc1: new HS400 MMC card at address 0001
[    2.205786] mmcblk1: mmc1:0001 064G02 58.2 GiB
[    2.208296]  mmcblk1: p1 p2 p3
[    2.208725] mmcblk1boot0: mmc1:0001 064G02 8.00 MiB
[    2.209826] mmcblk1boot1: mmc1:0001 064G02 8.00 MiB
[    2.210714] mmcblk1rpmb: mmc1:0001 064G02 4.00 MiB, chardev (239:0)
[    2.345490] usb 1-3: new high-speed USB device number 2 using xhci_hcd
[    2.433818] ata1: SATA link down (SStatus 4 SControl 300)
[    2.449536] mmc1: Requiring re-tune after rpm resume
[    2.471242] usb 1-3: New USB device found, idVendor=0489, idProduct=e0cd, bcdDevice= 1.00
[    2.471252] usb 1-3: New USB device strings: Mfr=5, Product=6, SerialNumber=7
[    2.471254] usb 1-3: Product: Wireless_Device
[    2.471256] usb 1-3: Manufacturer: MediaTek Inc.
[    2.471258] usb 1-3: SerialNumber: 000000000
[    2.581897] usb 2-1: new SuperSpeed USB device number 2 using xhci_hcd
[    2.608561] usb 2-1: New USB device found, idVendor=30de, idProduct=6544, bcdDevice= 0.01
[    2.608586] usb 2-1: New USB device strings: Mfr=1, Product=2, SerialNumber=3
[    2.608594] usb 2-1: Product: TransMemory
[    2.608601] usb 2-1: Manufacturer: KIOXIA
[    2.608607] usb 2-1: SerialNumber: 000000000000000000000000
[    2.628981] usb-storage 2-1:1.0: USB Mass Storage device detected
[    2.629781] scsi host1: usb-storage 2-1:1.0
[    2.629975] usbcore: registered new interface driver usb-storage
[    2.632951] usbcore: registered new interface driver uas
[    2.707672] usb 1-5: new full-speed USB device number 3 using xhci_hcd
[    2.834402] usb 1-5: New USB device found, idVendor=046d, idProduct=c534, bcdDevice=29.01
[    2.834428] usb 1-5: New USB device strings: Mfr=1, Product=2, SerialNumber=0
[    2.834435] usb 1-5: Product: USB Receiver
[    2.834442] usb 1-5: Manufacturer: Logitech
[    2.856700] usbcore: registered new interface driver usbhid
[    2.856715] usbhid: USB HID core driver
[    2.865337] input: Logitech USB Receiver as /devices/pci0000:00/0000:00:15.0/usb1/1-5/1-5:1.0/0003:046D:C534.0001/input/input1
[    2.916933] hid-generic 0003:046D:C534.0001: input,hidraw0: USB HID v1.11 Keyboard [Logitech USB Receiver] on usb-0000:00:15.0-5/input0
[    2.918235] input: Logitech USB Receiver Mouse as /devices/pci0000:00/0000:00:15.0/usb1/1-5/1-5:1.1/0003:046D:C534.0002/input/input2
[    2.918625] input: Logitech USB Receiver Consumer Control as /devices/pci0000:00/0000:00:15.0/usb1/1-5/1-5:1.1/0003:046D:C534.0002/input/input3
[    2.949603] usb 1-7: new high-speed USB device number 4 using xhci_hcd
[    2.969846] input: Logitech USB Receiver System Control as /devices/pci0000:00/0000:00:15.0/usb1/1-5/1-5:1.1/0003:046D:C534.0002/input/input4
[    2.970221] hid-generic 0003:046D:C534.0002: input,hiddev0,hidraw1: USB HID v1.11 Mouse [Logitech USB Receiver] on usb-0000:00:15.0-5/input1
[    3.004992] logitech-djreceiver 0003:046D:C534.0001: hidraw0: USB HID v1.11 Keyboard [Logitech USB Receiver] on usb-0000:00:15.0-5/input0
[    3.075178] logitech-djreceiver 0003:046D:C534.0002: hiddev0,hidraw1: USB HID v1.11 Mouse [Logitech USB Receiver] on usb-0000:00:15.0-5/input1
[    3.075742] usb 1-7: New USB device found, idVendor=04f2, idProduct=b78e, bcdDevice= 0.02
[    3.075754] usb 1-7: New USB device strings: Mfr=3, Product=1, SerialNumber=2
[    3.075759] usb 1-7: Product: Integrated Camera
[    3.075764] usb 1-7: Manufacturer: Chicony Electronics Co.,Ltd.
[    3.075768] usb 1-7: SerialNumber: 0001
[    3.128208] logitech-djreceiver 0003:046D:C534.0002: device of type eQUAD nano Lite (0x0a) connected on slot 1
[    3.129677] input: Logitech Wireless Keyboard PID:4023 Keyboard as /devices/pci0000:00/0000:00:15.0/usb1/1-5/1-5:1.1/0003:046D:C534.0002/0003:046D:4023.0003/input/input7
[    3.130195] logitech-djreceiver 0003:046D:C534.0002: device of type eQUAD nano Lite (0x0a) connected on slot 2
[    3.131311] hid-generic 0003:046D:4023.0003: input,hidraw2: USB HID v1.11 Keyboard [Logitech Wireless Keyboard PID:4023] on usb-0000:00:15.0-5/input1:1
[    3.131842] input: Logitech Wireless Mouse PID:4054 Mouse as /devices/pci0000:00/0000:00:15.0/usb1/1-5/1-5:1.1/0003:046D:C534.0002/0003:046D:4054.0004/input/input12
[    3.132704] input: Logitech Wireless Mouse PID:4054 Consumer Control as /devices/pci0000:00/0000:00:15.0/usb1/1-5/1-5:1.1/0003:046D:C534.0002/0003:046D:4054.0004/input/input13
[    3.132760] hid-generic 0003:046D:4054.0004: input,hidraw3: USB HID v1.11 Mouse [Logitech Wireless Mouse PID:4054] on usb-0000:00:15.0-5/input1:2
[    3.160807] input: Logitech Wireless Keyboard PID:4023 as /devices/pci0000:00/0000:00:15.0/usb1/1-5/1-5:1.1/0003:046D:C534.0002/0003:046D:4023.0003/input/input17
[    3.160922] logitech-hidpp-device 0003:046D:4023.0003: input,hidraw2: USB HID v1.11 Keyboard [Logitech Wireless Keyboard PID:4023] on usb-0000:00:15.0-5/input1:1
[    3.183073] input: Logitech Wireless Mouse as /devices/pci0000:00/0000:00:15.0/usb1/1-5/1-5:1.1/0003:046D:C534.0002/0003:046D:4054.0004/input/input18
[    3.183535] logitech-hidpp-device 0003:046D:4054.0004: input,hidraw3: USB HID v1.11 Mouse [Logitech Wireless Mouse] on usb-0000:00:15.0-5/input1:2
[    3.659143] scsi 1:0:0:0: Direct-Access     KIOXIA   TransMemory           PQ: 0 ANSI: 6
[    3.671793] sd 1:0:0:0: [sda] 120994560 512-byte logical blocks: (61.9 GB/57.7 GiB)
[    3.672082] sd 1:0:0:0: [sda] Write Protect is off
[    3.672095] sd 1:0:0:0: [sda] Mode Sense: 4f 00 00 00
[    3.672364] sd 1:0:0:0: [sda] Write cache: disabled, read cache: enabled, doesn't support DPO or FUA
[    3.693932]  sda: sda1 sda2 sda3
[    3.694318] sd 1:0:0:0: [sda] Attached SCSI removable disk
[    3.965800] EXT4-fs (sda3): mounted filesystem 43ef87cb-879a-4d9c-86ad-8aa21323503d ro with ordered data mode. Quota mode: none.
[    3.979783] EXT4-fs (sda3): unmounting filesystem 43ef87cb-879a-4d9c-86ad-8aa21323503d.
[    3.984103] dracut: Checking ext4: /dev/sda3
[    3.984155] dracut: issuing e2fsck -a /dev/sda3
[    4.010409] dracut: torOS: clean, 30639/194688 files, 477427/778496 blocks
[    4.012490] dracut: Mounting /dev/disk/by-label/torOS with -o rw,noatime,commit=60,rw
[    4.103721] EXT4-fs (sda3): mounted filesystem 43ef87cb-879a-4d9c-86ad-8aa21323503d r/w with ordered data mode. Quota mode: none.
[    4.125627] dracut: Mounted root filesystem /dev/sda3
[    4.162413] dracut: Switching root
[    4.171558] fbcon: Taking over console
[    4.171765] Console: switching to colour frame buffer device 170x48
[    4.474034] fuse: init (API version 7.45)
[    4.505272] raid6: sse2x4   gen()  6802 MB/s
[    4.522267] raid6: sse2x2   gen()  7976 MB/s
[    4.539265] raid6: sse2x1   gen()  7242 MB/s
[    4.539267] raid6: using algorithm sse2x2 gen() 7976 MB/s
[    4.556267] raid6: .... xor() 6529 MB/s, rmw enabled
[    4.556271] raid6: using ssse3x2 recovery algorithm
[    4.559403] xor: measuring software checksum speed
[    4.559639]    prefetch64-sse  : 14335 MB/sec
[    4.559911]    generic_sse     : 12342 MB/sec
[    4.559912] xor: using function: prefetch64-sse (14335 MB/sec)
[    4.744540] Btrfs loaded, zoned=yes, fsverity=no
[    4.750448] Non-volatile memory driver v1.3
[    4.757373] loop: module loaded
[    4.765583] tun: Universal TUN/TAP device driver, 1.6
[    4.774860] PPP generic driver version 2.4.2
[    4.803870] device-mapper: uevent: version 1.0.3
[    4.804103] device-mapper: ioctl: 4.50.0-ioctl (2025-04-28) initialised: dm-devel@lists.linux.dev
[    4.829789] VFIO - User Level meta-driver version: 0.3
[    4.926203] Bluetooth: Core ver 2.22
[    4.926230] NET: Registered PF_BLUETOOTH protocol family
[    4.926232] Bluetooth: HCI device and connection manager initialized
[    4.926239] Bluetooth: HCI socket layer initialized
[    4.926243] Bluetooth: L2CAP socket layer initialized
[    4.926248] Bluetooth: SCO socket layer initialized
[    4.957198] NET: Registered PF_VSOCK protocol family
[    5.045779] udevd[476]: starting version 3.2.14
[    5.084781] udevd[477]: starting eudev-3.2.14
[    5.155825] input: Lid Switch as /devices/LNXSYSTM:00/LNXSYBUS:00/PNP0C0D:00/input/input19
[    5.155866] ACPI: button: Lid Switch [LID0]
[    5.155918] input: Power Button as /devices/LNXSYSTM:00/LNXSYBUS:00/PNP0C0C:00/input/input20
[    5.155952] ACPI: button: Power Button [PWRB]
[    5.155998] input: Power Button as /devices/LNXSYSTM:00/LNXPWRBN:00/input/input21
[    5.156608] ACPI: button: Power Button [PWRF]
[    5.182383] ACPI: AC: AC Adapter [ADP0] (off-line)
[    5.226222] ACPI: battery: new hook: Ideapad Battery Extension
[    5.226685] input: Ideapad extra buttons as /devices/pci0000:00/0000:00:1f.0/PNP0C09:00/VPC2004:00/input/input22
[    5.227526] ideapad_acpi VPC2004:00: Keyboard backlight control not available
[    5.236238] ACPI: \_TZ_.TZ01: _AL0 evaluation failure
[    5.238069] thermal LNXTHERM:00: registered as thermal_zone5
[    5.238073] ACPI: thermal: Thermal Zone [TZ01] (27 C)
[    5.245374] ideapad_acpi VPC2004:00: DYTC interface is not available
[    5.317905] mc: Linux media interface: v0.10
[    5.329668] Linux agpgart interface v0.103
[    5.416791] cfg80211: Loading compiled-in X.509 certificates for regulatory database
[    5.423592] Loaded X.509 cert 'sforshee: 00b28ddf47aef9cea7'
[    5.423879] Loaded X.509 cert 'wens: 61c038651aabdcf94bd0ac7ff06c7248db18c600'
[    5.424940] faux_driver regulatory: Direct firmware load for regulatory.db failed with error -2
[    5.424946] cfg80211: failed to load regulatory.db
[    5.439783] videodev: Linux video capture interface: v2.00
[    5.469122] usbcore: registered new interface driver btusb
[    5.478975] Bluetooth: hci0: HW/SW Version: 0x008a008a, Build Time: 20260224111243
[    5.573742] input: ELAN0646:00 04F3:31B8 Mouse as /devices/pci0000:00/0000:00:17.3/i2c_designware.1/i2c-1/i2c-ELAN0646:00/0018:04F3:31B8.0005/input/input23
[    5.573873] input: ELAN0646:00 04F3:31B8 Touchpad as /devices/pci0000:00/0000:00:17.3/i2c_designware.1/i2c-1/i2c-ELAN0646:00/0018:04F3:31B8.0005/input/input25
[    5.573989] hid-generic 0018:04F3:31B8.0005: input,hidraw4: I2C HID v1.00 Mouse [ELAN0646:00 04F3:31B8] on i2c-ELAN0646:00
[    5.692522] input: PC Speaker as /devices/platform/pcspkr/input/input26
[    5.709334] i801_smbus 0000:00:1f.1: SPD Write Disable is set
[    5.709379] i801_smbus 0000:00:1f.1: SMBus using PCI interrupt
[    5.741082] RAPL PMU: API unit is 2^-32 Joules, 4 fixed counters, 655360 ms ovfl timer
[    5.741089] RAPL PMU: hw unit of domain pp0-core 2^-14 Joules
[    5.741091] RAPL PMU: hw unit of domain package 2^-14 Joules
[    5.741092] RAPL PMU: hw unit of domain dram 2^-14 Joules
[    5.741093] RAPL PMU: hw unit of domain pp1-gpu 2^-14 Joules
[    5.782060] uvcvideo 1-7:1.0: Found UVC 1.10 device Integrated Camera (04f2:b78e)
[    5.788666] usbcore: registered new interface driver uvcvideo
[    5.827434] intel_rapl_common: Found RAPL domain package
[    5.827443] intel_rapl_common: Found RAPL domain core
[    5.827446] intel_rapl_common: Found RAPL domain uncore
[    5.827448] intel_rapl_common: Found RAPL domain dram
[    5.909036] logitech-hidpp-device 0003:046D:4023.0003: HID++ 2.0 device connected.
[    6.068443] mt7921e 0000:03:00.0: ASIC revision: 79610010
[    6.068723] input: ELAN0646:00 04F3:31B8 Mouse as /devices/pci0000:00/0000:00:17.3/i2c_designware.1/i2c-1/i2c-ELAN0646:00/0018:04F3:31B8.0005/input/input27
[    6.068865] input: ELAN0646:00 04F3:31B8 Touchpad as /devices/pci0000:00/0000:00:17.3/i2c_designware.1/i2c-1/i2c-ELAN0646:00/0018:04F3:31B8.0005/input/input29
[    6.070338] hid-multitouch 0018:04F3:31B8.0005: input,hidraw4: I2C HID v1.00 Mouse [ELAN0646:00 04F3:31B8] on i2c-ELAN0646:00
[    6.146404] mt7921e 0000:03:00.0: HW/SW Version: 0x8a108a10, Build Time: 20260224110909a

[    6.399406] mt7921e 0000:03:00.0: WM Firmware Version: ____010000, Build Time: 20260224110949
[    6.851261] i915 0000:00:02.0: [drm] Unknown revision 0x06
[    6.851276] i915 0000:00:02.0: [drm] Found geminilake (device ID 3185) integrated display version 10.00 stepping **
[    6.851282] i915 0000:00:02.0: [drm] Unknown revid 0x06
[    6.856086] i915 0000:00:02.0: [drm] VT-d active for gfx access
[    6.858022] Console: switching to colour dummy device 80x25
[    6.858064] i915 0000:00:02.0: vgaarb: deactivate vga console
[    6.858142] i915 0000:00:02.0: [drm] Using Transparent Hugepages
[    6.858239] i915 0000:00:02.0: [drm] couldn't get memory information
[    6.862405] i915 0000:00:02.0: vgaarb: VGA decodes changed: olddecodes=io+mem,decodes=io+mem:owns=io+mem
[    6.869891] i915 0000:00:02.0: [drm] Finished loading DMC firmware i915/glk_dmc_ver1_04.bin (v1.4)
[    6.904491] intel_telemetry_core Init
[    6.904876] mei_hdcp 0000:00:0f.0-b638ab7e-94e2-4ea2-a552-d1c54b627f04: bound 0000:00:02.0 (ops i915_hdcp_ops [i915])
[    6.923223] Invalid pltconfig, ensure IPC1 device is enabled in BIOS
[    6.927974] [drm] Initialized i915 1.6.0 for 0000:00:02.0 on minor 0
[    6.930081] ACPI: video: Video Device [GFX0] (multi-head: yes  rom: no  post: no)
[    6.930097] ACPI: [Firmware Bug]: BIOS _OSI(Linux) query ignored
[    6.931576] input: Video Bus as /devices/LNXSYSTM:00/LNXSYBUS:00/PNP0A08:00/LNXVIDEO:00/input/input30
[    6.971065] fbcon: i915drmfb (fb0) is primary device
[    6.975749] Console: switching to colour frame buffer device 170x48
[    6.994210] i915 0000:00:02.0: [drm] fb0: i915drmfb frame buffer device
[    7.042449] snd_hda_intel 0000:00:0e.0: bound 0000:00:02.0 (ops intel_audio_component_bind_ops [i915])
[    7.123382] EXT4-fs (sda3): re-mounted 43ef87cb-879a-4d9c-86ad-8aa21323503d ro.
[    7.193350] snd_hda_codec_alc269 hdaudioC0D0: ALC257: picked fixup  for PCI SSID 17aa:0000
[    7.194043] snd_hda_codec_alc269 hdaudioC0D0: autoconfig for ALC257: line_outs=1 (0x14/0x0/0x0/0x0/0x0) type:speaker
[    7.194049] snd_hda_codec_alc269 hdaudioC0D0:    speaker_outs=0 (0x0/0x0/0x0/0x0/0x0)
[    7.194052] snd_hda_codec_alc269 hdaudioC0D0:    hp_outs=1 (0x21/0x0/0x0/0x0/0x0)
[    7.194054] snd_hda_codec_alc269 hdaudioC0D0:    mono: mono_out=0x0
[    7.194056] snd_hda_codec_alc269 hdaudioC0D0:    inputs:
[    7.194058] snd_hda_codec_alc269 hdaudioC0D0:      Internal Mic=0x12
[    7.194060] snd_hda_codec_alc269 hdaudioC0D0:      Mic=0x19
[    7.221726] mt7921e 0000:03:00.0 wlp3s0: renamed from wlan0
[    7.278978] input: HDA Digital PCBeep as /devices/pci0000:00/0000:00:0e.0/sound/card0/input31
[    7.279166] input: HDA Intel PCH Mic as /devices/pci0000:00/0000:00:0e.0/sound/card0/input32
[    7.279230] input: HDA Intel PCH Headphone as /devices/pci0000:00/0000:00:0e.0/sound/card0/input33
[    7.279305] input: HDA Intel PCH HDMI/DP,pcm=3 as /devices/pci0000:00/0000:00:0e.0/sound/card0/input34
[    7.280306] input: HDA Intel PCH HDMI/DP,pcm=7 as /devices/pci0000:00/0000:00:0e.0/sound/card0/input35
[    7.280472] input: HDA Intel PCH HDMI/DP,pcm=8 as /devices/pci0000:00/0000:00:0e.0/sound/card0/input36
[    7.326875] EXT4-fs (sda3): re-mounted 43ef87cb-879a-4d9c-86ad-8aa21323503d r/w.
[    7.561855] udevd[644]: starting version 3.2.14
[    7.570940] udevd[644]: starting eudev-3.2.14
[    7.615130] NET: Registered PF_ALG protocol family
[    7.827074] mt7921e 0000:03:00.0 wlp3s0: renamed from wlan0
[    8.492221] Bluetooth: hci0: Device setup in 2951804 usecs
[    8.492230] Bluetooth: hci0: HCI Enhanced Setup Synchronous Connection command is advertised, but not supported.
[    8.567614] Bluetooth: hci0: AOSP extensions version v1.00
[    8.567624] Bluetooth: hci0: AOSP quality report is supported
[    8.604325] Bluetooth: BNEP (Ethernet Emulation) ver 1.3
[    8.604333] Bluetooth: BNEP filters: protocol multicast
[    8.604339] Bluetooth: BNEP socket layer initialized
[    8.606673] Bluetooth: MGMT ver 1.23
[   11.997302] Bluetooth: RFCOMM TTY layer initialized
[   11.997317] Bluetooth: RFCOMM socket layer initialized
[   11.997325] Bluetooth: RFCOMM ver 1.11
