### Sun Oct  4 21:55:04 +03 2026 (boot)
### memory
               total        used        free      shared  buff/cache   available
Mem:            3470         433        2948          20         317        3037
Swap:              0           0           0
RAM used (total - free - buffers - cache): 204 MB
  RSS USER     COMMAND
105376 rayyan  labwc
43464 rayyan   sfwbar -f /etc/xdg/sfwbar/sfwbar.config
30040 rayyan   /usr/bin/wireplumber
10580 rayyan   pipewire
 8136 rayyan   /usr/bin/pipewire -c pipewire-pulse.conf
 5992 rayyan   swaybg -c #242424
 4972 root     /usr/libexec/iwd
 4628 root     /usr/libexec/bluetooth/bluetoothd -n
 4308 rayyan   -bash
 3392 root     udevd
 3272 root     udevd
 3084 root     ps -eo rss,user,args --sort=-rss
 2892 root     udevd
 2892 root     udevd
 2884 root     udevd
 2768 dbus     dbus-daemon --system --nofork --nopidfile
 2684 rayyan   dbus-daemon --nofork --print-address 4 --session
 2656 root     login -- rayyan
 2444 root     agetty --noclear tty2 38400 linux
 2284 rayyan   swayidle -w timeout 600 wlopm --off \* resume wlopm --on \*
 2184 tpws     /opt/zapret/nfq/nfqws --user=tpws --dpi-desync-fwmark=0x40000000 --qnum=200 --dpi-desync=fake -
 1864 root     /usr/bin/seatd -g _seatd
 1832 root     /bin/sh /usr/lib/toros/hwlog boot
 1800 root     acpid -f -l
### rfkill
0: ideapad_wlan: Wireless LAN
	Soft blocked: no
	Hard blocked: no
1: ideapad_bluetooth: Bluetooth
	Soft blocked: no
	Hard blocked: no
2: hci0: Bluetooth
	Soft blocked: no
	Hard blocked: no
3: phy0: Wireless LAN
	Soft blocked: no
	Hard blocked: no
### usb
Bus 001 Device 001: ID 1d6b:0002 Linux Foundation 2.0 root hub
Bus 001 Device 002: ID 0489:e0cd Foxconn / Hon Hai Wireless_Device
Bus 001 Device 003: ID 046d:c534 Logitech, Inc. Unifying Receiver
Bus 001 Device 004: ID 04f2:b78e Chicony Electronics Co., Ltd Integrated Camera
Bus 002 Device 001: ID 1d6b:0003 Linux Foundation 3.0 root hub
Bus 002 Device 002: ID 30de:6544 KIOXIA TransMemory
### bluetooth
Controller 02:00:00:00:00:02 (public)
	Manufacturer: 0x0046 (70)
	Version: 0x0b (11)
	Name: BlueZ 5.86
	Alias: BlueZ 5.86
	Class: 0x006c010c (7078156)
	Powered: yes
	PowerState: on
	Discoverable: no
	DiscoverableTimeout: 0x000000b4 (180)
	Pairable: yes
	UUID: A/V Remote Control        (0000110e-0000-1000-8000-00805f9b34fb)
	UUID: Handsfree Audio Gateway   (0000111f-0000-1000-8000-00805f9b34fb)
	UUID: PnP Information           (00001200-0000-1000-8000-00805f9b34fb)
	UUID: Audio Sink                (0000110b-0000-1000-8000-00805f9b34fb)
	UUID: Audio Source              (0000110a-0000-1000-8000-00805f9b34fb)
	UUID: A/V Remote Control Target (0000110c-0000-1000-8000-00805f9b34fb)
	UUID: Generic Access Profile    (00001800-0000-1000-8000-00805f9b34fb)
	UUID: Generic Attribute Profile (00001801-0000-1000-8000-00805f9b34fb)
	UUID: Device Information        (0000180a-0000-1000-8000-00805f9b34fb)
	UUID: Vendor specific           (03b80e5a-ede8-4b33-a751-6ce34ec4c700)
	UUID: Handsfree                 (0000111e-0000-1000-8000-00805f9b34fb)
	Modalias: usb:v1D6Bp0246d0556
	Discovering: no
	Roles: central
	Roles: peripheral
Advertising Features:
	ActiveInstances: 0x00 (0)
	SupportedInstances: 0x14 (20)
	SupportedIncludes: tx-power
	SupportedIncludes: appearance
	SupportedIncludes: local-name
	SupportedSecondaryChannels: 1M
	SupportedSecondaryChannels: 2M
	SupportedSecondaryChannels: Coded
	SupportedCapabilities.MinTxPower: 0xfffffff2 (-14)
	SupportedCapabilities.MaxTxPower: 0x000d (13)
	SupportedCapabilities.MaxAdvLen: 0xfb (251)
	SupportedCapabilities.MaxScnRspLen: 0xfb (251)
	SupportedFeatures: CanSetTxPower
	SupportedFeatures: HardwareOffload
### services
run: /var/service/acpid: (pid 647) 26s; run: log: (pid 646) 26s
run: /var/service/agetty-tty1: (pid 653) 26s
run: /var/service/agetty-tty2: (pid 639) 26s
run: /var/service/bluetoothd: (pid 651) 26s; run: log: (pid 650) 26s
run: /var/service/dbus: (pid 649) 26s; run: log: (pid 648) 26s
run: /var/service/iwd: (pid 1118) 1s; run: log: (pid 643) 26s
run: /var/service/seatd: (pid 655) 26s; run: log: (pid 654) 26s
run: /var/service/udevd: (pid 641) 26s; run: log: (pid 640) 26s
run: /var/service/zapret: (pid 642) 26s
### network
lo               UNKNOWN        127.0.0.1/8 ::1/128 
wlp3s0           DOWN           
### modules
rfcomm                106496  4
bnep                   36864  2
snd_sof_pci_intel_apl    12288  0
snd_sof_intel_hda_generic    40960  1 snd_sof_pci_intel_apl
snd_sof_intel_hda_sdw_bpt    24576  1 soundwire_intel
snd_sof_intel_hda_common   208896  3 snd_sof_intel_hda_sdw_bpt,snd_sof_intel_hda_generic,snd_sof_pci_intel_apl
snd_sof_intel_hda_mlink    36864  4 snd_sof_intel_hda_sdw_bpt,soundwire_intel,snd_sof_intel_hda_common,snd_sof_intel_hda_generic
snd_sof_intel_hda      20480  2 snd_sof_intel_hda_common,snd_sof_intel_hda_generic
snd_sof_pci            24576  2 snd_sof_intel_hda_generic,snd_sof_pci_intel_apl
snd_sof_xtensa_dsp     16384  1 snd_sof_intel_hda_generic
snd_sof               479232  5 snd_sof_intel_hda_sdw_bpt,snd_sof_pci,snd_sof_intel_hda_common,snd_sof_intel_hda_generic,snd_sof_intel_hda
snd_sof_utils          16384  1 snd_sof
i915                 4825088  12
mt7921e                28672  0
mt7921_common          98304  1 mt7921e
mt792x_lib             69632  2 mt7921e,mt7921_common
btusb                  81920  0
btbcm                  24576  1 btusb
btmtk                  32768  1 btusb
btrtl                  36864  1 btusb
btintel                73728  1 btusb
ideapad_laptop         57344  0
bluetooth            1134592  35 btrtl,btmtk,btintel,btbcm,bnep,btusb,hci_vhci,rfcomm
btrfs                2224128  0
### kernel log
[    0.000000] Linux version 6.18.55_1 (voidlinux@voidlinux) (gcc (GCC) 14.2.1 20250405, GNU ld (GNU Binutils) 2.44) #1 SMP PREEMPT_DYNAMIC Sun Oct  4 00:57:56 UTC 2026
[    0.000000] Command line: initrd=\initramfs-6.18.55_1.img root=LABEL=torOS rootfstype=ext4 rw quiet loglevel=3
[    0.000000] BIOS-provided physical RAM map:
[    0.000000] BIOS-e820: [mem 0x0000000000000000-0x0000000000000fff] reserved
[    0.000000] BIOS-e820: [mem 0x0000000000001000-0x0000000000057fff] usable
[    0.000000] BIOS-e820: [mem 0x0000000000058000-0x0000000000058fff] reserved
[    0.000000] BIOS-e820: [mem 0x0000000000059000-0x0000000000085fff] usable
[    0.000000] BIOS-e820: [mem 0x0000000000086000-0x00000000000fffff] reserved
[    0.000000] BIOS-e820: [mem 0x0000000000100000-0x000000000fffffff] usable
[    0.000000] BIOS-e820: [mem 0x0000000010000000-0x0000000012150fff] reserved
[    0.000000] BIOS-e820: [mem 0x0000000012151000-0x000000006407efff] usable
[    0.000000] BIOS-e820: [mem 0x000000006407f000-0x000000006752efff] reserved
[    0.000000] BIOS-e820: [mem 0x000000006752f000-0x000000006758efff] ACPI NVS
[    0.000000] BIOS-e820: [mem 0x000000006758f000-0x00000000675cefff] ACPI data
[    0.000000] BIOS-e820: [mem 0x00000000675cf000-0x0000000068c8dfff] usable
[    0.000000] BIOS-e820: [mem 0x0000000068c8e000-0x000000006958dfff] reserved
[    0.000000] BIOS-e820: [mem 0x000000006958e000-0x0000000069bfffff] usable
[    0.000000] BIOS-e820: [mem 0x0000000069c00000-0x000000007fffffff] reserved
[    0.000000] BIOS-e820: [mem 0x00000000d3709000-0x00000000d3709fff] reserved
[    0.000000] BIOS-e820: [mem 0x00000000e0000000-0x00000000e3ffffff] reserved
[    0.000000] BIOS-e820: [mem 0x00000000fed01000-0x00000000fed01fff] reserved
[    0.000000] BIOS-e820: [mem 0x00000000ff800000-0x00000000ffffffff] reserved
[    0.000000] BIOS-e820: [mem 0x0000000100000000-0x000000017fffffff] usable
[    0.000000] NX (Execute Disable) protection: active
[    0.000000] APIC: Static calls initialized
[    0.000000] efi: EFI v2.6 by INSYDE Corp.
[    0.000000] efi: ACPI=0x675ce000 ACPI 2.0=0x675ce014 SMBIOS=0x640ce000 SMBIOS 3.0=0x640cc000 ESRT=0x62214798 INITRD=0x5bd7e798 RNG=0x675a2018 
[    0.000000] random: crng init done
[    0.000000] efi: Not removing mem46: MMIO range=[0xd3709000-0xd3709fff] (4KB) from e820 map
[    0.000000] efi: Remove mem47: MMIO range=[0xe0000000-0xe3ffffff] (64MB) from e820 map
[    0.000000] e820: remove [mem 0xe0000000-0xe3ffffff] reserved
[    0.000000] efi: Not removing mem48: MMIO range=[0xfed01000-0xfed01fff] (4KB) from e820 map
[    0.000000] efi: Remove mem49: MMIO range=[0xff800000-0xffffffff] (8MB) from e820 map
[    0.000000] e820: remove [mem 0xff800000-0xffffffff] reserved
[    0.000000] SMBIOS 3.0.1 present.
[    0.000000] DMI: LENOVO 82V6/LNVNB161216, BIOS KKCN10WW 04/14/2022
[    0.000000] DMI: Memory slots populated: 1/1
[    0.000000] tsc: Detected 1094.400 MHz processor
[    0.000035] e820: update [mem 0x00000000-0x00000fff] usable ==> reserved
[    0.000044] e820: remove [mem 0x000a0000-0x000fffff] usable
[    0.000070] last_pfn = 0x180000 max_arch_pfn = 0x400000000
[    0.000087] MTRR map: 8 entries (3 fixed + 5 variable; max 23), built from 10 variable MTRRs
[    0.000093] x86/PAT: Configuration [0-7]: WB  WC  UC- UC  WB  WP  UC- WT  
[    0.000216] last_pfn = 0x69c00 max_arch_pfn = 0x400000000
[    0.012161] esrt: Reserving ESRT space from 0x0000000062214798 to 0x00000000622147f8.
[    0.012176] e820: update [mem 0x62214000-0x62214fff] usable ==> reserved
[    0.012225] Using GB pages for direct mapping
[    0.014480] Secure boot disabled
[    0.014483] RAMDISK: [mem 0x52df8000-0x56e8afff]
[    0.014502] ACPI: Early table checksum verification disabled
[    0.014509] ACPI: RSDP 0x00000000675CE014 000024 (v02 LENOVO)
[    0.014520] ACPI: XSDT 0x00000000675AB188 0000F4 (v01 LENOVO CB-01    00000001      01000013)
[    0.014535] ACPI: FACP 0x00000000675C6000 000114 (v06 LENOVO CB-01    00000001 ACPI 00040000)
[    0.014550] ACPI: DSDT 0x00000000675B2000 00C908 (v02 LENOVO CB-01    00000001 ACPI 00040000)
[    0.014560] ACPI: FACS 0x0000000067589000 000040
[    0.014568] ACPI: FACS 0x0000000067589000 000040
[    0.014575] ACPI: UEFI 0x00000000675CD000 000236 (v01 LENOVO CB-01    00000001 ACPI 00040000)
[    0.014584] ACPI: UEFI 0x00000000675CC000 000042 (v01 LENOVO CB-01    00000001 ACPI 00040000)
[    0.014592] ACPI: MSDM 0x00000000675CB000 000055 (v03 LENOVO CB-01    00000001 ACPI 00040000)
[    0.014601] ACPI: BDAT 0x00000000675CA000 000030 (v02 LENOVO CB-01    00000001 ACPI 00040000)
[    0.014610] ACPI: HPET 0x00000000675C5000 000038 (v01 LENOVO CB-01    00000001 ACPI 00040000)
[    0.014618] ACPI: LPIT 0x00000000675C4000 00005C (v01 LENOVO CB-01    00000001 ACPI 00040000)
[    0.014627] ACPI: APIC 0x00000000675C3000 000084 (v03 LENOVO CB-01    00000001 ACPI 00040000)
[    0.014635] ACPI: MCFG 0x00000000675C2000 00003C (v01 LENOVO CB-01    00000001 ACPI 00040000)
[    0.014644] ACPI: NPKT 0x00000000675C1000 000065 (v01 LENOVO CB-01    00000001 ACPI 00040000)
[    0.014652] ACPI: PRAM 0x00000000675C0000 000030 (v01 LENOVO CB-01    00000001 ACPI 00040000)
[    0.014661] ACPI: WSMT 0x00000000675BF000 000028 (v01 LENOVO CB-01    00000001 ACPI 00040000)
[    0.014669] ACPI: SSDT 0x00000000675B0000 0016F6 (v02 LENOVO CB-01    00000001 ACPI 00040000)
[    0.014678] ACPI: SSDT 0x00000000675AF000 0008B1 (v01 LENOVO CB-01    00000001 ACPI 00040000)
[    0.014687] ACPI: SSDT 0x00000000675AE000 00047B (v02 LENOVO CB-01    00000001 ACPI 00040000)
[    0.014695] ACPI: SSDT 0x00000000675AD000 00072B (v02 LENOVO CB-01    00000001 ACPI 00040000)
[    0.014704] ACPI: SSDT 0x00000000675AC000 00032D (v02 LENOVO CB-01    00000001 ACPI 00040000)
[    0.014712] ACPI: SSDT 0x00000000675AA000 00017C (v02 LENOVO CB-01    00000001 ACPI 00040000)
[    0.014721] ACPI: SSDT 0x00000000675A7000 0027A5 (v02 LENOVO CB-01    00000001 ACPI 00040000)
[    0.014729] ACPI: SSDT 0x00000000675A6000 00005C (v02 LENOVO CB-01    00000001 ACPI 00040000)
[    0.014737] ACPI: FPDT 0x00000000675A5000 000044 (v01 LENOVO CB-01    00000001 ACPI 00040000)
[    0.014746] ACPI: BGRT 0x00000000675A4000 000038 (v01 LENOVO CB-01    00000001 ACPI 00040000)
[    0.014754] ACPI: DBGP 0x00000000675C8000 000034 (v01 LENOVO CB-01    00000001 ACPI 00040000)
[    0.014763] ACPI: DBG2 0x00000000675C9000 000072 (v00 LENOVO CB-01    00000001 ACPI 00040000)
[    0.014771] ACPI: DMAR 0x00000000675C7000 0000A8 (v01 LENOVO CB-01    00000001 ACPI 00040000)
[    0.014780] ACPI: WDAT 0x00000000675A3000 000104 (v01 LENOVO CB-01    00000001 ACPI 00040000)
[    0.014787] ACPI: Reserving FACP table memory at [mem 0x675c6000-0x675c6113]
[    0.014791] ACPI: Reserving DSDT table memory at [mem 0x675b2000-0x675be907]
[    0.014794] ACPI: Reserving FACS table memory at [mem 0x67589000-0x6758903f]
[    0.014797] ACPI: Reserving FACS table memory at [mem 0x67589000-0x6758903f]
[    0.014800] ACPI: Reserving UEFI table memory at [mem 0x675cd000-0x675cd235]
[    0.014803] ACPI: Reserving UEFI table memory at [mem 0x675cc000-0x675cc041]
[    0.014806] ACPI: Reserving MSDM table memory at [mem 0x675cb000-0x675cb054]
[    0.014809] ACPI: Reserving BDAT table memory at [mem 0x675ca000-0x675ca02f]
[    0.014811] ACPI: Reserving HPET table memory at [mem 0x675c5000-0x675c5037]
[    0.014814] ACPI: Reserving LPIT table memory at [mem 0x675c4000-0x675c405b]
[    0.014817] ACPI: Reserving APIC table memory at [mem 0x675c3000-0x675c3083]
[    0.014820] ACPI: Reserving MCFG table memory at [mem 0x675c2000-0x675c203b]
[    0.014822] ACPI: Reserving NPKT table memory at [mem 0x675c1000-0x675c1064]
[    0.014825] ACPI: Reserving PRAM table memory at [mem 0x675c0000-0x675c002f]
[    0.014828] ACPI: Reserving WSMT table memory at [mem 0x675bf000-0x675bf027]
[    0.014831] ACPI: Reserving SSDT table memory at [mem 0x675b0000-0x675b16f5]
[    0.014833] ACPI: Reserving SSDT table memory at [mem 0x675af000-0x675af8b0]
[    0.014836] ACPI: Reserving SSDT table memory at [mem 0x675ae000-0x675ae47a]
[    0.014839] ACPI: Reserving SSDT table memory at [mem 0x675ad000-0x675ad72a]
[    0.014842] ACPI: Reserving SSDT table memory at [mem 0x675ac000-0x675ac32c]
[    0.014844] ACPI: Reserving SSDT table memory at [mem 0x675aa000-0x675aa17b]
[    0.014847] ACPI: Reserving SSDT table memory at [mem 0x675a7000-0x675a97a4]
[    0.014850] ACPI: Reserving SSDT table memory at [mem 0x675a6000-0x675a605b]
[    0.014853] ACPI: Reserving FPDT table memory at [mem 0x675a5000-0x675a5043]
[    0.014855] ACPI: Reserving BGRT table memory at [mem 0x675a4000-0x675a4037]
[    0.014858] ACPI: Reserving DBGP table memory at [mem 0x675c8000-0x675c8033]
[    0.014861] ACPI: Reserving DBG2 table memory at [mem 0x675c9000-0x675c9071]
[    0.014864] ACPI: Reserving DMAR table memory at [mem 0x675c7000-0x675c70a7]
[    0.014867] ACPI: Reserving WDAT table memory at [mem 0x675a3000-0x675a3103]
[    0.015030] No NUMA configuration found
[    0.015033] Faking a node at [mem 0x0000000000000000-0x000000017fffffff]
[    0.015046] NODE_DATA(0) allocated [mem 0x17fffaa80-0x17fffffff]
[    0.015128] Zone ranges:
[    0.015130]   DMA      [mem 0x0000000000001000-0x0000000000ffffff]
[    0.015136]   DMA32    [mem 0x0000000001000000-0x00000000ffffffff]
[    0.015141]   Normal   [mem 0x0000000100000000-0x000000017fffffff]
[    0.015145]   Device   empty
[    0.015148] Movable zone start for each node
[    0.015151] Early memory node ranges
[    0.015152]   node   0: [mem 0x0000000000001000-0x0000000000057fff]
[    0.015157]   node   0: [mem 0x0000000000059000-0x0000000000085fff]
[    0.015160]   node   0: [mem 0x0000000000100000-0x000000000fffffff]
[    0.015163]   node   0: [mem 0x0000000012151000-0x000000006407efff]
[    0.015166]   node   0: [mem 0x00000000675cf000-0x0000000068c8dfff]
[    0.015169]   node   0: [mem 0x000000006958e000-0x0000000069bfffff]
[    0.015172]   node   0: [mem 0x0000000100000000-0x000000017fffffff]
[    0.015177] Initmem setup node 0 [mem 0x0000000000001000-0x000000017fffffff]
[    0.015193] On node 0, zone DMA: 1 pages in unavailable ranges
[    0.015197] On node 0, zone DMA: 1 pages in unavailable ranges
[    0.015261] On node 0, zone DMA: 122 pages in unavailable ranges
[    0.022602] On node 0, zone DMA32: 8529 pages in unavailable ranges
[    0.022979] On node 0, zone DMA32: 13648 pages in unavailable ranges
[    0.023055] On node 0, zone DMA32: 2304 pages in unavailable ranges
[    0.033179] On node 0, zone Normal: 25600 pages in unavailable ranges
[    0.033225] Reserving Intel graphics memory at [mem 0x7c000000-0x7fffffff]
[    0.033545] ACPI: PM-Timer IO Port: 0x408
[    0.033568] ACPI: LAPIC_NMI (acpi_id[0x01] high level lint[0x1])
[    0.033574] ACPI: LAPIC_NMI (acpi_id[0x02] high level lint[0x1])
[    0.033576] ACPI: LAPIC_NMI (acpi_id[0x03] high level lint[0x1])
[    0.033579] ACPI: LAPIC_NMI (acpi_id[0x04] high level lint[0x1])
[    0.033621] IOAPIC[0]: apic_id 1, version 32, address 0xfec00000, GSI 0-119
[    0.033630] ACPI: INT_SRC_OVR (bus 0 bus_irq 0 global_irq 2 dfl dfl)
[    0.033636] ACPI: INT_SRC_OVR (bus 0 bus_irq 9 global_irq 9 low level)
[    0.033648] ACPI: Using ACPI (MADT) for SMP configuration information
[    0.033651] ACPI: HPET id: 0x8086a701 base: 0xfed00000
[    0.033675] e820: update [mem 0x60c83000-0x60cfefff] usable ==> reserved
[    0.033712] TSC deadline timer available
[    0.033731] CPU topo: Max. logical packages:   1
[    0.033734] CPU topo: Max. logical dies:       1
[    0.033736] CPU topo: Max. dies per package:   1
[    0.033754] CPU topo: Max. threads per core:   1
[    0.033757] CPU topo: Num. cores per package:     2
[    0.033759] CPU topo: Num. threads per package:   2
[    0.033761] CPU topo: Allowing 2 present CPUs plus 0 hotplug CPUs
[    0.033834] PM: hibernation: Registered nosave memory: [mem 0x00000000-0x00000fff]
[    0.033842] PM: hibernation: Registered nosave memory: [mem 0x00058000-0x00058fff]
[    0.033848] PM: hibernation: Registered nosave memory: [mem 0x00086000-0x000fffff]
[    0.033854] PM: hibernation: Registered nosave memory: [mem 0x10000000-0x12150fff]
[    0.033860] PM: hibernation: Registered nosave memory: [mem 0x60c83000-0x60cfefff]
[    0.033866] PM: hibernation: Registered nosave memory: [mem 0x62214000-0x62214fff]
[    0.033873] PM: hibernation: Registered nosave memory: [mem 0x6407f000-0x675cefff]
[    0.033879] PM: hibernation: Registered nosave memory: [mem 0x68c8e000-0x6958dfff]
[    0.033885] PM: hibernation: Registered nosave memory: [mem 0x69c00000-0xffffffff]
[    0.033891] [mem 0x80000000-0xd3708fff] available for PCI devices
[    0.033895] Booting paravirtualized kernel on bare hardware
[    0.033901] clocksource: refined-jiffies: mask: 0xffffffff max_cycles: 0xffffffff, max_idle_ns: 1910969940391419 ns
[    0.050444] setup_percpu: NR_CPUS:256 nr_cpumask_bits:2 nr_cpu_ids:2 nr_node_ids:1
[    0.051119] percpu: Embedded 62 pages/cpu s217088 r8192 d28672 u1048576
[    0.051144] pcpu-alloc: s217088 r8192 d28672 u1048576 alloc=1*2097152
[    0.051153] pcpu-alloc: [0] 0 1 
[    0.051213] Kernel command line: initrd=\initramfs-6.18.55_1.img root=LABEL=torOS rootfstype=ext4 rw quiet loglevel=3
[    0.051503] printk: log buffer data + meta data: 524288 + 1835008 = 2359296 bytes
[    0.052587] Dentry cache hash table entries: 524288 (order: 10, 4194304 bytes, linear)
[    0.053151] Inode-cache hash table entries: 262144 (order: 9, 2097152 bytes, linear)
[    0.053280] software IO TLB: area num 2.
[    0.089919] Fallback order for Node 0: 0 
[    0.089932] Built 1 zonelists, mobility grouping on.  Total pages: 932835
[    0.089938] Policy zone: Normal
[    0.090615] mem auto-init: stack:all(zero), heap alloc:on, heap free:off
[    0.120316] SLUB: HWalign=64, Order=0-3, MinObjects=0, CPUs=2, Nodes=1
[    0.141087] ftrace: allocating 46776 entries in 184 pages
[    0.141096] ftrace: allocated 184 pages with 4 groups
[    0.143227] Dynamic Preempt: voluntary
[    0.143332] rcu: Preemptible hierarchical RCU implementation.
[    0.143335] rcu: 	RCU restricting CPUs from NR_CPUS=256 to nr_cpu_ids=2.
[    0.143339] 	Trampoline variant of Tasks RCU enabled.
[    0.143340] 	Rude variant of Tasks RCU enabled.
[    0.143342] 	Tracing variant of Tasks RCU enabled.
[    0.143344] rcu: RCU calculated value of scheduler-enlistment delay is 100 jiffies.
[    0.143346] rcu: Adjusting geometry for rcu_fanout_leaf=16, nr_cpu_ids=2
[    0.143366] RCU Tasks: Setting shift to 1 and lim to 1 rcu_task_cb_adjust=1 rcu_task_cpu_ids=2.
[    0.143372] RCU Tasks Rude: Setting shift to 1 and lim to 1 rcu_task_cb_adjust=1 rcu_task_cpu_ids=2.
[    0.143376] RCU Tasks Trace: Setting shift to 1 and lim to 1 rcu_task_cb_adjust=1 rcu_task_cpu_ids=2.
[    0.164474] NR_IRQS: 16640, nr_irqs: 512, preallocated irqs: 16
[    0.164890] rcu: srcu_init: Setting srcu_struct sizes based on contention.
[    0.165044] clocksource: jiffies: mask: 0xffffffff max_cycles: 0xffffffff, max_idle_ns: 1911260446275000 ns
[    0.165355] kfence: initialized - using 2097152 bytes for 255 objects at 0x(____ptrval____)-0x(____ptrval____)
[    0.165476] Console: colour dummy device 80x25
[    0.165485] printk: legacy console [tty0] enabled
[    0.165646] ACPI: Core revision 20250807
[    0.166228] clocksource: hpet: mask: 0xffffffff max_cycles: 0xffffffff, max_idle_ns: 99544814920 ns
[    0.166342] APIC: Switch to symmetric I/O mode setup
[    0.166349] DMAR: Host address width 39
[    0.166354] DMAR: DRHD base: 0x000000fed64000 flags: 0x0
[    0.166372] DMAR: dmar0: reg_base_addr fed64000 ver 1:0 cap 1c0000c40660462 ecap 9e2ff0505e
[    0.166381] DMAR: DRHD base: 0x000000fed65000 flags: 0x1
[    0.166396] DMAR: dmar1: reg_base_addr fed65000 ver 1:0 cap d2008c40660462 ecap f050da
[    0.166405] DMAR: RMRR base: 0x00000067470000 end: 0x0000006748ffff
[    0.166411] DMAR: RMRR base: 0x0000007b800000 end: 0x0000007fffffff
[    0.166418] DMAR-IR: IOAPIC id 1 under DRHD base  0xfed65000 IOMMU 1
[    0.166423] DMAR-IR: HPET id 0 under DRHD base 0xfed65000
[    0.166427] DMAR-IR: Queued invalidation will be enabled to support x2apic and Intr-remapping.
[    0.169028] DMAR-IR: Enabled IRQ remapping in x2apic mode
[    0.169038] x2apic enabled
[    0.169213] APIC: Switched APIC routing to: cluster x2apic
[    0.173868] ..TIMER: vector=0x30 apic1=0 pin1=2 apic2=-1 pin2=-1
[    0.178292] clocksource: tsc-early: mask: 0xffffffffffffffff max_cycles: 0xfc66f4fc7c, max_idle_ns: 440795224246 ns
[    0.178314] Calibrating delay loop (skipped), value calculated using timer frequency.. 2188.80 BogoMIPS (lpj=1094400)
[    0.178417] CPU0: Thermal monitoring enabled (TM1)
[    0.178425] x86/cpu: User Mode Instruction Prevention (UMIP) activated
[    0.178555] Last level iTLB entries: 4KB 0, 2MB 0, 4MB 0
[    0.178561] Last level dTLB entries: 4KB 0, 2MB 0, 4MB 0, 1GB 0
[    0.178572] process: using mwait in idle threads
[    0.178579] mitigations: Enabled attack vectors: user_kernel, user_user, guest_host, guest_guest, SMT mitigations: auto
[    0.178596] Speculative Store Bypass: Mitigation: Speculative Store Bypass disabled via prctl
[    0.178601] Spectre V2 : Mitigation: Enhanced / Automatic IBRS
[    0.178605] Register File Data Sampling: Mitigation: Clear Register File
[    0.178609] Spectre V1 : Mitigation: usercopy/swapgs barriers and __user pointer sanitization
[    0.178623] Spectre V2 : Enabling IBPB for BPF
[    0.178632] Spectre V2 : mitigation: Enabling conditional Indirect Branch Prediction Barrier
[    0.178641] Spectre V2 : Spectre BHI mitigation: SW BHB clearing on syscall and VM exit
[    0.178654] x86/fpu: Supporting XSAVE feature 0x001: 'x87 floating point registers'
[    0.178659] x86/fpu: Supporting XSAVE feature 0x002: 'SSE registers'
[    0.178663] x86/fpu: Supporting XSAVE feature 0x008: 'MPX bounds registers'
[    0.178667] x86/fpu: Supporting XSAVE feature 0x010: 'MPX CSR'
[    0.178672] x86/fpu: xstate_offset[3]:  576, xstate_sizes[3]:   64
[    0.178677] x86/fpu: xstate_offset[4]:  640, xstate_sizes[4]:   64
[    0.178681] x86/fpu: Enabled xstate features 0x1b, context size is 704 bytes, using 'compacted' format.
[    0.257114] Freeing SMP alternatives memory: 44K
[    0.257131] pid_max: default: 32768 minimum: 301
[    0.257267] LSM: initializing lsm=lockdown,capability,landlock,yama
[    0.257451] landlock: Up and running.
[    0.257456] Yama: becoming mindful.
[    0.257556] Mount-cache hash table entries: 8192 (order: 4, 65536 bytes, linear)
[    0.257580] Mountpoint-cache hash table entries: 8192 (order: 4, 65536 bytes, linear)
[    0.259155] smpboot: CPU0: Intel(R) Celeron(R) N4020 CPU @ 1.10GHz (family: 0x6, model: 0x7a, stepping: 0x8)
[    0.259306] Performance Events: PEBS fmt3+, Goldmont plus events, 32-deep LBR, full-width counters, Intel PMU driver.
[    0.259306] ... version:                   4
[    0.259306] ... bit width:                 48
[    0.259306] ... generic counters:          4
[    0.259306] ... generic bitmap:            000000000000000f
[    0.259306] ... fixed-purpose counters:    3
[    0.259306] ... fixed-purpose bitmap:      0000000000000007
[    0.259306] ... value mask:                0000ffffffffffff
[    0.259306] ... max period:                00007fffffffffff
[    0.259306] ... global_ctrl mask:          000000070000000f
[    0.259590] signal: max sigframe size: 2032
[    0.259632] Estimated ratio of average max frequency by base frequency (times 1024): 2606
[    0.273589] rcu: Hierarchical SRCU implementation.
[    0.273598] rcu: 	Max phase no-delay instances is 400.
[    0.273784] Timer migration: 1 hierarchy levels; 8 children per group; 1 crossnode level
[    0.274820] NMI watchdog: Enabled. Permanently consumes one hw-PMU counter.
[    0.274967] smp: Bringing up secondary CPUs ...
[    0.275443] smpboot: x86: Booting SMP configuration:
[    0.275448] .... node  #0, CPUs:      #1
[    0.277466] smp: Brought up 1 node, 2 CPUs
[    0.277466] smpboot: Total of 2 processors activated (4377.60 BogoMIPS)
[    0.277726] Memory: 3399468K/3731340K available (16111K kernel code, 3470K rwdata, 12560K rodata, 3520K init, 4416K bss, 321028K reserved, 0K cma-reserved)
[    0.278710] devtmpfs: initialized
[    0.278710] x86/mm: Memory block size: 128MB
[    0.280783] ACPI: PM: Registering ACPI NVS region [mem 0x6752f000-0x6758efff] (393216 bytes)
[    0.281362] posixtimers hash table entries: 1024 (order: 2, 16384 bytes, linear)
[    0.281362] futex hash table entries: 512 (32768 bytes on 1 NUMA nodes, total 32 KiB, linear).
[    0.281512] pinctrl core: initialized pinctrl subsystem
[    0.281897] PM: RTC time: 18:54:32, date: 2026-10-04
[    0.283712] NET: Registered PF_NETLINK/PF_ROUTE protocol family
[    0.284242] DMA: preallocated 512 KiB GFP_KERNEL pool for atomic allocations
[    0.284384] DMA: preallocated 512 KiB GFP_KERNEL|GFP_DMA pool for atomic allocations
[    0.284519] DMA: preallocated 512 KiB GFP_KERNEL|GFP_DMA32 pool for atomic allocations
[    0.284542] audit: initializing netlink subsys (disabled)
[    0.284579] audit: type=2000 audit(1791140071.114:1): state=initialized audit_enabled=0 res=1
[    0.284753] thermal_sys: Registered thermal governor 'bang_bang'
[    0.284760] thermal_sys: Registered thermal governor 'step_wise'
[    0.284764] thermal_sys: Registered thermal governor 'user_space'
[    0.284768] thermal_sys: Registered thermal governor 'power_allocator'
[    0.284790] cpuidle: using governor ladder
[    0.284790] cpuidle: using governor menu
[    0.295816] efi: Freeing EFI boot services memory: 69852K
[    0.295828] ACPI FADT declares the system doesn't support PCIe ASPM, so disable it
[    0.295832] acpiphp: ACPI Hot Plug PCI Controller Driver version: 0.5
[    0.296115] PCI: ECAM [mem 0xe0000000-0xe3ffffff] (base 0xe0000000) for domain 0000 [bus 00-3f]
[    0.296150] PCI: Using configuration type 1 for base access
[    0.296435] kprobes: kprobe jump-optimization is enabled. All kprobes are optimized if possible.
[    0.350537] HugeTLB: registered 1.00 GiB page size, pre-allocated 0 pages
[    0.350546] HugeTLB: 16380 KiB vmemmap can be freed for a 1.00 GiB page
[    0.350551] HugeTLB: registered 2.00 MiB page size, pre-allocated 0 pages
[    0.350555] HugeTLB: 28 KiB vmemmap can be freed for a 2.00 MiB page
[    0.353167] ACPI: Added _OSI(Module Device)
[    0.353174] ACPI: Added _OSI(Processor Device)
[    0.353178] ACPI: Added _OSI(Processor Aggregator Device)
[    0.374376] ACPI: 9 ACPI AML tables successfully acquired and loaded
[    0.383760] ACPI: Dynamic OEM Table Load:
[    0.383787] ACPI: SSDT 0xFFFF8B2480DDD800 000102 (v02 PmRef  Cpu0Cst  00003001 INTL 20130117)
[    0.385694] ACPI: Dynamic OEM Table Load:
[    0.385716] ACPI: SSDT 0xFFFF8B2480DDCE00 00015F (v02 PmRef  ApIst    00003000 INTL 20130117)
[    0.387325] ACPI: Dynamic OEM Table Load:
[    0.387345] ACPI: SSDT 0xFFFF8B2480D99CC0 00008D (v02 PmRef  ApCst    00003000 INTL 20130117)
[    0.389355] ACPI: EC: EC started
[    0.389360] ACPI: EC: interrupt blocked
[    0.390982] ACPI: EC: EC_CMD/EC_SC=0x66, EC_DATA=0x62
[    0.390994] ACPI: \_SB_.PCI0.LPCB.EC0_: Boot DSDT EC used to handle transactions
[    0.391000] ACPI: Interpreter enabled
[    0.391072] ACPI: PM: (supports S0 S3 S4 S5)
[    0.391077] ACPI: Using IOAPIC for interrupt routing
[    0.393372] PCI: Using host bridge windows from ACPI; if necessary, use "pci=nocrs" and report a bug
[    0.393378] PCI: Using E820 reservations for host bridge windows
[    0.394009] ACPI: Enabled 6 GPEs in block 00 to 7F
[    0.397547] ACPI: \_SB_.PCI0.RP01.PXSX.DRST: New power resource
[    0.398076] ACPI: \_SB_.PCI0.RP02.PXSX.DRST: New power resource
[    0.398917] ACPI: \_SB_.PCI0.RP04.PXSX.DRST: New power resource
[    0.399458] ACPI: \_SB_.PCI0.RP05.PXSX.DRST: New power resource
[    0.399992] ACPI: \_SB_.PCI0.RP06.PXSX.DRST: New power resource
[    0.407224] ACPI: \_SB_.PCI0.CNVW.WRST: New power resource
[    0.416914] ACPI: PCI Root Bridge [PCI0] (domain 0000 [bus 00-ff])
[    0.416935] acpi PNP0A08:00: _OSC: OS supports [ExtendedConfig ASPM ClockPM Segments MSI HPX-Type3]
[    0.418285] acpi PNP0A08:00: _OSC: OS now controls [PCIeHotplug SHPCHotplug PME AER PCIeCapability LTR]
[    0.418293] acpi PNP0A08:00: FADT indicates ASPM is unsupported, using BIOS configuration
[    0.418332] acpi PNP0A08:00: [Firmware Info]: ECAM [mem 0xe0000000-0xe3ffffff] for domain 0000 [bus 00-3f] only partially covers this bridge
[    0.420044] PCI host bridge to bus 0000:00
[    0.420057] pci_bus 0000:00: root bus resource [io  0x0070-0x0077]
[    0.420065] pci_bus 0000:00: root bus resource [io  0x0000-0x006f window]
[    0.420072] pci_bus 0000:00: root bus resource [io  0x0078-0x0cf7 window]
[    0.420077] pci_bus 0000:00: root bus resource [io  0x0d00-0xffff window]
[    0.420085] pci_bus 0000:00: root bus resource [mem 0x000a0000-0x000fffff window]
[    0.420091] pci_bus 0000:00: root bus resource [mem 0x7c000001-0xbfffffff window]
[    0.420097] pci_bus 0000:00: root bus resource [mem 0xe0000000-0xefffffff window]
[    0.420102] pci_bus 0000:00: root bus resource [mem 0xfea00000-0xfeafffff window]
[    0.420107] pci_bus 0000:00: root bus resource [mem 0xfed00000-0xfed003ff window]
[    0.420112] pci_bus 0000:00: root bus resource [mem 0xfed01000-0xfed01fff window]
[    0.420118] pci_bus 0000:00: root bus resource [mem 0xfed03000-0xfed03fff window]
[    0.420123] pci_bus 0000:00: root bus resource [mem 0xfed06000-0xfed06fff window]
[    0.420128] pci_bus 0000:00: root bus resource [mem 0xfed08000-0xfed09fff window]
[    0.420133] pci_bus 0000:00: root bus resource [mem 0xfed80000-0xfedbffff window]
[    0.420138] pci_bus 0000:00: root bus resource [mem 0xfed1c000-0xfed1cfff window]
[    0.420143] pci_bus 0000:00: root bus resource [mem 0xfee00000-0xfeefffff window]
[    0.420149] pci_bus 0000:00: root bus resource [bus 00-ff]
[    0.420196] pci 0000:00:00.0: [8086:31f0] type 00 class 0x060000 conventional PCI endpoint
[    0.420527] pci 0000:00:00.1: [8086:318c] type 00 class 0x118000 conventional PCI endpoint
[    0.420606] pci 0000:00:00.1: BAR 0 [mem 0x80000000-0x80007fff 64bit]
[    0.420883] pci 0000:00:00.3: [8086:3190] type 00 class 0x088000 conventional PCI endpoint
[    0.420931] pci 0000:00:00.3: BAR 0 [mem 0xa1416000-0xa1416fff 64bit]
[    0.421149] pci 0000:00:02.0: [8086:3185] type 00 class 0x030000 PCIe Root Complex Integrated Endpoint
[    0.421187] pci 0000:00:02.0: BAR 0 [mem 0xa0000000-0xa0ffffff 64bit]
[    0.421194] pci 0000:00:02.0: BAR 2 [mem 0x90000000-0x9fffffff 64bit pref]
[    0.421201] pci 0000:00:02.0: BAR 4 [io  0x1000-0x103f]
[    0.421234] pci 0000:00:02.0: Video device with shadowed ROM at [mem 0x000c0000-0x000dffff]
[    0.421742] pci 0000:00:0e.0: [8086:3198] type 00 class 0x040300 PCIe Root Complex Integrated Endpoint
[    0.421804] pci 0000:00:0e.0: BAR 0 [mem 0xa1410000-0xa1413fff 64bit]
[    0.421818] pci 0000:00:0e.0: BAR 4 [mem 0xa1200000-0xa12fffff 64bit]
[    0.421921] pci 0000:00:0e.0: PME# supported from D0 D3hot D3cold
[    0.422539] pci 0000:00:0f.0: [8086:319a] type 00 class 0x078000 conventional PCI endpoint
[    0.422624] pci 0000:00:0f.0: BAR 0 [mem 0xa1417000-0xa1417fff 64bit]
[    0.422719] pci 0000:00:0f.0: PME# supported from D3hot
[    0.422990] pci 0000:00:12.0: [8086:31e3] type 00 class 0x010601 conventional PCI endpoint
[    0.423042] pci 0000:00:12.0: BAR 0 [mem 0xa1414000-0xa1415fff]
[    0.423051] pci 0000:00:12.0: BAR 1 [mem 0xa1420000-0xa14200ff]
[    0.423059] pci 0000:00:12.0: BAR 2 [io  0x1080-0x1087]
[    0.423067] pci 0000:00:12.0: BAR 3 [io  0x1088-0x108b]
[    0.423074] pci 0000:00:12.0: BAR 4 [io  0x1060-0x107f]
[    0.423082] pci 0000:00:12.0: BAR 5 [mem 0xa141e000-0xa141e7ff]
[    0.423143] pci 0000:00:12.0: PME# supported from D3hot
[    0.423381] pci 0000:00:13.0: [8086:31d8] type 01 class 0x060400 PCIe Root Port
[    0.423421] pci 0000:00:13.0: PCI bridge to [bus 01]
[    0.423502] pci 0000:00:13.0: removing 2.5GT/s downstream link speed restriction
[    1.423322] pci 0000:00:13.0: retraining failed
[    1.425419] pci 0000:00:13.0: PME# supported from D0 D3hot D3cold
[    1.425789] pci 0000:00:14.0: [8086:31d6] type 01 class 0x060400 PCIe Root Port
[    1.425825] pci 0000:00:14.0: PCI bridge to [bus 02]
[    1.425836] pci 0000:00:14.0:   bridge window [mem 0xa1300000-0xa13fffff]
[    1.425938] pci 0000:00:14.0: PME# supported from D0 D3hot D3cold
[    1.426233] pci 0000:00:14.1: [8086:31d7] type 01 class 0x060400 PCIe Root Port
[    1.426267] pci 0000:00:14.1: PCI bridge to [bus 03]
[    1.426287] pci 0000:00:14.1:   bridge window [mem 0xa1000000-0xa11fffff 64bit pref]
[    1.426381] pci 0000:00:14.1: PME# supported from D0 D3hot D3cold
[    1.426696] pci 0000:00:15.0: [8086:31a8] type 00 class 0x0c0330 conventional PCI endpoint
[    1.426746] pci 0000:00:15.0: BAR 0 [mem 0xa1400000-0xa140ffff 64bit]
[    1.426812] pci 0000:00:15.0: PME# supported from D3hot D3cold
[    1.427121] pci 0000:00:17.0: [8086:31b4] type 00 class 0x118000 conventional PCI endpoint
[    1.427179] pci 0000:00:17.0: BAR 0 [mem 0xa1418000-0xa1418fff 64bit]
[    1.427191] pci 0000:00:17.0: BAR 2 [mem 0xa1419000-0xa1419fff 64bit]
[    1.427481] pci 0000:00:17.3: [8086:31ba] type 00 class 0x118000 conventional PCI endpoint
[    1.427539] pci 0000:00:17.3: BAR 0 [mem 0xa141a000-0xa141afff 64bit]
[    1.427549] pci 0000:00:17.3: BAR 2 [mem 0xa141b000-0xa141bfff 64bit]
[    1.427859] pci 0000:00:1c.0: [8086:31cc] type 00 class 0x080501 conventional PCI endpoint
[    1.427961] pci 0000:00:1c.0: BAR 0 [mem 0xa141c000-0xa141cfff 64bit]
[    1.427973] pci 0000:00:1c.0: BAR 2 [mem 0xa141d000-0xa141dfff 64bit]
[    1.428462] pci 0000:00:1f.0: [8086:31e8] type 00 class 0x060100 conventional PCI endpoint
[    1.428825] pci 0000:00:1f.1: [8086:31d4] type 00 class 0x0c0500 conventional PCI endpoint
[    1.428982] pci 0000:00:1f.1: BAR 0 [mem 0xa141f000-0xa141f0ff 64bit]
[    1.429002] pci 0000:00:1f.1: BAR 4 [io  0x1040-0x105f]
[    1.429270] pci 0000:00:13.0: PCI bridge to [bus 01]
[    1.429468] pci 0000:02:00.0: [10ec:522a] type 00 class 0xff0000 PCIe Endpoint
[    1.429569] pci 0000:02:00.0: BAR 0 [mem 0xa1300000-0xa1300fff]
[    1.429603] pci 0000:02:00.0: Upstream bridge's Max Payload Size set to 128 (was 256, max 256)
[    1.429619] pci 0000:02:00.0: Max Payload Size set to 128 (was 128, max 128)
[    1.429782] pci 0000:02:00.0: supports D1 D2
[    1.429787] pci 0000:02:00.0: PME# supported from D1 D2 D3hot D3cold
[    1.430225] pci 0000:00:14.0: PCI bridge to [bus 02]
[    1.430402] pci 0000:03:00.0: [14c3:7961] type 00 class 0x028000 PCIe Endpoint
[    1.430579] pci 0000:03:00.0: BAR 0 [mem 0xa1000000-0xa10fffff 64bit pref]
[    1.430594] pci 0000:03:00.0: BAR 2 [mem 0xa1100000-0xa1103fff 64bit pref]
[    1.430609] pci 0000:03:00.0: BAR 4 [mem 0xa1104000-0xa1104fff 64bit pref]
[    1.430635] pci 0000:03:00.0: Upstream bridge's Max Payload Size set to 128 (was 256, max 256)
[    1.430650] pci 0000:03:00.0: Max Payload Size set to 128 (was 128, max 128)
[    1.430907] pci 0000:03:00.0: supports D1 D2
[    1.430912] pci 0000:03:00.0: PME# supported from D0 D1 D2 D3hot D3cold
[    1.431444] pci 0000:00:14.1: PCI bridge to [bus 03]
[    1.435358] ACPI: PCI: Interrupt link LNKA configured for IRQ 3
[    1.435518] ACPI: PCI: Interrupt link LNKB configured for IRQ 4
[    1.435658] ACPI: PCI: Interrupt link LNKC configured for IRQ 5
[    1.435795] ACPI: PCI: Interrupt link LNKD configured for IRQ 6
[    1.435932] ACPI: PCI: Interrupt link LNKE configured for IRQ 7
[    1.436070] ACPI: PCI: Interrupt link LNKF configured for IRQ 9
[    1.436208] ACPI: PCI: Interrupt link LNKG configured for IRQ 10
[    1.436348] ACPI: PCI: Interrupt link LNKH configured for IRQ 11
[    1.442541] ACPI: EC: interrupt unblocked
[    1.442546] ACPI: EC: event unblocked
[    1.442559] ACPI: EC: EC_CMD/EC_SC=0x66, EC_DATA=0x62
[    1.442563] ACPI: EC: GPE=0x25
[    1.442567] ACPI: \_SB_.PCI0.LPCB.EC0_: Boot DSDT EC initialization complete
[    1.442573] ACPI: \_SB_.PCI0.LPCB.EC0_: EC: Used to handle transactions and events
[    1.442769] iommu: Default domain type: Translated
[    1.442775] iommu: DMA domain TLB invalidation policy: lazy mode
[    1.443675] pps_core: LinuxPPS API ver. 1 registered
[    1.443680] pps_core: Software ver. 5.3.6 - Copyright 2005-2007 Rodolfo Giometti <giometti@linux.it>
[    1.443691] PTP clock support registered
[    1.443722] EDAC MC: Ver: 3.0.0
[    1.445346] efivars: Registered efivars operations
[    1.446441] NetLabel: Initializing
[    1.446447] NetLabel:  domain hash size = 128
[    1.446451] NetLabel:  protocols = UNLABELED CIPSOv4 CALIPSO
[    1.446502] NetLabel:  unlabeled traffic allowed by default
[    1.446506] mctp: management component transport protocol core
[    1.446510] NET: Registered PF_MCTP protocol family
[    1.446538] PCI: Using ACPI for IRQ routing
[    1.453570] PCI: pci_cache_line_size set to 64 bytes
[    1.453716] resource: Expanded resource Reserved due to conflict with PCI Bus 0000:00
[    1.453723] e820: reserve RAM buffer [mem 0x00058000-0x0005ffff]
[    1.453730] e820: reserve RAM buffer [mem 0x00086000-0x0008ffff]
[    1.453734] e820: reserve RAM buffer [mem 0x60c83000-0x63ffffff]
[    1.453738] e820: reserve RAM buffer [mem 0x62214000-0x63ffffff]
[    1.453742] e820: reserve RAM buffer [mem 0x6407f000-0x67ffffff]
[    1.453746] e820: reserve RAM buffer [mem 0x68c8e000-0x6bffffff]
[    1.453750] e820: reserve RAM buffer [mem 0x69c00000-0x6bffffff]
[    1.453912] pci 0000:00:02.0: vgaarb: setting as boot VGA device
[    1.453912] pci 0000:00:02.0: vgaarb: bridge control possible
[    1.453912] pci 0000:00:02.0: vgaarb: VGA device added: decodes=io+mem,owns=io+mem,locks=none
[    1.453912] vgaarb: loaded
[    1.454523] hpet0: at MMIO 0xfed00000, IRQs 2, 8, 0, 0, 0, 0, 0, 0
[    1.454523] hpet0: 8 comparators, 64-bit 19.200000 MHz counter
[    1.459372] clocksource: Switched to clocksource tsc-early
[    1.461345] VFS: Disk quotas dquot_6.6.0
[    1.461376] VFS: Dquot-cache hash table entries: 512 (order 0, 4096 bytes)
[    1.461762] pnp: PnP ACPI init
[    1.462287] system 00:00: [io  0x0680-0x069f] has been reserved
[    1.462301] system 00:00: [io  0x0400-0x047f] could not be reserved
[    1.462308] system 00:00: [io  0x0500-0x05fe] has been reserved
[    1.462315] system 00:00: [io  0x0600-0x061f] has been reserved
[    1.462320] system 00:00: [io  0x164e-0x164f] has been reserved
[    1.463167] system 00:02: [mem 0xe0000000-0xefffffff] has been reserved
[    1.463178] system 00:02: [mem 0xfea00000-0xfeafffff] has been reserved
[    1.463185] system 00:02: [mem 0xfed01000-0xfed01fff] has been reserved
[    1.463192] system 00:02: [mem 0xfed03000-0xfed03fff] has been reserved
[    1.463199] system 00:02: [mem 0xfed06000-0xfed06fff] has been reserved
[    1.463206] system 00:02: [mem 0xfed08000-0xfed09fff] has been reserved
[    1.463212] system 00:02: [mem 0xfed80000-0xfedbffff] has been reserved
[    1.463219] system 00:02: [mem 0xfed1c000-0xfed1cfff] has been reserved
[    1.463225] system 00:02: [mem 0xfee00000-0xfeefffff] has been reserved
[    1.463938] pnp: PnP ACPI: found 3 devices
[    1.473868] clocksource: acpi_pm: mask: 0xffffff max_cycles: 0xffffff, max_idle_ns: 2085701024 ns
[    1.474041] NET: Registered PF_INET protocol family
[    1.474233] IP idents hash table entries: 65536 (order: 7, 524288 bytes, linear)
[    1.513514] tcp_listen_portaddr_hash hash table entries: 2048 (order: 3, 32768 bytes, linear)
[    1.513605] Table-perturb hash table entries: 65536 (order: 6, 262144 bytes, linear)
[    1.513720] TCP established hash table entries: 32768 (order: 6, 262144 bytes, linear)
[    1.514085] TCP bind hash table entries: 32768 (order: 8, 1048576 bytes, linear)
[    1.514332] TCP: Hash tables configured (established 32768 bind 32768)
[    1.514498] MPTCP token hash table entries: 4096 (order: 5, 98304 bytes, linear)
[    1.514585] UDP hash table entries: 2048 (order: 5, 131072 bytes, linear)
[    1.514667] UDP-Lite hash table entries: 2048 (order: 5, 131072 bytes, linear)
[    1.514803] NET: Registered PF_UNIX/PF_LOCAL protocol family
[    1.514825] NET: Registered PF_XDP protocol family
[    1.514868] pci 0000:00:13.0: PCI bridge to [bus 01]
[    1.514897] pci 0000:00:14.0: PCI bridge to [bus 02]
[    1.514905] pci 0000:00:14.0:   bridge window [mem 0xa1300000-0xa13fffff]
[    1.514920] pci 0000:00:14.1: PCI bridge to [bus 03]
[    1.514930] pci 0000:00:14.1:   bridge window [mem 0xa1000000-0xa11fffff 64bit pref]
[    1.514943] pci_bus 0000:00: resource 4 [io  0x0070-0x0077]
[    1.514949] pci_bus 0000:00: resource 5 [io  0x0000-0x006f window]
[    1.514954] pci_bus 0000:00: resource 6 [io  0x0078-0x0cf7 window]
[    1.514960] pci_bus 0000:00: resource 7 [io  0x0d00-0xffff window]
[    1.514965] pci_bus 0000:00: resource 8 [mem 0x000a0000-0x000fffff window]
[    1.514970] pci_bus 0000:00: resource 9 [mem 0x7c000001-0xbfffffff window]
[    1.514975] pci_bus 0000:00: resource 10 [mem 0xe0000000-0xefffffff window]
[    1.514980] pci_bus 0000:00: resource 11 [mem 0xfea00000-0xfeafffff window]
[    1.514986] pci_bus 0000:00: resource 12 [mem 0xfed00000-0xfed003ff window]
[    1.514990] pci_bus 0000:00: resource 13 [mem 0xfed01000-0xfed01fff window]
[    1.514995] pci_bus 0000:00: resource 14 [mem 0xfed03000-0xfed03fff window]
[    1.515000] pci_bus 0000:00: resource 15 [mem 0xfed06000-0xfed06fff window]
[    1.515005] pci_bus 0000:00: resource 16 [mem 0xfed08000-0xfed09fff window]
[    1.515013] pci_bus 0000:00: resource 17 [mem 0xfed80000-0xfedbffff window]
[    1.515017] pci_bus 0000:00: resource 18 [mem 0xfed1c000-0xfed1cfff window]
[    1.515022] pci_bus 0000:00: resource 19 [mem 0xfee00000-0xfeefffff window]
[    1.515029] pci_bus 0000:02: resource 1 [mem 0xa1300000-0xa13fffff]
[    1.515034] pci_bus 0000:03: resource 2 [mem 0xa1000000-0xa11fffff 64bit pref]
[    1.517210] PCI: CLS 64 bytes, default 64
[    1.517310] pci 0000:00:0d.0: [8086:3192] type 00 class 0x058000 conventional PCI endpoint
[    1.517464] pci 0000:00:0d.0: BAR 0 [mem 0xd0000000-0xd0ffffff 64bit]
[    1.517814] pci 0000:00:0d.2: [8086:3196] type 00 class 0x0c8000 conventional PCI endpoint
[    1.517897] pci 0000:00:0d.2: BAR 0 [mem 0xfed01000-0xfed01fff]
[    1.518162] DMAR: No ATSR found
[    1.518166] DMAR: No SATC found
[    1.518170] DMAR: dmar0: Using Queued invalidation
[    1.518177] DMAR: dmar1: Using Queued invalidation
[    1.518312] Trying to unpack rootfs image as initramfs...
[    1.518814] pci 0000:00:02.0: Adding to iommu group 0
[    1.519863] pci 0000:00:00.0: Adding to iommu group 1
[    1.519894] pci 0000:00:00.1: Adding to iommu group 1
[    1.519930] pci 0000:00:00.3: Adding to iommu group 1
[    1.519977] pci 0000:00:0e.0: Adding to iommu group 2
[    1.520023] pci 0000:00:0f.0: Adding to iommu group 3
[    1.520062] pci 0000:00:12.0: Adding to iommu group 4
[    1.520116] pci 0000:00:13.0: Adding to iommu group 5
[    1.520157] pci 0000:00:14.0: Adding to iommu group 6
[    1.520202] pci 0000:00:14.1: Adding to iommu group 7
[    1.520245] pci 0000:00:15.0: Adding to iommu group 8
[    1.520341] pci 0000:00:17.0: Adding to iommu group 9
[    1.520374] pci 0000:00:17.3: Adding to iommu group 9
[    1.520409] pci 0000:00:1c.0: Adding to iommu group 10
[    1.520459] pci 0000:00:1f.0: Adding to iommu group 11
[    1.520497] pci 0000:00:1f.1: Adding to iommu group 11
[    1.520536] pci 0000:02:00.0: Adding to iommu group 12
[    1.520573] pci 0000:03:00.0: Adding to iommu group 13
[    1.522478] DMAR: Intel(R) Virtualization Technology for Directed I/O
[    1.522487] PCI-DMA: Using software bounce buffering for IO (SWIOTLB)
[    1.522490] software IO TLB: mapped [mem 0x000000005cb62000-0x0000000060b62000] (64MB)
[    1.522629] clocksource: tsc: mask: 0xffffffffffffffff max_cycles: 0xfc66f4fc7c, max_idle_ns: 440795224246 ns
[    1.522664] clocksource: Switched to clocksource tsc
[    1.524200] Initialise system trusted keyrings
[    1.524390] workingset: timestamp_bits=40 max_order=20 bucket_order=0
[    1.565751] Key type asymmetric registered
[    1.565764] Asymmetric key parser 'x509' registered
[    1.565849] Block layer SCSI generic (bsg) driver version 0.4 loaded (major 245)
[    1.566023] io scheduler mq-deadline registered
[    1.566029] io scheduler kyber registered
[    1.566070] io scheduler bfq registered
[    1.567505] ledtrig-cpu: registered to indicate activity on CPUs
[    1.568113] pcieport 0000:00:13.0: PME: Signaling with IRQ 123
[    1.568743] pcieport 0000:00:14.0: PME: Signaling with IRQ 124
[    1.569243] pcieport 0000:00:14.1: PME: Signaling with IRQ 125
[    1.571921] Serial: 8250/16550 driver, 4 ports, IRQ sharing enabled
[    1.575743] e1000e: Intel(R) PRO/1000 Network Driver
[    1.575750] e1000e: Copyright(c) 1999 - 2015 Intel Corporation.
[    1.575923] i8042: PNP: PS/2 Controller [PNP0303:PS2K] at 0x60,0x64 irq 1
[    1.575932] i8042: PNP: PS/2 appears to have AUX port disabled, if this is incorrect please boot with i8042.nopnp
[    1.577301] serio: i8042 KBD port at 0x60,0x64 irq 1
[    1.577570] mousedev: PS/2 mouse device common for all mice
[    1.577896] rtc_cmos PNP0B00:00: RTC can wake from S4
[    1.579033] rtc_cmos PNP0B00:00: registered as rtc0
[    1.579205] rtc_cmos PNP0B00:00: setting system clock to 2026-10-04T18:54:33 UTC (1791140073)
[    1.579316] rtc_cmos PNP0B00:00: alarms up to one month, y3k, 242 bytes nvram
[    1.579502] intel_pstate: Intel P-state driver initializing
[    1.579919] efifb: probing for efifb
[    1.580075] input: AT Translated Set 2 keyboard as /devices/platform/i8042/serio0/input/input0
[    1.580143] efifb: showing boot graphics
[    1.582379] efifb: framebuffer at 0x90000000, using 4128k, total 4128k
[    1.582388] efifb: mode is 1366x768x32, linelength=5504, pages=1
[    1.582390] efifb: scrolling: redraw
[    1.582392] efifb: Truecolor: size=8:8:8:8, shift=24:16:8:0
[    1.582516] fbcon: Deferring console take-over
[    1.582521] fb0: EFI VGA frame buffer device
[    1.582921] NET: Registered PF_INET6 protocol family
[    1.583518] Segment Routing with IPv6
[    1.583522] RPL Segment Routing with IPv6
[    1.583539] In-situ OAM (IOAM) with IPv6
[    1.583572] NET: Registered PF_PACKET protocol family
[    1.585504] microcode: Current revision: 0x00000026
[    1.585512] microcode: Updated early from: 0x0000001a
[    1.585691] resctrl: L2 allocation detected
[    1.585716] IPI shorthand broadcast: enabled
[    1.590554] sched_clock: Marking stable (1585002617, 5263630)->(1600714450, -10448203)
[    1.590766] registered taskstats version 1
[    1.592148] Loading compiled-in X.509 certificates
[    1.746742] Freeing initrd memory: 66124K
[    1.751044] Loaded X.509 cert 'Build time autogenerated kernel key: 65a8af96acb09b7ad050fe5b281c6ab657ec35cb'
[    1.754574] Demotion targets for Node 0: null
[    1.754884] Key type .fscrypt registered
[    1.754887] Key type fscrypt-provisioning registered
[    1.755274] PM:   Magic number: 14:126:948
[    1.755308] tty tty5: hash matches
[    1.755370] memory memory1: hash matches
[    1.762623] clk: Disabling unused clocks
[    1.762630] PM: genpd: Disabling unused power domains
[    1.764147] Freeing unused decrypted memory: 2028K
[    1.765212] Freeing unused kernel image (initmem) memory: 3520K
[    1.765254] Write protecting the kernel read-only data: 30720k
[    1.765778] Freeing unused kernel image (text/rodata gap) memory: 272K
[    1.766364] Freeing unused kernel image (rodata/data gap) memory: 1776K
[    1.786988] x86/mm: Checked W+X mappings: passed, no W+X pages found.
[    1.786997] Run /init as init process
[    1.786999]   with arguments:
[    1.787002]     /init
[    1.787003]   with environment:
[    1.787004]     HOME=/
[    1.787005]     TERM=linux
[    1.835306] dracut: dracut-112
[    1.890513] udevd[235]: starting eudev-3.2.14
[    2.009622] ACPI: battery: Slot [BAT0] (battery present)
[    2.039497] ACPI: bus type drm_connector registered
[    2.043038] SCSI subsystem initialized
[    2.065935] idma64 idma64.0: Found Intel integrated DMA 64-bit
[    2.080667] idma64 idma64.1: Found Intel integrated DMA 64-bit
[    2.092525] ACPI: bus type USB registered
[    2.092580] usbcore: registered new interface driver usbfs
[    2.092595] usbcore: registered new interface driver hub
[    2.092614] usbcore: registered new device driver usb
[    2.107440] libata version 3.00 loaded.
[    2.107747] sdhci: Secure Digital Host Controller Interface driver
[    2.107750] sdhci: Copyright(c) Pierre Ossman
[    2.110356] hid: raw HID events driver (C) Jiri Kosina
[    2.121594] ahci 0000:00:12.0: AHCI vers 0001.0301, 32 command slots, 6 Gbps, SATA mode
[    2.121603] ahci 0000:00:12.0: 1/1 ports implemented (port mask 0x1)
[    2.121606] ahci 0000:00:12.0: flags: 64bit ncq sntf pm clo only pmp pio slum part deso sadm sds apst 
[    2.122545] scsi host0: ahci
[    2.122668] ata1: SATA max UDMA/133 abar m2048@0xa141e000 port 0xa141e100 irq 127 lpm-pol 3
[    2.435253] ata1: SATA link down (SStatus 4 SControl 300)
[    2.441603] xhci_hcd 0000:00:15.0: xHCI Host Controller
[    2.441628] xhci_hcd 0000:00:15.0: new USB bus registered, assigned bus number 1
[    2.442762] xhci_hcd 0000:00:15.0: hcc params 0x200077c1 hci version 0x100 quirks 0x0000000000009810
[    2.443076] xhci_hcd 0000:00:15.0: xHCI Host Controller
[    2.443084] xhci_hcd 0000:00:15.0: new USB bus registered, assigned bus number 2
[    2.443088] xhci_hcd 0000:00:15.0: Host supports USB 3.0 SuperSpeed
[    2.443158] usb usb1: New USB device found, idVendor=1d6b, idProduct=0002, bcdDevice= 6.18
[    2.443161] usb usb1: New USB device strings: Mfr=3, Product=2, SerialNumber=1
[    2.443164] usb usb1: Product: xHCI Host Controller
[    2.443166] usb usb1: Manufacturer: Linux 6.18.55_1 xhci-hcd
[    2.443168] usb usb1: SerialNumber: 0000:00:15.0
[    2.443390] hub 1-0:1.0: USB hub found
[    2.443409] hub 1-0:1.0: 9 ports detected
[    2.443637] ACPI Warning: \_SB.PCI0.XHC.RHUB.HS05._UPC: Return Package is too small - found 1 elements, expected 4 (20250807/nsprepkg-362)
[    2.443874] sdhci-pci 0000:00:1c.0: SDHCI controller found [8086:31cc] (rev 6)
[    2.444181] usb usb2: New USB device found, idVendor=1d6b, idProduct=0003, bcdDevice= 6.18
[    2.444186] usb usb2: New USB device strings: Mfr=3, Product=2, SerialNumber=1
[    2.444188] usb usb2: Product: xHCI Host Controller
[    2.444190] usb usb2: Manufacturer: Linux 6.18.55_1 xhci-hcd
[    2.444192] usb usb2: SerialNumber: 0000:00:15.0
[    2.444294] mmc1: CQHCI version 5.10
[    2.444357] hub 2-0:1.0: USB hub found
[    2.444382] hub 2-0:1.0: 7 ports detected
[    2.444650] mmc1: SDHCI controller on PCI [0000:00:1c.0] using ADMA 64-bit
[    2.444821] usb: port power management may be unreliable
[    2.537779] mmc1: new HS400 MMC card at address 0001
[    2.544772] mmcblk1: mmc1:0001 064G02 58.2 GiB
[    2.546790]  mmcblk1: p1 p2 p3
[    2.547155] mmcblk1boot0: mmc1:0001 064G02 8.00 MiB
[    2.548291] mmcblk1boot1: mmc1:0001 064G02 8.00 MiB
[    2.549127] mmcblk1rpmb: mmc1:0001 064G02 4.00 MiB, chardev (239:0)
[    2.682581] usb 1-3: new high-speed USB device number 2 using xhci_hcd
[    2.808308] usb 1-3: New USB device found, idVendor=0489, idProduct=e0cd, bcdDevice= 1.00
[    2.808332] usb 1-3: New USB device strings: Mfr=5, Product=6, SerialNumber=7
[    2.808339] usb 1-3: Product: Wireless_Device
[    2.808346] usb 1-3: Manufacturer: MediaTek Inc.
[    2.808352] usb 1-3: SerialNumber: 000000000
[    2.918978] usb 2-1: new SuperSpeed USB device number 2 using xhci_hcd
[    2.945332] usb 2-1: New USB device found, idVendor=30de, idProduct=6544, bcdDevice= 0.01
[    2.945357] usb 2-1: New USB device strings: Mfr=1, Product=2, SerialNumber=3
[    2.945365] usb 2-1: Product: TransMemory
[    2.945372] usb 2-1: Manufacturer: KIOXIA
[    2.945378] usb 2-1: SerialNumber: 000000000000000000000000
[    2.966613] usb-storage 2-1:1.0: USB Mass Storage device detected
[    2.967334] scsi host1: usb-storage 2-1:1.0
[    2.967514] usbcore: registered new interface driver usb-storage
[    2.970231] usbcore: registered new interface driver uas
[    3.043656] usb 1-5: new full-speed USB device number 3 using xhci_hcd
[    3.169725] usb 1-5: New USB device found, idVendor=046d, idProduct=c534, bcdDevice=29.01
[    3.169750] usb 1-5: New USB device strings: Mfr=1, Product=2, SerialNumber=0
[    3.169758] usb 1-5: Product: USB Receiver
[    3.169765] usb 1-5: Manufacturer: Logitech
[    3.191649] usbcore: registered new interface driver usbhid
[    3.191665] usbhid: USB HID core driver
[    3.201359] input: Logitech USB Receiver as /devices/pci0000:00/0000:00:15.0/usb1/1-5/1-5:1.0/0003:046D:C534.0001/input/input1
[    3.252911] hid-generic 0003:046D:C534.0001: input,hidraw0: USB HID v1.11 Keyboard [Logitech USB Receiver] on usb-0000:00:15.0-5/input0
[    3.254221] input: Logitech USB Receiver Mouse as /devices/pci0000:00/0000:00:15.0/usb1/1-5/1-5:1.1/0003:046D:C534.0002/input/input2
[    3.254571] input: Logitech USB Receiver Consumer Control as /devices/pci0000:00/0000:00:15.0/usb1/1-5/1-5:1.1/0003:046D:C534.0002/input/input3
[    3.286599] usb 1-7: new high-speed USB device number 4 using xhci_hcd
[    3.305789] input: Logitech USB Receiver System Control as /devices/pci0000:00/0000:00:15.0/usb1/1-5/1-5:1.1/0003:046D:C534.0002/input/input4
[    3.306173] hid-generic 0003:046D:C534.0002: input,hiddev0,hidraw1: USB HID v1.11 Mouse [Logitech USB Receiver] on usb-0000:00:15.0-5/input1
[    3.339998] logitech-djreceiver 0003:046D:C534.0001: hidraw0: USB HID v1.11 Keyboard [Logitech USB Receiver] on usb-0000:00:15.0-5/input0
[    3.411864] usb 1-7: New USB device found, idVendor=04f2, idProduct=b78e, bcdDevice= 0.02
[    3.411886] usb 1-7: New USB device strings: Mfr=3, Product=1, SerialNumber=2
[    3.411894] usb 1-7: Product: Integrated Camera
[    3.411901] usb 1-7: Manufacturer: Chicony Electronics Co.,Ltd.
[    3.411907] usb 1-7: SerialNumber: 0001
[    3.412185] logitech-djreceiver 0003:046D:C534.0002: hiddev0,hidraw1: USB HID v1.11 Mouse [Logitech USB Receiver] on usb-0000:00:15.0-5/input1
[    3.465066] logitech-djreceiver 0003:046D:C534.0002: device of type eQUAD nano Lite (0x0a) connected on slot 1
[    3.467049] logitech-djreceiver 0003:046D:C534.0002: device of type eQUAD nano Lite (0x0a) connected on slot 2
[    3.469641] input: Logitech Wireless Keyboard PID:4023 Keyboard as /devices/pci0000:00/0000:00:15.0/usb1/1-5/1-5:1.1/0003:046D:C534.0002/0003:046D:4023.0003/input/input7
[    3.471948] hid-generic 0003:046D:4023.0003: input,hidraw2: USB HID v1.11 Keyboard [Logitech Wireless Keyboard PID:4023] on usb-0000:00:15.0-5/input1:1
[    3.472611] input: Logitech Wireless Mouse PID:4054 Mouse as /devices/pci0000:00/0000:00:15.0/usb1/1-5/1-5:1.1/0003:046D:C534.0002/0003:046D:4054.0004/input/input12
[    3.473527] input: Logitech Wireless Mouse PID:4054 Consumer Control as /devices/pci0000:00/0000:00:15.0/usb1/1-5/1-5:1.1/0003:046D:C534.0002/0003:046D:4054.0004/input/input13
[    3.473597] hid-generic 0003:046D:4054.0004: input,hidraw3: USB HID v1.11 Mouse [Logitech Wireless Mouse PID:4054] on usb-0000:00:15.0-5/input1:2
[    3.499586] input: Logitech Wireless Keyboard PID:4023 as /devices/pci0000:00/0000:00:15.0/usb1/1-5/1-5:1.1/0003:046D:C534.0002/0003:046D:4023.0003/input/input17
[    3.499697] logitech-hidpp-device 0003:046D:4023.0003: input,hidraw2: USB HID v1.11 Keyboard [Logitech Wireless Keyboard PID:4023] on usb-0000:00:15.0-5/input1:1
[    3.517645] input: Logitech Wireless Mouse as /devices/pci0000:00/0000:00:15.0/usb1/1-5/1-5:1.1/0003:046D:C534.0002/0003:046D:4054.0004/input/input18
[    3.517850] logitech-hidpp-device 0003:046D:4054.0004: input,hidraw3: USB HID v1.11 Mouse [Logitech Wireless Mouse] on usb-0000:00:15.0-5/input1:2
[    3.980393] scsi 1:0:0:0: Direct-Access     KIOXIA   TransMemory           PQ: 0 ANSI: 6
[    3.993230] sd 1:0:0:0: [sda] 120994560 512-byte logical blocks: (61.9 GB/57.7 GiB)
[    3.993554] sd 1:0:0:0: [sda] Write Protect is off
[    3.993566] sd 1:0:0:0: [sda] Mode Sense: 4f 00 00 00
[    3.993767] sd 1:0:0:0: [sda] Write cache: disabled, read cache: enabled, doesn't support DPO or FUA
[    4.010234]  sda: sda1 sda2 sda3
[    4.010734] sd 1:0:0:0: [sda] Attached SCSI removable disk
[    4.261664] EXT4-fs (sda3): mounted filesystem 3807e9fe-d8d5-44e3-a93a-36b4dec50eeb ro with ordered data mode. Quota mode: none.
[    4.276216] EXT4-fs (sda3): unmounting filesystem 3807e9fe-d8d5-44e3-a93a-36b4dec50eeb.
[    4.280657] dracut: Checking ext4: /dev/sda3
[    4.280707] dracut: issuing e2fsck -a /dev/sda3
[    4.308989] dracut: torOS: clean, 30650/194688 files, 477441/778496 blocks
[    4.310984] dracut: Mounting /dev/disk/by-label/torOS with -o rw,noatime,commit=60,rw
[    4.418975] EXT4-fs (sda3): mounted filesystem 3807e9fe-d8d5-44e3-a93a-36b4dec50eeb r/w with ordered data mode. Quota mode: none.
[    4.448754] dracut: Mounted root filesystem /dev/sda3
[    4.496550] dracut: Switching root
[    4.507223] fbcon: Taking over console
[    4.507398] Console: switching to colour frame buffer device 170x48
[    4.895756] fuse: init (API version 7.45)
[    4.925268] raid6: sse2x4   gen()  9738 MB/s
[    4.942266] raid6: sse2x2   gen()  9936 MB/s
[    4.959268] raid6: sse2x1   gen()  7791 MB/s
[    4.959270] raid6: using algorithm sse2x2 gen() 9936 MB/s
[    4.976267] raid6: .... xor() 6544 MB/s, rmw enabled
[    4.976269] raid6: using ssse3x2 recovery algorithm
[    4.979503] xor: measuring software checksum speed
[    4.979748]    prefetch64-sse  : 13818 MB/sec
[    4.980029]    generic_sse     : 11903 MB/sec
[    4.980030] xor: using function: prefetch64-sse (13818 MB/sec)
[    5.167876] Btrfs loaded, zoned=yes, fsverity=no
[    5.173930] Non-volatile memory driver v1.3
[    5.181106] loop: module loaded
[    5.192434] tun: Universal TUN/TAP device driver, 1.6
[    5.203032] PPP generic driver version 2.4.2
[    5.239416] device-mapper: uevent: version 1.0.3
[    5.239564] device-mapper: ioctl: 4.50.0-ioctl (2025-04-28) initialised: dm-devel@lists.linux.dev
[    5.271366] VFIO - User Level meta-driver version: 0.3
[    5.373114] Bluetooth: Core ver 2.22
[    5.373137] NET: Registered PF_BLUETOOTH protocol family
[    5.373140] Bluetooth: HCI device and connection manager initialized
[    5.373147] Bluetooth: HCI socket layer initialized
[    5.373150] Bluetooth: L2CAP socket layer initialized
[    5.373155] Bluetooth: SCO socket layer initialized
[    5.406093] NET: Registered PF_VSOCK protocol family
[    5.506621] udevd[486]: starting version 3.2.14
[    5.542075] udevd[487]: starting eudev-3.2.14
[    5.604783] input: Lid Switch as /devices/LNXSYSTM:00/LNXSYBUS:00/PNP0C0D:00/input/input19
[    5.604831] ACPI: button: Lid Switch [LID0]
[    5.604902] input: Power Button as /devices/LNXSYSTM:00/LNXSYBUS:00/PNP0C0C:00/input/input20
[    5.604936] ACPI: button: Power Button [PWRB]
[    5.605001] input: Power Button as /devices/LNXSYSTM:00/LNXPWRBN:00/input/input21
[    5.605390] ACPI: button: Power Button [PWRF]
[    5.636115] ACPI: AC: AC Adapter [ADP0] (off-line)
[    5.689301] ACPI: \_TZ_.TZ01: _AL0 evaluation failure
[    5.689465] thermal LNXTHERM:00: registered as thermal_zone5
[    5.689469] ACPI: thermal: Thermal Zone [TZ01] (30 C)
[    5.690937] ACPI: battery: new hook: Ideapad Battery Extension
[    5.691158] input: Ideapad extra buttons as /devices/pci0000:00/0000:00:1f.0/PNP0C09:00/VPC2004:00/input/input22
[    5.691393] ideapad_acpi VPC2004:00: Keyboard backlight control not available
[    5.714734] ideapad_acpi VPC2004:00: DYTC interface is not available
[    5.753421] Linux agpgart interface v0.103
[    5.774549] mc: Linux media interface: v0.10
[    5.863627] usbcore: registered new interface driver btusb
[    5.875937] Bluetooth: hci0: HW/SW Version: 0x008a008a, Build Time: 20260224111243
[    5.894320] mmc1: Requiring re-tune after rpm resume
[    5.932888] videodev: Linux video capture interface: v2.00
[    6.022191] Bluetooth: hci0: Device setup in 154751 usecs
[    6.022200] Bluetooth: hci0: HCI Enhanced Setup Synchronous Connection command is advertised, but not supported.
[    6.056258] input: PC Speaker as /devices/platform/pcspkr/input/input23
[    6.058772] i801_smbus 0000:00:1f.1: SPD Write Disable is set
[    6.058815] i801_smbus 0000:00:1f.1: SMBus using PCI interrupt
[    6.059628] cfg80211: Loading compiled-in X.509 certificates for regulatory database
[    6.065705] Loaded X.509 cert 'sforshee: 00b28ddf47aef9cea7'
[    6.065999] Loaded X.509 cert 'wens: 61c038651aabdcf94bd0ac7ff06c7248db18c600'
[    6.079187] input: ELAN0646:00 04F3:31B8 Mouse as /devices/pci0000:00/0000:00:17.3/i2c_designware.1/i2c-1/i2c-ELAN0646:00/0018:04F3:31B8.0005/input/input24
[    6.079492] input: ELAN0646:00 04F3:31B8 Touchpad as /devices/pci0000:00/0000:00:17.3/i2c_designware.1/i2c-1/i2c-ELAN0646:00/0018:04F3:31B8.0005/input/input26
[    6.079752] hid-generic 0018:04F3:31B8.0005: input,hidraw4: I2C HID v1.00 Mouse [ELAN0646:00 04F3:31B8] on i2c-ELAN0646:00
[    6.091525] RAPL PMU: API unit is 2^-32 Joules, 4 fixed counters, 655360 ms ovfl timer
[    6.091532] RAPL PMU: hw unit of domain pp0-core 2^-14 Joules
[    6.091534] RAPL PMU: hw unit of domain package 2^-14 Joules
[    6.091535] RAPL PMU: hw unit of domain dram 2^-14 Joules
[    6.091537] RAPL PMU: hw unit of domain pp1-gpu 2^-14 Joules
[    6.096553] Bluetooth: hci0: AOSP extensions version v1.00
[    6.096563] Bluetooth: hci0: AOSP quality report is supported
[    6.135565] uvcvideo 1-7:1.0: Found UVC 1.10 device Integrated Camera (04f2:b78e)
[    6.137608] usbcore: registered new interface driver uvcvideo
[    6.290964] intel_rapl_common: Found RAPL domain package
[    6.290973] intel_rapl_common: Found RAPL domain core
[    6.290976] intel_rapl_common: Found RAPL domain uncore
[    6.290979] intel_rapl_common: Found RAPL domain dram
[    6.412417] input: ELAN0646:00 04F3:31B8 Mouse as /devices/pci0000:00/0000:00:17.3/i2c_designware.1/i2c-1/i2c-ELAN0646:00/0018:04F3:31B8.0005/input/input27
[    6.413455] input: ELAN0646:00 04F3:31B8 Touchpad as /devices/pci0000:00/0000:00:17.3/i2c_designware.1/i2c-1/i2c-ELAN0646:00/0018:04F3:31B8.0005/input/input29
[    6.413654] hid-multitouch 0018:04F3:31B8.0005: input,hidraw4: I2C HID v1.00 Mouse [ELAN0646:00 04F3:31B8] on i2c-ELAN0646:00
[    6.436471] intel_telemetry_core Init
[    6.474531] Invalid pltconfig, ensure IPC1 device is enabled in BIOS
[    6.540322] mt7921e 0000:03:00.0: ASIC revision: 79610010
[    6.616333] mt7921e 0000:03:00.0: HW/SW Version: 0x8a108a10, Build Time: 20260224110909a

[    6.629562] mt7921e 0000:03:00.0: WM Firmware Version: ____010000, Build Time: 20260224110949
[    7.325350] i915 0000:00:02.0: [drm] Unknown revision 0x06
[    7.325359] i915 0000:00:02.0: [drm] Found geminilake (device ID 3185) integrated display version 10.00 stepping **
[    7.325364] i915 0000:00:02.0: [drm] Unknown revid 0x06
[    7.326045] i915 0000:00:02.0: [drm] VT-d active for gfx access
[    7.326231] Console: switching to colour dummy device 80x25
[    7.326298] i915 0000:00:02.0: vgaarb: deactivate vga console
[    7.326363] i915 0000:00:02.0: [drm] Using Transparent Hugepages
[    7.326454] i915 0000:00:02.0: [drm] couldn't get memory information
[    7.327739] i915 0000:00:02.0: vgaarb: VGA decodes changed: olddecodes=io+mem,decodes=io+mem:owns=io+mem
[    7.333486] i915 0000:00:02.0: [drm] Finished loading DMC firmware i915/glk_dmc_ver1_04.bin (v1.4)
[    7.365634] mei_hdcp 0000:00:0f.0-b638ab7e-94e2-4ea2-a552-d1c54b627f04: bound 0000:00:02.0 (ops i915_hdcp_ops [i915])
[    7.375966] [drm] Initialized i915 1.6.0 for 0000:00:02.0 on minor 0
[    7.377020] ACPI: video: Video Device [GFX0] (multi-head: yes  rom: no  post: no)
[    7.377038] ACPI: [Firmware Bug]: BIOS _OSI(Linux) query ignored
[    7.377298] input: Video Bus as /devices/LNXSYSTM:00/LNXSYBUS:00/PNP0A08:00/LNXVIDEO:00/input/input30
[    7.408813] fbcon: i915drmfb (fb0) is primary device
[    7.408723] snd_hda_intel 0000:00:0e.0: bound 0000:00:02.0 (ops intel_audio_component_bind_ops [i915])
[    7.425297] Console: switching to colour frame buffer device 170x48
[    7.452131] mt7921e 0000:03:00.0 wlp3s0: renamed from wlan0
[    7.476356] i915 0000:00:02.0: [drm] fb0: i915drmfb frame buffer device
[    7.511473] snd_hda_codec_alc269 hdaudioC0D0: ALC257: picked fixup  for PCI SSID 17aa:0000
[    7.512183] snd_hda_codec_alc269 hdaudioC0D0: autoconfig for ALC257: line_outs=1 (0x14/0x0/0x0/0x0/0x0) type:speaker
[    7.512189] snd_hda_codec_alc269 hdaudioC0D0:    speaker_outs=0 (0x0/0x0/0x0/0x0/0x0)
[    7.512192] snd_hda_codec_alc269 hdaudioC0D0:    hp_outs=1 (0x21/0x0/0x0/0x0/0x0)
[    7.512195] snd_hda_codec_alc269 hdaudioC0D0:    mono: mono_out=0x0
[    7.512196] snd_hda_codec_alc269 hdaudioC0D0:    inputs:
[    7.512219] snd_hda_codec_alc269 hdaudioC0D0:      Internal Mic=0x12
[    7.512221] snd_hda_codec_alc269 hdaudioC0D0:      Mic=0x19
[    7.578833] input: HDA Digital PCBeep as /devices/pci0000:00/0000:00:0e.0/sound/card0/input31
[    7.578953] input: HDA Intel PCH Mic as /devices/pci0000:00/0000:00:0e.0/sound/card0/input32
[    7.579170] input: HDA Intel PCH Headphone as /devices/pci0000:00/0000:00:0e.0/sound/card0/input33
[    7.579244] input: HDA Intel PCH HDMI/DP,pcm=3 as /devices/pci0000:00/0000:00:0e.0/sound/card0/input34
[    7.579333] input: HDA Intel PCH HDMI/DP,pcm=7 as /devices/pci0000:00/0000:00:0e.0/sound/card0/input35
[    7.580087] input: HDA Intel PCH HDMI/DP,pcm=8 as /devices/pci0000:00/0000:00:0e.0/sound/card0/input36
[    7.679744] EXT4-fs (sda3): re-mounted 3807e9fe-d8d5-44e3-a93a-36b4dec50eeb ro.
[    7.851758] EXT4-fs (sda3): re-mounted 3807e9fe-d8d5-44e3-a93a-36b4dec50eeb r/w.
[    8.081076] udevd[641]: starting version 3.2.14
[    8.100289] udevd[641]: starting eudev-3.2.14
[    8.141135] NET: Registered PF_ALG protocol family
[    8.599818] Bluetooth: BNEP (Ethernet Emulation) ver 1.3
[    8.599829] Bluetooth: BNEP filters: protocol multicast
[    8.599839] Bluetooth: BNEP socket layer initialized
[    8.603085] Bluetooth: MGMT ver 1.23
[    8.705421] Bluetooth: hci0: HW/SW Version: 0x008a008a, Build Time: 20260224111243
[    8.854995] Bluetooth: hci0: Device setup in 153244 usecs
[    8.855016] Bluetooth: hci0: HCI Enhanced Setup Synchronous Connection command is advertised, but not supported.
[    8.855227] mt7921e 0000:03:00.0 wlp3s0: renamed from wlan0 (while UP)
[    8.924185] Bluetooth: hci0: AOSP extensions version v1.00
[    8.924205] Bluetooth: hci0: AOSP quality report is supported
[   12.262424] Bluetooth: RFCOMM TTY layer initialized
[   12.262437] Bluetooth: RFCOMM socket layer initialized
[   12.262446] Bluetooth: RFCOMM ver 1.11
[   13.067634] iwd[644]: segfault at c ip 00007f4a45c76c00 sp 00007ffd83604648 error 4 in libc.so.6[a7c00,7f4a45bf7000+159000] likely on CPU 0 (core 0, socket 0)
[   13.067674] Code: f0 0f 11 07 0f 11 4c 17 f0 c3 83 fa 08 73 2b 83 fa 04 73 16 83 fa 01 7c 10 8a 0e 74 0a 0f b7 74 16 fe 66 89 74 17 fe 88 0f c3 <8b> 4c 16 fc 8b 36 89 4c 17 fc 89 37 c3 0f 1f 00 48 8b 4c 16 f8 48
[   13.141614] mt7921e 0000:03:00.0 wlp3s0: renamed from wlan0 (while UP)
[   14.146252] iwd[1008]: segfault at c ip 00007fe3fd6e6c00 sp 00007fff3d85e208 error 4 in libc.so.6[a7c00,7fe3fd667000+159000] likely on CPU 1 (core 1, socket 0)
[   14.146342] Code: f0 0f 11 07 0f 11 4c 17 f0 c3 83 fa 08 73 2b 83 fa 04 73 16 83 fa 01 7c 10 8a 0e 74 0a 0f b7 74 16 fe 66 89 74 17 fe 88 0f c3 <8b> 4c 16 fc 8b 36 89 4c 17 fc 89 37 c3 0f 1f 00 48 8b 4c 16 f8 48
[   14.221583] mt7921e 0000:03:00.0 wlp3s0: renamed from wlan0 (while UP)
[   15.227248] iwd[1014]: segfault at c ip 00007fa0d209ec00 sp 00007ffdbae6a368 error 4 in libc.so.6[a7c00,7fa0d201f000+159000] likely on CPU 1 (core 1, socket 0)
[   15.227323] Code: f0 0f 11 07 0f 11 4c 17 f0 c3 83 fa 08 73 2b 83 fa 04 73 16 83 fa 01 7c 10 8a 0e 74 0a 0f b7 74 16 fe 66 89 74 17 fe 88 0f c3 <8b> 4c 16 fc 8b 36 89 4c 17 fc 89 37 c3 0f 1f 00 48 8b 4c 16 f8 48
[   15.263003] mt7921e 0000:03:00.0 wlp3s0: renamed from wlan0
[   16.297544] iwd[1020]: segfault at c ip 00007f345d4dac00 sp 00007ffddbb08998 error 4 in libc.so.6[a7c00,7f345d45b000+159000] likely on CPU 1 (core 1, socket 0)
[   16.297572] Code: f0 0f 11 07 0f 11 4c 17 f0 c3 83 fa 08 73 2b 83 fa 04 73 16 83 fa 01 7c 10 8a 0e 74 0a 0f b7 74 16 fe 66 89 74 17 fe 88 0f c3 <8b> 4c 16 fc 8b 36 89 4c 17 fc 89 37 c3 0f 1f 00 48 8b 4c 16 f8 48
[   16.358806] mt7921e 0000:03:00.0 wlp3s0: renamed from wlan0 (while UP)
[   17.367370] iwd[1026]: segfault at c ip 00007f2f440f5c00 sp 00007ffc43103218 error 4 in libc.so.6[a7c00,7f2f44076000+159000] likely on CPU 1 (core 1, socket 0)
[   17.367425] Code: f0 0f 11 07 0f 11 4c 17 f0 c3 83 fa 08 73 2b 83 fa 04 73 16 83 fa 01 7c 10 8a 0e 74 0a 0f b7 74 16 fe 66 89 74 17 fe 88 0f c3 <8b> 4c 16 fc 8b 36 89 4c 17 fc 89 37 c3 0f 1f 00 48 8b 4c 16 f8 48
[   17.429770] mt7921e 0000:03:00.0 wlp3s0: renamed from wlan0 (while UP)
[   18.436612] iwd[1032]: segfault at c ip 00007fd4b740cc00 sp 00007ffcedf0c7d8 error 4 in libc.so.6[a7c00,7fd4b738d000+159000] likely on CPU 1 (core 1, socket 0)
[   18.436665] Code: f0 0f 11 07 0f 11 4c 17 f0 c3 83 fa 08 73 2b 83 fa 04 73 16 83 fa 01 7c 10 8a 0e 74 0a 0f b7 74 16 fe 66 89 74 17 fe 88 0f c3 <8b> 4c 16 fc 8b 36 89 4c 17 fc 89 37 c3 0f 1f 00 48 8b 4c 16 f8 48
[   18.501317] mt7921e 0000:03:00.0 wlp3s0: renamed from wlan0 (while UP)
[   19.516551] iwd[1038]: segfault at c ip 00007fe322f91c00 sp 00007fff4b420158 error 4 in libc.so.6[a7c00,7fe322f12000+159000] likely on CPU 0 (core 0, socket 0)
[   19.516593] Code: f0 0f 11 07 0f 11 4c 17 f0 c3 83 fa 08 73 2b 83 fa 04 73 16 83 fa 01 7c 10 8a 0e 74 0a 0f b7 74 16 fe 66 89 74 17 fe 88 0f c3 <8b> 4c 16 fc 8b 36 89 4c 17 fc 89 37 c3 0f 1f 00 48 8b 4c 16 f8 48
[   19.578881] mt7921e 0000:03:00.0 wlp3s0: renamed from wlan0 (while UP)
[   20.586962] iwd[1044]: segfault at c ip 00007f62f718dc00 sp 00007fffa85e8628 error 4 in libc.so.6[a7c00,7f62f710e000+159000] likely on CPU 0 (core 0, socket 0)
[   20.586997] Code: f0 0f 11 07 0f 11 4c 17 f0 c3 83 fa 08 73 2b 83 fa 04 73 16 83 fa 01 7c 10 8a 0e 74 0a 0f b7 74 16 fe 66 89 74 17 fe 88 0f c3 <8b> 4c 16 fc 8b 36 89 4c 17 fc 89 37 c3 0f 1f 00 48 8b 4c 16 f8 48
[   20.654064] mt7921e 0000:03:00.0 wlp3s0: renamed from wlan0 (while UP)
[   21.658577] iwd[1050]: segfault at c ip 00007f13de24fc00 sp 00007ffcfa761d98 error 4 in libc.so.6[a7c00,7f13de1d0000+159000] likely on CPU 1 (core 1, socket 0)
[   21.658609] Code: f0 0f 11 07 0f 11 4c 17 f0 c3 83 fa 08 73 2b 83 fa 04 73 16 83 fa 01 7c 10 8a 0e 74 0a 0f b7 74 16 fe 66 89 74 17 fe 88 0f c3 <8b> 4c 16 fc 8b 36 89 4c 17 fc 89 37 c3 0f 1f 00 48 8b 4c 16 f8 48
[   21.729042] mt7921e 0000:03:00.0 wlp3s0: renamed from wlan0 (while UP)
[   22.735852] iwd[1058]: segfault at c ip 00007f1720097c00 sp 00007ffd789afe68 error 4 in libc.so.6[a7c00,7f1720018000+159000] likely on CPU 1 (core 1, socket 0)
[   22.735897] Code: f0 0f 11 07 0f 11 4c 17 f0 c3 83 fa 08 73 2b 83 fa 04 73 16 83 fa 01 7c 10 8a 0e 74 0a 0f b7 74 16 fe 66 89 74 17 fe 88 0f c3 <8b> 4c 16 fc 8b 36 89 4c 17 fc 89 37 c3 0f 1f 00 48 8b 4c 16 f8 48
[   22.810363] mt7921e 0000:03:00.0 wlp3s0: renamed from wlan0 (while UP)
[   23.827234] iwd[1064]: segfault at c ip 00007f4c7e36ac00 sp 00007ffd5fb2bd88 error 4 in libc.so.6[a7c00,7f4c7e2eb000+159000] likely on CPU 0 (core 0, socket 0)
[   23.827318] Code: f0 0f 11 07 0f 11 4c 17 f0 c3 83 fa 08 73 2b 83 fa 04 73 16 83 fa 01 7c 10 8a 0e 74 0a 0f b7 74 16 fe 66 89 74 17 fe 88 0f c3 <8b> 4c 16 fc 8b 36 89 4c 17 fc 89 37 c3 0f 1f 00 48 8b 4c 16 f8 48
[   23.896298] mt7921e 0000:03:00.0 wlp3s0: renamed from wlan0 (while UP)
[   24.900842] iwd[1070]: segfault at c ip 00007f3453dc4c00 sp 00007ffc54bfd928 error 4 in libc.so.6[a7c00,7f3453d45000+159000] likely on CPU 0 (core 0, socket 0)
[   24.900879] Code: f0 0f 11 07 0f 11 4c 17 f0 c3 83 fa 08 73 2b 83 fa 04 73 16 83 fa 01 7c 10 8a 0e 74 0a 0f b7 74 16 fe 66 89 74 17 fe 88 0f c3 <8b> 4c 16 fc 8b 36 89 4c 17 fc 89 37 c3 0f 1f 00 48 8b 4c 16 f8 48
[   24.963821] mt7921e 0000:03:00.0 wlp3s0: renamed from wlan0 (while UP)
[   25.973072] iwd[1076]: segfault at c ip 00007facb1c0ac00 sp 00007ffda5efeb08 error 4 in libc.so.6[a7c00,7facb1b8b000+159000] likely on CPU 0 (core 0, socket 0)
[   25.973109] Code: f0 0f 11 07 0f 11 4c 17 f0 c3 83 fa 08 73 2b 83 fa 04 73 16 83 fa 01 7c 10 8a 0e 74 0a 0f b7 74 16 fe 66 89 74 17 fe 88 0f c3 <8b> 4c 16 fc 8b 36 89 4c 17 fc 89 37 c3 0f 1f 00 48 8b 4c 16 f8 48
[   26.034996] mt7921e 0000:03:00.0 wlp3s0: renamed from wlan0 (while UP)
[   27.041519] iwd[1082]: segfault at c ip 00007f3bdc3f6c00 sp 00007ffe7276d7c8 error 4 in libc.so.6[a7c00,7f3bdc377000+159000] likely on CPU 0 (core 0, socket 0)
[   27.041556] Code: f0 0f 11 07 0f 11 4c 17 f0 c3 83 fa 08 73 2b 83 fa 04 73 16 83 fa 01 7c 10 8a 0e 74 0a 0f b7 74 16 fe 66 89 74 17 fe 88 0f c3 <8b> 4c 16 fc 8b 36 89 4c 17 fc 89 37 c3 0f 1f 00 48 8b 4c 16 f8 48
[   27.099404] mt7921e 0000:03:00.0 wlp3s0: renamed from wlan0 (while UP)
[   28.110845] iwd[1088]: segfault at c ip 00007f98340e1c00 sp 00007ffc9c882bc8 error 4 in libc.so.6[a7c00,7f9834062000+159000] likely on CPU 0 (core 0, socket 0)
[   28.110880] Code: f0 0f 11 07 0f 11 4c 17 f0 c3 83 fa 08 73 2b 83 fa 04 73 16 83 fa 01 7c 10 8a 0e 74 0a 0f b7 74 16 fe 66 89 74 17 fe 88 0f c3 <8b> 4c 16 fc 8b 36 89 4c 17 fc 89 37 c3 0f 1f 00 48 8b 4c 16 f8 48
[   28.174303] mt7921e 0000:03:00.0 wlp3s0: renamed from wlan0 (while UP)
[   29.188039] iwd[1094]: segfault at c ip 00007fcd22f21c00 sp 00007ffcd0f027d8 error 4 in libc.so.6[a7c00,7fcd22ea2000+159000] likely on CPU 1 (core 1, socket 0)
[   29.188074] Code: f0 0f 11 07 0f 11 4c 17 f0 c3 83 fa 08 73 2b 83 fa 04 73 16 83 fa 01 7c 10 8a 0e 74 0a 0f b7 74 16 fe 66 89 74 17 fe 88 0f c3 <8b> 4c 16 fc 8b 36 89 4c 17 fc 89 37 c3 0f 1f 00 48 8b 4c 16 f8 48
[   29.261855] mt7921e 0000:03:00.0 wlp3s0: renamed from wlan0 (while UP)
[   30.273663] iwd[1100]: segfault at c ip 00007f2f7a702c00 sp 00007ffc1cf9baf8 error 4 in libc.so.6[a7c00,7f2f7a683000+159000] likely on CPU 1 (core 1, socket 0)
[   30.273704] Code: f0 0f 11 07 0f 11 4c 17 f0 c3 83 fa 08 73 2b 83 fa 04 73 16 83 fa 01 7c 10 8a 0e 74 0a 0f b7 74 16 fe 66 89 74 17 fe 88 0f c3 <8b> 4c 16 fc 8b 36 89 4c 17 fc 89 37 c3 0f 1f 00 48 8b 4c 16 f8 48
[   30.347141] mt7921e 0000:03:00.0 wlp3s0: renamed from wlan0 (while UP)
[   31.355637] iwd[1106]: segfault at c ip 00007f7c59c7bc00 sp 00007ffdd820fd58 error 4 in libc.so.6[a7c00,7f7c59bfc000+159000] likely on CPU 0 (core 0, socket 0)
[   31.355677] Code: f0 0f 11 07 0f 11 4c 17 f0 c3 83 fa 08 73 2b 83 fa 04 73 16 83 fa 01 7c 10 8a 0e 74 0a 0f b7 74 16 fe 66 89 74 17 fe 88 0f c3 <8b> 4c 16 fc 8b 36 89 4c 17 fc 89 37 c3 0f 1f 00 48 8b 4c 16 f8 48
[   31.418781] mt7921e 0000:03:00.0 wlp3s0: renamed from wlan0 (while UP)
[   32.425253] iwd[1112]: segfault at c ip 00007fc39ceb2c00 sp 00007ffc29cf74d8 error 4 in libc.so.6[a7c00,7fc39ce33000+159000] likely on CPU 1 (core 1, socket 0)
[   32.425325] Code: f0 0f 11 07 0f 11 4c 17 f0 c3 83 fa 08 73 2b 83 fa 04 73 16 83 fa 01 7c 10 8a 0e 74 0a 0f b7 74 16 fe 66 89 74 17 fe 88 0f c3 <8b> 4c 16 fc 8b 36 89 4c 17 fc 89 37 c3 0f 1f 00 48 8b 4c 16 f8 48
[   32.485949] mt7921e 0000:03:00.0 wlp3s0: renamed from wlan0 (while UP)
